2026-02-02T13:51:33.358602343Z [inf]  	at org.springframework.boot.web.servlet.context.ServletWebServerApplicationContext.selfInitialize(ServletWebServerApplicationContext.java:245) ~[spring-boot-3.4.8.jar!/:3.4.8]
2026-02-02T13:51:33.358608574Z [inf]  	at org.springframework.boot.web.embedded.tomcat.TomcatStarter.onStartup(TomcatStarter.java:52) ~[spring-boot-3.4.8.jar!/:3.4.8]
2026-02-02T13:51:33.358614552Z [inf]  	at org.apache.catalina.core.StandardContext.startInternal(StandardContext.java:4464) ~[tomcat-embed-core-10.1.43.jar!/:na]
2026-02-02T13:51:33.358620232Z [inf]  	at org.apache.catalina.util.LifecycleBase.start(LifecycleBase.java:164) ~[tomcat-embed-core-10.1.43.jar!/:na]
2026-02-02T13:51:33.358626547Z [inf]  	at org.apache.catalina.core.ContainerBase$StartChild.call(ContainerBase.java:1203) ~[tomcat-embed-core-10.1.43.jar!/:na]
2026-02-02T13:51:33.358633083Z [inf]  	at org.apache.catalina.core.ContainerBase$StartChild.call(ContainerBase.java:1193) ~[tomcat-embed-core-10.1.43.jar!/:na]
2026-02-02T13:51:33.358639641Z [inf]  	at java.base/java.util.concurrent.FutureTask.run(FutureTask.java:317) ~[na:na]
2026-02-02T13:51:33.358649071Z [inf]  	at org.apache.tomcat.util.threads.InlineExecutorService.execute(InlineExecutorService.java:75) ~[tomcat-embed-core-10.1.43.jar!/:na]
2026-02-02T13:51:33.358655934Z [inf]  	at java.base/java.util.concurrent.AbstractExecutorService.submit(AbstractExecutorService.java:145) ~[na:na]
2026-02-02T13:51:33.360530449Z [inf]  	at java.base/java.util.concurrent.FutureTask.run(FutureTask.java:317) ~[na:na]
2026-02-02T13:51:33.360535655Z [inf]  	at org.apache.catalina.core.ContainerBase.startInternal(ContainerBase.java:749) ~[tomcat-embed-core-10.1.43.jar!/:na]
2026-02-02T13:51:33.360538773Z [inf]  	at org.apache.tomcat.util.threads.InlineExecutorService.execute(InlineExecutorService.java:75) ~[tomcat-embed-core-10.1.43.jar!/:na]
2026-02-02T13:51:33.360543593Z [inf]  	at org.apache.catalina.core.StandardHost.startInternal(StandardHost.java:772) ~[tomcat-embed-core-10.1.43.jar!/:na]
2026-02-02T13:51:33.360547573Z [inf]  	at java.base/java.util.concurrent.AbstractExecutorService.submit(AbstractExecutorService.java:145) ~[na:na]
2026-02-02T13:51:33.360550588Z [inf]  	at org.apache.catalina.util.LifecycleBase.start(LifecycleBase.java:164) ~[tomcat-embed-core-10.1.43.jar!/:na]
2026-02-02T13:51:33.360556087Z [inf]  	at org.apache.catalina.core.ContainerBase$StartChild.call(ContainerBase.java:1203) ~[tomcat-embed-core-10.1.43.jar!/:na]
2026-02-02T13:51:33.360557168Z [inf]  	at org.apache.catalina.core.ContainerBase.startInternal(ContainerBase.java:749) ~[tomcat-embed-core-10.1.43.jar!/:na]
2026-02-02T13:51:33.360561782Z [inf]  	at org.apache.catalina.core.ContainerBase$StartChild.call(ContainerBase.java:1193) ~[tomcat-embed-core-10.1.43.jar!/:na]
2026-02-02T13:51:33.360564754Z [inf]  	at org.apache.catalina.core.StandardEngine.startInternal(StandardEngine.java:203) ~[tomcat-embed-core-10.1.43.jar!/:na]
2026-02-02T13:51:33.360571433Z [inf]  	at org.apache.catalina.util.LifecycleBase.start(LifecycleBase.java:164) ~[tomcat-embed-core-10.1.43.jar!/:na]
2026-02-02T13:51:33.360577207Z [inf]  	at org.apache.catalina.core.StandardService.startInternal(StandardService.java:412) ~[tomcat-embed-core-10.1.43.jar!/:na]
2026-02-02T13:51:33.360583405Z [inf]  	at org.apache.catalina.util.LifecycleBase.start(LifecycleBase.java:164) ~[tomcat-embed-core-10.1.43.jar!/:na]
2026-02-02T13:51:33.362665657Z [inf]  	at org.apache.catalina.core.StandardServer.startInternal(StandardServer.java:870) ~[tomcat-embed-core-10.1.43.jar!/:na]
2026-02-02T13:51:33.362676943Z [inf]  	at org.apache.catalina.util.LifecycleBase.start(LifecycleBase.java:164) ~[tomcat-embed-core-10.1.43.jar!/:na]
2026-02-02T13:51:33.362682116Z [inf]  	at org.apache.catalina.startup.Tomcat.start(Tomcat.java:438) ~[tomcat-embed-core-10.1.43.jar!/:na]
2026-02-02T13:51:33.362686810Z [inf]  	at org.springframework.boot.web.embedded.tomcat.TomcatWebServer.initialize(TomcatWebServer.java:128) ~[spring-boot-3.4.8.jar!/:3.4.8]
2026-02-02T13:51:33.362691235Z [inf]  	... 18 common frames omitted
2026-02-02T13:51:33.362698966Z [inf]  Caused by: org.springframework.beans.factory.UnsatisfiedDependencyException: Error creating bean with name 'customUserDetailsService' defined in URL [jar:nested:/app/app.jar/!BOOT-INF/classes/!/jazz/cosplay_store/service/CustomUserDetailsService.class]: Unsatisfied dependency expressed through constructor parameter 0: Error creating bean with name 'userRepository' defined in jazz.cosplay_store.repository.UserRepository defined in @EnableJpaRepositories declared on JpaRepositoriesRegistrar.EnableJpaRepositoriesConfiguration: Cannot resolve reference to bean 'jpaSharedEM_entityManagerFactory' while setting bean property 'entityManager'
2026-02-02T13:51:33.362703629Z [inf]  	at org.springframework.beans.factory.support.ConstructorResolver.createArgumentArray(ConstructorResolver.java:804) ~[spring-beans-6.2.9.jar!/:6.2.9]
2026-02-02T13:51:33.362709856Z [inf]  	at org.springframework.beans.factory.support.ConstructorResolver.autowireConstructor(ConstructorResolver.java:240) ~[spring-beans-6.2.9.jar!/:6.2.9]
2026-02-02T13:51:33.362714318Z [inf]  	at org.springframework.beans.factory.support.AbstractAutowireCapableBeanFactory.autowireConstructor(AbstractAutowireCapableBeanFactory.java:1395) ~[spring-beans-6.2.9.jar!/:6.2.9]
2026-02-02T13:51:33.362719582Z [inf]  	at org.springframework.beans.factory.support.AbstractAutowireCapableBeanFactory.createBeanInstance(AbstractAutowireCapableBeanFactory.java:1232) ~[spring-beans-6.2.9.jar!/:6.2.9]
2026-02-02T13:51:33.364646877Z [inf]  	at org.springframework.beans.factory.support.AbstractAutowireCapableBeanFactory.doCreateBean(AbstractAutowireCapableBeanFactory.java:569) ~[spring-beans-6.2.9.jar!/:6.2.9]
2026-02-02T13:51:33.364656272Z [inf]  	at org.springframework.beans.factory.support.ConstructorResolver.resolveAutowiredArgument(ConstructorResolver.java:913) ~[spring-beans-6.2.9.jar!/:6.2.9]
2026-02-02T13:51:33.364657152Z [inf]  	at org.springframework.beans.factory.support.AbstractAutowireCapableBeanFactory.createBean(AbstractAutowireCapableBeanFactory.java:529) ~[spring-beans-6.2.9.jar!/:6.2.9]
2026-02-02T13:51:33.364664357Z [inf]  	at org.springframework.beans.factory.support.AbstractBeanFactory.lambda$doGetBean$0(AbstractBeanFactory.java:339) ~[spring-beans-6.2.9.jar!/:6.2.9]
2026-02-02T13:51:33.364672289Z [inf]  	at org.springframework.beans.factory.support.DefaultSingletonBeanRegistry.getSingleton(DefaultSingletonBeanRegistry.java:373) ~[spring-beans-6.2.9.jar!/:6.2.9]
2026-02-02T13:51:33.364674375Z [inf]  	at org.springframework.beans.factory.support.ConstructorResolver.createArgumentArray(ConstructorResolver.java:791) ~[spring-beans-6.2.9.jar!/:6.2.9]
2026-02-02T13:51:33.364680173Z [inf]  	at org.springframework.beans.factory.support.AbstractBeanFactory.doGetBean(AbstractBeanFactory.java:337) ~[spring-beans-6.2.9.jar!/:6.2.9]
2026-02-02T13:51:33.364687314Z [inf]  	at org.springframework.beans.factory.support.AbstractBeanFactory.getBean(AbstractBeanFactory.java:202) ~[spring-beans-6.2.9.jar!/:6.2.9]
2026-02-02T13:51:33.364695443Z [inf]  	at org.springframework.beans.factory.config.DependencyDescriptor.resolveCandidate(DependencyDescriptor.java:254) ~[spring-beans-6.2.9.jar!/:6.2.9]
2026-02-02T13:51:33.364701838Z [inf]  	at org.springframework.beans.factory.support.DefaultListableBeanFactory.doResolveDependency(DefaultListableBeanFactory.java:1745) ~[spring-beans-6.2.9.jar!/:6.2.9]
2026-02-02T13:51:33.364768237Z [inf]  	at org.springframework.beans.factory.support.DefaultListableBeanFactory.resolveDependency(DefaultListableBeanFactory.java:1628) ~[spring-beans-6.2.9.jar!/:6.2.9]
2026-02-02T13:51:33.366251541Z [inf]  	at org.springframework.beans.factory.support.AbstractAutowireCapableBeanFactory.populateBean(AbstractAutowireCapableBeanFactory.java:1474) ~[spring-beans-6.2.9.jar!/:6.2.9]
2026-02-02T13:51:33.366256321Z [inf]  	... 59 common frames omitted
2026-02-02T13:51:33.366261725Z [inf]  	at org.springframework.beans.factory.support.AbstractAutowireCapableBeanFactory.doCreateBean(AbstractAutowireCapableBeanFactory.java:606) ~[spring-beans-6.2.9.jar!/:6.2.9]
2026-02-02T13:51:33.366266543Z [inf]  Caused by: org.springframework.beans.factory.BeanCreationException: Error creating bean with name 'userRepository' defined in jazz.cosplay_store.repository.UserRepository defined in @EnableJpaRepositories declared on JpaRepositoriesRegistrar.EnableJpaRepositoriesConfiguration: Cannot resolve reference to bean 'jpaSharedEM_entityManagerFactory' while setting bean property 'entityManager'
2026-02-02T13:51:33.366269688Z [inf]  	at org.springframework.beans.factory.support.AbstractAutowireCapableBeanFactory.createBean(AbstractAutowireCapableBeanFactory.java:529) ~[spring-beans-6.2.9.jar!/:6.2.9]
2026-02-02T13:51:33.366273754Z [inf]  	at org.springframework.beans.factory.support.BeanDefinitionValueResolver.resolveReference(BeanDefinitionValueResolver.java:377) ~[spring-beans-6.2.9.jar!/:6.2.9]
2026-02-02T13:51:33.366278419Z [inf]  	at org.springframework.beans.factory.support.AbstractBeanFactory.lambda$doGetBean$0(AbstractBeanFactory.java:339) ~[spring-beans-6.2.9.jar!/:6.2.9]
2026-02-02T13:51:33.366280759Z [inf]  	at org.springframework.beans.factory.support.BeanDefinitionValueResolver.resolveValueIfNecessary(BeanDefinitionValueResolver.java:135) ~[spring-beans-6.2.9.jar!/:6.2.9]
2026-02-02T13:51:33.366286831Z [inf]  	at org.springframework.beans.factory.support.DefaultSingletonBeanRegistry.getSingleton(DefaultSingletonBeanRegistry.java:373) ~[spring-beans-6.2.9.jar!/:6.2.9]
2026-02-02T13:51:33.366286946Z [inf]  	at org.springframework.beans.factory.support.AbstractAutowireCapableBeanFactory.applyPropertyValues(AbstractAutowireCapableBeanFactory.java:1725) ~[spring-beans-6.2.9.jar!/:6.2.9]
2026-02-02T13:51:33.367950445Z [inf]  	at org.springframework.beans.factory.support.BeanDefinitionValueResolver.resolveValueIfNecessary(BeanDefinitionValueResolver.java:135) ~[spring-beans-6.2.9.jar!/:6.2.9]
2026-02-02T13:51:33.367953594Z [inf]  	at org.springframework.beans.factory.support.AbstractBeanFactory.doGetBean(AbstractBeanFactory.java:337) ~[spring-beans-6.2.9.jar!/:6.2.9]
2026-02-02T13:51:33.367960595Z [inf]  	at org.springframework.beans.factory.support.ConstructorResolver.resolveConstructorArguments(ConstructorResolver.java:691) ~[spring-beans-6.2.9.jar!/:6.2.9]
2026-02-02T13:51:33.367962668Z [inf]  	at org.springframework.beans.factory.support.AbstractBeanFactory.getBean(AbstractBeanFactory.java:202) ~[spring-beans-6.2.9.jar!/:6.2.9]
2026-02-02T13:51:33.367968828Z [inf]  	at org.springframework.beans.factory.support.DefaultListableBeanFactory.doResolveDependency(DefaultListableBeanFactory.java:1683) ~[spring-beans-6.2.9.jar!/:6.2.9]
2026-02-02T13:51:33.367974412Z [inf]  	at org.springframework.beans.factory.support.DefaultListableBeanFactory.resolveDependency(DefaultListableBeanFactory.java:1628) ~[spring-beans-6.2.9.jar!/:6.2.9]
2026-02-02T13:51:33.367980127Z [inf]  	at org.springframework.beans.factory.support.ConstructorResolver.resolveAutowiredArgument(ConstructorResolver.java:913) ~[spring-beans-6.2.9.jar!/:6.2.9]
2026-02-02T13:51:33.367988331Z [inf]  	at org.springframework.beans.factory.support.ConstructorResolver.createArgumentArray(ConstructorResolver.java:791) ~[spring-beans-6.2.9.jar!/:6.2.9]
2026-02-02T13:51:33.367994218Z [inf]  	... 73 common frames omitted
2026-02-02T13:51:33.367999708Z [inf]  Caused by: org.springframework.beans.factory.BeanCreationException: Error creating bean with name 'jpaSharedEM_entityManagerFactory': Cannot resolve reference to bean 'entityManagerFactory' while setting constructor argument
2026-02-02T13:51:33.368005095Z [inf]  	at org.springframework.beans.factory.support.BeanDefinitionValueResolver.resolveReference(BeanDefinitionValueResolver.java:377) ~[spring-beans-6.2.9.jar!/:6.2.9]
2026-02-02T13:51:33.369842680Z [inf]  	at org.springframework.beans.factory.support.AbstractBeanFactory.lambda$doGetBean$0(AbstractBeanFactory.java:339) ~[spring-beans-6.2.9.jar!/:6.2.9]
2026-02-02T13:51:33.369851253Z [inf]  	at org.springframework.beans.factory.support.DefaultSingletonBeanRegistry.getSingleton(DefaultSingletonBeanRegistry.java:373) ~[spring-beans-6.2.9.jar!/:6.2.9]
2026-02-02T13:51:33.369851772Z [inf]  	at org.springframework.beans.factory.support.ConstructorResolver.instantiateUsingFactoryMethod(ConstructorResolver.java:513) ~[spring-beans-6.2.9.jar!/:6.2.9]
2026-02-02T13:51:33.369859506Z [inf]  	at org.springframework.beans.factory.support.AbstractBeanFactory.doGetBean(AbstractBeanFactory.java:337) ~[spring-beans-6.2.9.jar!/:6.2.9]
2026-02-02T13:51:33.369862724Z [inf]  	at org.springframework.beans.factory.support.AbstractAutowireCapableBeanFactory.instantiateUsingFactoryMethod(AbstractAutowireCapableBeanFactory.java:1375) ~[spring-beans-6.2.9.jar!/:6.2.9]
2026-02-02T13:51:33.369866928Z [inf]  	at org.springframework.beans.factory.support.AbstractBeanFactory.getBean(AbstractBeanFactory.java:202) ~[spring-beans-6.2.9.jar!/:6.2.9]
2026-02-02T13:51:33.369871542Z [inf]  	at org.springframework.beans.factory.support.AbstractAutowireCapableBeanFactory.createBeanInstance(AbstractAutowireCapableBeanFactory.java:1205) ~[spring-beans-6.2.9.jar!/:6.2.9]
2026-02-02T13:51:33.369874781Z [inf]  	at org.springframework.beans.factory.support.BeanDefinitionValueResolver.resolveReference(BeanDefinitionValueResolver.java:365) ~[spring-beans-6.2.9.jar!/:6.2.9]
2026-02-02T13:51:33.369879076Z [inf]  	at org.springframework.beans.factory.support.AbstractAutowireCapableBeanFactory.doCreateBean(AbstractAutowireCapableBeanFactory.java:569) ~[spring-beans-6.2.9.jar!/:6.2.9]
2026-02-02T13:51:33.369884479Z [inf]  	at org.springframework.beans.factory.support.AbstractAutowireCapableBeanFactory.createBean(AbstractAutowireCapableBeanFactory.java:529) ~[spring-beans-6.2.9.jar!/:6.2.9]
2026-02-02T13:51:33.372068861Z [inf]  	... 86 common frames omitted
2026-02-02T13:51:33.372077671Z [inf]  Caused by: org.springframework.beans.factory.BeanCreationException: Error creating bean with name 'entityManagerFactory' defined in class path resource [org/springframework/boot/autoconfigure/orm/jpa/HibernateJpaConfiguration.class]: [PersistenceUnit: default] Unable to build Hibernate SessionFactory; nested exception is org.hibernate.exception.JDBCConnectionException: Unable to open JDBC Connection for DDL execution [Cannot load connection class because of underlying exception: com.mysql.cj.exceptions.WrongArgumentException: Malformed database URL, failed to parse the main URL sections.] [n/a]
2026-02-02T13:51:33.372084145Z [inf]  	at org.springframework.beans.factory.support.AbstractAutowireCapableBeanFactory.initializeBean(AbstractAutowireCapableBeanFactory.java:1826) ~[spring-beans-6.2.9.jar!/:6.2.9]
2026-02-02T13:51:33.372089723Z [inf]  	at org.springframework.beans.factory.support.AbstractAutowireCapableBeanFactory.doCreateBean(AbstractAutowireCapableBeanFactory.java:607) ~[spring-beans-6.2.9.jar!/:6.2.9]
2026-02-02T13:51:33.372095686Z [inf]  	at org.springframework.beans.factory.support.AbstractAutowireCapableBeanFactory.createBean(AbstractAutowireCapableBeanFactory.java:529) ~[spring-beans-6.2.9.jar!/:6.2.9]
2026-02-02T13:51:33.372101363Z [inf]  	at org.springframework.beans.factory.support.AbstractBeanFactory.lambda$doGetBean$0(AbstractBeanFactory.java:339) ~[spring-beans-6.2.9.jar!/:6.2.9]
2026-02-02T13:51:33.372106900Z [inf]  	at org.springframework.beans.factory.support.DefaultSingletonBeanRegistry.getSingleton(DefaultSingletonBeanRegistry.java:373) ~[spring-beans-6.2.9.jar!/:6.2.9]
2026-02-02T13:51:33.372112596Z [inf]  	at org.springframework.beans.factory.support.AbstractBeanFactory.doGetBean(AbstractBeanFactory.java:337) ~[spring-beans-6.2.9.jar!/:6.2.9]
2026-02-02T13:51:33.372118120Z [inf]  	at org.springframework.beans.factory.support.AbstractBeanFactory.getBean(AbstractBeanFactory.java:202) ~[spring-beans-6.2.9.jar!/:6.2.9]
2026-02-02T13:51:33.373757078Z [inf]  	at org.springframework.beans.factory.support.BeanDefinitionValueResolver.resolveReference(BeanDefinitionValueResolver.java:365) ~[spring-beans-6.2.9.jar!/:6.2.9]
2026-02-02T13:51:33.373765187Z [inf]  	... 98 common frames omitted
2026-02-02T13:51:33.373770728Z [inf]  Caused by: jakarta.persistence.PersistenceException: [PersistenceUnit: default] Unable to build Hibernate SessionFactory; nested exception is org.hibernate.exception.JDBCConnectionException: Unable to open JDBC Connection for DDL execution [Cannot load connection class because of underlying exception: com.mysql.cj.exceptions.WrongArgumentException: Malformed database URL, failed to parse the main URL sections.] [n/a]
2026-02-02T13:51:33.373775051Z [inf]  	at org.springframework.orm.jpa.AbstractEntityManagerFactoryBean.buildNativeEntityManagerFactory(AbstractEntityManagerFactoryBean.java:431) ~[spring-orm-6.2.9.jar!/:6.2.9]
2026-02-02T13:51:33.373779869Z [inf]  	at org.springframework.orm.jpa.AbstractEntityManagerFactoryBean.afterPropertiesSet(AbstractEntityManagerFactoryBean.java:400) ~[spring-orm-6.2.9.jar!/:6.2.9]
2026-02-02T13:51:33.373785282Z [inf]  	at org.springframework.orm.jpa.LocalContainerEntityManagerFactoryBean.afterPropertiesSet(LocalContainerEntityManagerFactoryBean.java:366) ~[spring-orm-6.2.9.jar!/:6.2.9]
2026-02-02T13:51:33.373790500Z [inf]  	at org.springframework.beans.factory.support.AbstractAutowireCapableBeanFactory.invokeInitMethods(AbstractAutowireCapableBeanFactory.java:1873) ~[spring-beans-6.2.9.jar!/:6.2.9]
2026-02-02T13:51:33.373795128Z [inf]  	at org.springframework.beans.factory.support.AbstractAutowireCapableBeanFactory.initializeBean(AbstractAutowireCapableBeanFactory.java:1822) ~[spring-beans-6.2.9.jar!/:6.2.9]
2026-02-02T13:51:33.373800041Z [inf]  	... 105 common frames omitted
2026-02-02T13:51:33.373806502Z [inf]  Caused by: org.hibernate.exception.JDBCConnectionException: Unable to open JDBC Connection for DDL execution [Cannot load connection class because of underlying exception: com.mysql.cj.exceptions.WrongArgumentException: Malformed database URL, failed to parse the main URL sections.] [n/a]
2026-02-02T13:51:33.375313731Z [inf]  	at org.hibernate.tool.schema.internal.exec.ImprovedExtractionContextImpl.getJdbcConnection(ImprovedExtractionContextImpl.java:63) ~[hibernate-core-6.6.22.Final.jar!/:6.6.22.Final]
2026-02-02T13:51:33.375318793Z [inf]  	at org.hibernate.tool.schema.internal.exec.ImprovedExtractionContextImpl.getJdbcDatabaseMetaData(ImprovedExtractionContextImpl.java:70) ~[hibernate-core-6.6.22.Final.jar!/:6.6.22.Final]
2026-02-02T13:51:33.375323903Z [inf]  	at org.hibernate.tool.schema.extract.internal.InformationExtractorJdbcDatabaseMetaDataImpl.processTableResultSet(InformationExtractorJdbcDatabaseMetaDataImpl.java:65) ~[hibernate-core-6.6.22.Final.jar!/:6.6.22.Final]
2026-02-02T13:51:33.375330013Z [inf]  	at org.hibernate.tool.schema.extract.internal.AbstractInformationExtractorImpl.getTables(AbstractInformationExtractorImpl.java:570) ~[hibernate-core-6.6.22.Final.jar!/:6.6.22.Final]
2026-02-02T13:51:33.375333357Z [inf]  	at org.hibernate.exception.internal.SQLExceptionTypeDelegate.convert(SQLExceptionTypeDelegate.java:51) ~[hibernate-core-6.6.22.Final.jar!/:6.6.22.Final]
2026-02-02T13:51:33.375340007Z [inf]  	at org.hibernate.exception.internal.StandardSQLExceptionConverter.convert(StandardSQLExceptionConverter.java:58) ~[hibernate-core-6.6.22.Final.jar!/:6.6.22.Final]
2026-02-02T13:51:33.375344612Z [inf]  	at org.hibernate.engine.jdbc.spi.SqlExceptionHelper.convert(SqlExceptionHelper.java:108) ~[hibernate-core-6.6.22.Final.jar!/:6.6.22.Final]
2026-02-02T13:51:33.375348421Z [inf]  	at org.hibernate.engine.jdbc.spi.SqlExceptionHelper.convert(SqlExceptionHelper.java:94) ~[hibernate-core-6.6.22.Final.jar!/:6.6.22.Final]
2026-02-02T13:51:33.375353658Z [inf]  	at org.hibernate.resource.transaction.backend.jdbc.internal.DdlTransactionIsolatorNonJtaImpl.getIsolatedConnection(DdlTransactionIsolatorNonJtaImpl.java:74) ~[hibernate-core-6.6.22.Final.jar!/:6.6.22.Final]
2026-02-02T13:51:33.375381002Z [inf]  	at org.hibernate.resource.transaction.backend.jdbc.internal.DdlTransactionIsolatorNonJtaImpl.getIsolatedConnection(DdlTransactionIsolatorNonJtaImpl.java:39) ~[hibernate-core-6.6.22.Final.jar!/:6.6.22.Final]
2026-02-02T13:51:33.377112157Z [inf]  	at org.hibernate.tool.schema.extract.internal.DatabaseInformationImpl.getTablesInformation(DatabaseInformationImpl.java:122) ~[hibernate-core-6.6.22.Final.jar!/:6.6.22.Final]
2026-02-02T13:51:33.377120671Z [inf]  	at org.hibernate.tool.schema.internal.GroupedSchemaMigratorImpl.performTablesMigration(GroupedSchemaMigratorImpl.java:72) ~[hibernate-core-6.6.22.Final.jar!/:6.6.22.Final]
2026-02-02T13:51:33.377127309Z [inf]  	at org.hibernate.tool.schema.internal.AbstractSchemaMigrator.performMigration(AbstractSchemaMigrator.java:233) ~[hibernate-core-6.6.22.Final.jar!/:6.6.22.Final]
2026-02-02T13:51:33.377135616Z [inf]  	at org.hibernate.tool.schema.internal.AbstractSchemaMigrator.doMigration(AbstractSchemaMigrator.java:112) ~[hibernate-core-6.6.22.Final.jar!/:6.6.22.Final]
2026-02-02T13:51:33.377141674Z [inf]  	at org.hibernate.tool.schema.spi.SchemaManagementToolCoordinator.performDatabaseAction(SchemaManagementToolCoordinator.java:280) ~[hibernate-core-6.6.22.Final.jar!/:6.6.22.Final]
2026-02-02T13:51:33.377147686Z [inf]  	at org.hibernate.tool.schema.spi.SchemaManagementToolCoordinator.lambda$process$5(SchemaManagementToolCoordinator.java:144) ~[hibernate-core-6.6.22.Final.jar!/:6.6.22.Final]
2026-02-02T13:51:33.377153816Z [inf]  	at java.base/java.util.HashMap.forEach(HashMap.java:1429) ~[na:na]
2026-02-02T13:51:33.377160126Z [inf]  	at org.hibernate.tool.schema.spi.SchemaManagementToolCoordinator.process(SchemaManagementToolCoordinator.java:141) ~[hibernate-core-6.6.22.Final.jar!/:6.6.22.Final]
2026-02-02T13:51:33.377165691Z [inf]  	at org.hibernate.boot.internal.SessionFactoryObserverForSchemaExport.sessionFactoryCreated(SessionFactoryObserverForSchemaExport.java:37) ~[hibernate-core-6.6.22.Final.jar!/:6.6.22.Final]
2026-02-02T13:51:33.377172213Z [inf]  	at org.hibernate.internal.SessionFactoryObserverChain.sessionFactoryCreated(SessionFactoryObserverChain.java:35) ~[hibernate-core-6.6.22.Final.jar!/:6.6.22.Final]
2026-02-02T13:51:33.379255191Z [inf]  	at org.hibernate.internal.SessionFactoryImpl.<init>(SessionFactoryImpl.java:324) ~[hibernate-core-6.6.22.Final.jar!/:6.6.22.Final]
2026-02-02T13:51:33.379265551Z [inf]  	at org.hibernate.boot.internal.SessionFactoryBuilderImpl.build(SessionFactoryBuilderImpl.java:463) ~[hibernate-core-6.6.22.Final.jar!/:6.6.22.Final]
2026-02-02T13:51:33.379273040Z [inf]  	at org.hibernate.jpa.boot.internal.EntityManagerFactoryBuilderImpl.build(EntityManagerFactoryBuilderImpl.java:1517) ~[hibernate-core-6.6.22.Final.jar!/:6.6.22.Final]
2026-02-02T13:51:33.379279456Z [inf]  	at org.springframework.orm.jpa.vendor.SpringHibernateJpaPersistenceProvider.createContainerEntityManagerFactory(SpringHibernateJpaPersistenceProvider.java:66) ~[spring-orm-6.2.9.jar!/:6.2.9]
2026-02-02T13:51:33.379287176Z [inf]  	at org.springframework.orm.jpa.LocalContainerEntityManagerFactoryBean.createNativeEntityManagerFactory(LocalContainerEntityManagerFactoryBean.java:390) ~[spring-orm-6.2.9.jar!/:6.2.9]
2026-02-02T13:51:33.379293770Z [inf]  	at org.springframework.orm.jpa.AbstractEntityManagerFactoryBean.buildNativeEntityManagerFactory(AbstractEntityManagerFactoryBean.java:419) ~[spring-orm-6.2.9.jar!/:6.2.9]
2026-02-02T13:51:33.379299608Z [inf]  	... 109 common frames omitted
2026-02-02T13:51:33.379304595Z [inf]  Caused by: java.sql.SQLNonTransientConnectionException: Cannot load connection class because of underlying exception: com.mysql.cj.exceptions.WrongArgumentException: Malformed database URL, failed to parse the main URL sections.
2026-02-02T13:51:33.379309354Z [inf]  	at com.mysql.cj.jdbc.exceptions.SQLError.createSQLException(SQLError.java:102) ~[mysql-connector-j-9.3.0.jar!/:9.3.0]
2026-02-02T13:51:33.379316003Z [inf]  	at com.mysql.cj.jdbc.exceptions.SQLError.createSQLException(SQLError.java:89) ~[mysql-connector-j-9.3.0.jar!/:9.3.0]
2026-02-02T13:51:33.379322114Z [inf]  	at com.mysql.cj.jdbc.exceptions.SQLError.createSQLException(SQLError.java:81) ~[mysql-connector-j-9.3.0.jar!/:9.3.0]
2026-02-02T13:51:33.386507834Z [inf]  	at com.mysql.cj.jdbc.exceptions.SQLError.createSQLException(SQLError.java:55) ~[mysql-connector-j-9.3.0.jar!/:9.3.0]
2026-02-02T13:51:33.386519298Z [inf]  	at com.mysql.cj.jdbc.exceptions.SQLError.createSQLException(SQLError.java:65) ~[mysql-connector-j-9.3.0.jar!/:9.3.0]
2026-02-02T13:51:33.386528496Z [inf]  	at com.mysql.cj.jdbc.exceptions.SQLExceptionsMapping.translateException(SQLExceptionsMapping.java:70) ~[mysql-connector-j-9.3.0.jar!/:9.3.0]
2026-02-02T13:51:33.386534786Z [inf]  	at com.mysql.cj.jdbc.exceptions.SQLExceptionsMapping.translateException(SQLExceptionsMapping.java:123) ~[mysql-connector-j-9.3.0.jar!/:9.3.0]
2026-02-02T13:51:33.386540595Z [inf]  	at com.mysql.cj.jdbc.NonRegisteringDriver.connect(NonRegisteringDriver.java:203) ~[mysql-connector-j-9.3.0.jar!/:9.3.0]
2026-02-02T13:51:33.386546686Z [inf]  	at com.zaxxer.hikari.util.DriverDataSource.getConnection(DriverDataSource.java:137) ~[HikariCP-5.1.0.jar!/:na]
2026-02-02T13:51:33.386552397Z [inf]  	at com.zaxxer.hikari.pool.PoolBase.newConnection(PoolBase.java:360) ~[HikariCP-5.1.0.jar!/:na]
2026-02-02T13:51:33.386559643Z [inf]  	at com.zaxxer.hikari.pool.PoolBase.newPoolEntry(PoolBase.java:202) ~[HikariCP-5.1.0.jar!/:na]
2026-02-02T13:51:33.386566316Z [inf]  	at com.zaxxer.hikari.pool.HikariPool.createPoolEntry(HikariPool.java:461) ~[HikariCP-5.1.0.jar!/:na]
2026-02-02T13:51:33.386576766Z [inf]  	at com.zaxxer.hikari.pool.HikariPool.checkFailFast(HikariPool.java:550) ~[HikariCP-5.1.0.jar!/:na]
2026-02-02T13:51:33.386587684Z [inf]  	at com.zaxxer.hikari.pool.HikariPool.<init>(HikariPool.java:98) ~[HikariCP-5.1.0.jar!/:na]
2026-02-02T13:51:33.386594002Z [inf]  	at com.zaxxer.hikari.HikariDataSource.getConnection(HikariDataSource.java:111) ~[HikariCP-5.1.0.jar!/:na]
2026-02-02T13:51:33.386599620Z [inf]  	at org.hibernate.engine.jdbc.connections.internal.DatasourceConnectionProviderImpl.getConnection(DatasourceConnectionProviderImpl.java:126) ~[hibernate-core-6.6.22.Final.jar!/:6.6.22.Final]
2026-02-02T13:51:33.389163319Z [inf]  	at java.base/jdk.internal.reflect.DirectConstructorHandleAccessor.newInstance(DirectConstructorHandleAccessor.java:62) ~[na:na]
2026-02-02T13:51:33.389179455Z [inf]  	at org.hibernate.engine.jdbc.env.internal.JdbcEnvironmentInitiator$ConnectionProviderJdbcConnectionAccess.obtainConnection(JdbcEnvironmentInitiator.java:483) ~[hibernate-core-6.6.22.Final.jar!/:6.6.22.Final]
2026-02-02T13:51:33.389188503Z [inf]  	at org.hibernate.resource.transaction.backend.jdbc.internal.DdlTransactionIsolatorNonJtaImpl.getIsolatedConnection(DdlTransactionIsolatorNonJtaImpl.java:46) ~[hibernate-core-6.6.22.Final.jar!/:6.6.22.Final]
2026-02-02T13:51:33.389194423Z [inf]  	... 130 common frames omitted
2026-02-02T13:51:33.389199939Z [inf]  Caused by: com.mysql.cj.exceptions.UnableToConnectException: Cannot load connection class because of underlying exception: com.mysql.cj.exceptions.WrongArgumentException: Malformed database URL, failed to parse the main URL sections.
2026-02-02T13:51:33.389205034Z [inf]  	at java.base/jdk.internal.reflect.DirectConstructorHandleAccessor.newInstance(DirectConstructorHandleAccessor.java:62) ~[na:na]
2026-02-02T13:51:33.389211258Z [inf]  	at java.base/java.lang.reflect.Constructor.newInstanceWithCaller(Constructor.java:502) ~[na:na]
2026-02-02T13:51:33.389218588Z [inf]  	at java.base/java.lang.reflect.Constructor.newInstance(Constructor.java:486) ~[na:na]
2026-02-02T13:51:33.389224942Z [inf]  	at com.mysql.cj.exceptions.ExceptionFactory.createException(ExceptionFactory.java:52) ~[mysql-connector-j-9.3.0.jar!/:9.3.0]
2026-02-02T13:51:33.389230402Z [inf]  	at com.mysql.cj.exceptions.ExceptionFactory.createException(ExceptionFactory.java:95) ~[mysql-connector-j-9.3.0.jar!/:9.3.0]
2026-02-02T13:51:33.389235836Z [inf]  	... 141 common frames omitted
2026-02-02T13:51:33.389241416Z [inf]  Caused by: com.mysql.cj.exceptions.WrongArgumentException: Malformed database URL, failed to parse the main URL sections.
2026-02-02T13:51:33.391463869Z [inf]  	at java.base/java.lang.reflect.Constructor.newInstanceWithCaller(Constructor.java:502) ~[na:na]
2026-02-02T13:51:33.391475656Z [inf]  	at java.base/java.lang.reflect.Constructor.newInstance(Constructor.java:486) ~[na:na]
2026-02-02T13:51:33.391482514Z [inf]  	at com.mysql.cj.exceptions.ExceptionFactory.createException(ExceptionFactory.java:52) ~[mysql-connector-j-9.3.0.jar!/:9.3.0]
2026-02-02T13:51:33.391488849Z [inf]  	at com.mysql.cj.conf.ConnectionUrlParser.parseConnectionString(ConnectionUrlParser.java:155) ~[mysql-connector-j-9.3.0.jar!/:9.3.0]
2026-02-02T13:51:33.391495330Z [inf]  	at com.mysql.cj.conf.ConnectionUrlParser.<init>(ConnectionUrlParser.java:129) ~[mysql-connector-j-9.3.0.jar!/:9.3.0]
2026-02-02T13:51:33.391502394Z [inf]  	at com.mysql.cj.conf.ConnectionUrlParser.parseConnectionString(ConnectionUrlParser.java:111) ~[mysql-connector-j-9.3.0.jar!/:9.3.0]
2026-02-02T13:51:33.391508239Z [inf]  	at com.mysql.cj.conf.ConnectionUrl.getConnectionUrlInstance(ConnectionUrl.java:281) ~[mysql-connector-j-9.3.0.jar!/:9.3.0]
2026-02-02T13:51:33.391514855Z [inf]  	at com.mysql.cj.jdbc.NonRegisteringDriver.connect(NonRegisteringDriver.java:177) ~[mysql-connector-j-9.3.0.jar!/:9.3.0]
2026-02-02T13:51:33.391520550Z [inf]  	... 140 common frames omitted
2026-02-02T13:51:33.391528056Z [inf]  
2026-02-02T13:51:36.437976485Z [inf]   :: Spring Boot ::                (v3.4.8)
2026-02-02T13:51:36.437985464Z [inf]  
2026-02-02T13:51:36.438024371Z [inf]    '  |____| .__|_| |_|_| |_\__, | / / / /
2026-02-02T13:51:36.438025937Z [inf]  
2026-02-02T13:51:36.438033671Z [inf]    .   ____          _            __ _ _
2026-02-02T13:51:36.438033841Z [inf]   =========|_|==============|___/=/_/_/_/
2026-02-02T13:51:36.438040310Z [inf]   /\\ / ___'_ __ _ _(_)_ __  __ _ \ \ \ \
2026-02-02T13:51:36.438040640Z [inf]  
2026-02-02T13:51:36.438045612Z [inf]  ( ( )\___ | '_ | '_| | '_ \/ _` | \ \ \ \
2026-02-02T13:51:36.438050516Z [inf]   \\/  ___)| |_)| | | | | || (_| |  ) ) ) )
2026-02-02T13:51:36.644198294Z [inf]  2026-02-02T13:51:36.635Z  INFO 1 --- [CosplayStore] [           main] j.cosplay_store.CosplayStoreApplication  : Starting CosplayStoreApplication v0.0.1-SNAPSHOT using Java 21.0.9 with PID 1 (/app/app.jar started by root in /app)
2026-02-02T13:51:36.644206887Z [inf]  2026-02-02T13:51:36.638Z  INFO 1 --- [CosplayStore] [           main] j.cosplay_store.CosplayStoreApplication  : No active profile set, falling back to 1 default profile: "default"
2026-02-02T13:51:36.794814947Z [inf]  2026-02-02T13:51:36.747Z  INFO 1 --- [CosplayStore] [           main] .e.DevToolsPropertyDefaultsPostProcessor : For additional web related logging consider setting the 'logging.level.web' property to 'DEBUG'
2026-02-02T13:51:38.684501792Z [inf]  2026-02-02T13:51:38.657Z  INFO 1 --- [CosplayStore] [           main] .s.d.r.c.RepositoryConfigurationDelegate : Bootstrapping Spring Data JPA repositories in DEFAULT mode.
2026-02-02T13:51:38.820899926Z [inf]  2026-02-02T13:51:38.817Z  INFO 1 --- [CosplayStore] [           main] .s.d.r.c.RepositoryConfigurationDelegate : Finished Spring Data repository scanning in 101 ms. Found 6 JPA repository interfaces.
2026-02-02T13:51:40.661562276Z [inf]  2026-02-02T13:51:40.650Z  INFO 1 --- [CosplayStore] [           main] o.s.b.w.embedded.tomcat.TomcatWebServer  : Tomcat initialized with port 8080 (http)
2026-02-02T13:51:40.717510772Z [inf]  2026-02-02T13:51:40.716Z  INFO 1 --- [CosplayStore] [           main] o.apache.catalina.core.StandardService   : Starting service [Tomcat]
2026-02-02T13:51:40.717519765Z [inf]  2026-02-02T13:51:40.716Z  INFO 1 --- [CosplayStore] [           main] o.apache.catalina.core.StandardEngine    : Starting Servlet engine: [Apache Tomcat/10.1.43]
2026-02-02T13:51:40.766104934Z [inf]  2026-02-02T13:51:40.762Z  INFO 1 --- [CosplayStore] [           main] o.a.c.c.C.[Tomcat].[localhost].[/]       : Initializing Spring embedded WebApplicationContext
2026-02-02T13:51:40.766128881Z [inf]  2026-02-02T13:51:40.763Z  INFO 1 --- [CosplayStore] [           main] w.s.c.ServletWebServerApplicationContext : Root WebApplicationContext: initialization completed in 4014 ms
2026-02-02T13:51:41.541825810Z [inf]  2026-02-02T13:51:41.532Z  INFO 1 --- [CosplayStore] [           main] o.hibernate.jpa.internal.util.LogHelper  : HHH000204: Processing PersistenceUnitInfo [name: default]
2026-02-02T13:51:41.861016075Z [inf]  2026-02-02T13:51:41.844Z  INFO 1 --- [CosplayStore] [           main] org.hibernate.Version                    : HHH000412: Hibernate ORM core version 6.6.22.Final
2026-02-02T13:51:42.523374641Z [inf]  2026-02-02T13:51:42.037Z  INFO 1 --- [CosplayStore] [           main] o.h.c.internal.RegionFactoryInitiator    : HHH000026: Second-level cache disabled
2026-02-02T13:51:42.896073516Z [inf]  2026-02-02T13:51:42.853Z  INFO 1 --- [CosplayStore] [           main] o.s.o.j.p.SpringPersistenceUnitInfo      : No LoadTimeWeaver setup: ignoring JPA class transformer
2026-02-02T13:51:43.547462792Z [inf]  2026-02-02T13:51:42.948Z  INFO 1 --- [CosplayStore] [           main] com.zaxxer.hikari.HikariDataSource       : HikariPool-1 - Starting...
2026-02-02T13:51:44.583822018Z [inf]  2026-02-02T13:51:44.047Z  WARN 1 --- [CosplayStore] [           main] o.h.engine.jdbc.spi.SqlExceptionHelper   : SQL Error: 0, SQLState: 08001
2026-02-02T13:51:44.583824911Z [inf]  	at org.hibernate.engine.jdbc.spi.SqlExceptionHelper.convert(SqlExceptionHelper.java:108) ~[hibernate-core-6.6.22.Final.jar!/:6.6.22.Final]
2026-02-02T13:51:44.583834330Z [inf]  	at org.hibernate.engine.jdbc.spi.SqlExceptionHelper.convert(SqlExceptionHelper.java:94) ~[hibernate-core-6.6.22.Final.jar!/:6.6.22.Final]
2026-02-02T13:51:44.583834392Z [inf]  2026-02-02T13:51:44.048Z ERROR 1 --- [CosplayStore] [           main] o.h.engine.jdbc.spi.SqlExceptionHelper   : Cannot load connection class because of underlying exception: com.mysql.cj.exceptions.WrongArgumentException: Malformed database URL, failed to parse the main URL sections.
2026-02-02T13:51:44.583841396Z [inf]  	at org.hibernate.resource.transaction.backend.jdbc.internal.JdbcIsolationDelegate.delegateWork(JdbcIsolationDelegate.java:116) ~[hibernate-core-6.6.22.Final.jar!/:6.6.22.Final]
2026-02-02T13:51:44.583843698Z [inf]  2026-02-02T13:51:44.050Z  WARN 1 --- [CosplayStore] [           main] o.h.e.j.e.i.JdbcEnvironmentInitiator     : HHH000342: Could not obtain connection to query metadata
2026-02-02T13:51:44.583853942Z [inf]  
2026-02-02T13:51:44.583859103Z [inf]  org.hibernate.exception.JDBCConnectionException: unable to obtain isolated JDBC connection [Cannot load connection class because of underlying exception: com.mysql.cj.exceptions.WrongArgumentException: Malformed database URL, failed to parse the main URL sections.] [n/a]
2026-02-02T13:51:44.583865596Z [inf]  	at org.hibernate.exception.internal.SQLStateConversionDelegate.convert(SQLStateConversionDelegate.java:100) ~[hibernate-core-6.6.22.Final.jar!/:6.6.22.Final]
2026-02-02T13:51:44.583870562Z [inf]  	at org.hibernate.exception.internal.StandardSQLExceptionConverter.convert(StandardSQLExceptionConverter.java:58) ~[hibernate-core-6.6.22.Final.jar!/:6.6.22.Final]
2026-02-02T13:51:44.586886135Z [inf]  	at org.hibernate.engine.jdbc.env.internal.JdbcEnvironmentInitiator.getJdbcEnvironmentUsingJdbcMetadata(JdbcEnvironmentInitiator.java:336) ~[hibernate-core-6.6.22.Final.jar!/:6.6.22.Final]
2026-02-02T13:51:44.586890565Z [inf]  	at org.hibernate.engine.jdbc.env.internal.JdbcEnvironmentInitiator.initiateService(JdbcEnvironmentInitiator.java:129) ~[hibernate-core-6.6.22.Final.jar!/:6.6.22.Final]
2026-02-02T13:51:44.586894903Z [inf]  	at org.hibernate.engine.jdbc.env.internal.JdbcEnvironmentInitiator.initiateService(JdbcEnvironmentInitiator.java:81) ~[hibernate-core-6.6.22.Final.jar!/:6.6.22.Final]
2026-02-02T13:51:44.586899592Z [inf]  	at org.hibernate.boot.registry.internal.StandardServiceRegistryImpl.initiateService(StandardServiceRegistryImpl.java:130) ~[hibernate-core-6.6.22.Final.jar!/:6.6.22.Final]
2026-02-02T13:51:44.586903853Z [inf]  	at org.hibernate.service.internal.AbstractServiceRegistryImpl.createService(AbstractServiceRegistryImpl.java:263) ~[hibernate-core-6.6.22.Final.jar!/:6.6.22.Final]
2026-02-02T13:51:44.586908160Z [inf]  	at org.hibernate.service.internal.AbstractServiceRegistryImpl.initializeService(AbstractServiceRegistryImpl.java:238) ~[hibernate-core-6.6.22.Final.jar!/:6.6.22.Final]
2026-02-02T13:51:44.586923775Z [inf]  	at org.hibernate.service.internal.AbstractServiceRegistryImpl.getService(AbstractServiceRegistryImpl.java:215) ~[hibernate-core-6.6.22.Final.jar!/:6.6.22.Final]
2026-02-02T13:51:44.586929201Z [inf]  	at org.hibernate.boot.model.relational.Database.<init>(Database.java:45) ~[hibernate-core-6.6.22.Final.jar!/:6.6.22.Final]
2026-02-02T13:51:44.586933508Z [inf]  	at org.hibernate.boot.internal.InFlightMetadataCollectorImpl.getDatabase(InFlightMetadataCollectorImpl.java:226) ~[hibernate-core-6.6.22.Final.jar!/:6.6.22.Final]
2026-02-02T13:51:44.586937572Z [inf]  	at org.hibernate.boot.internal.InFlightMetadataCollectorImpl.<init>(InFlightMetadataCollectorImpl.java:194) ~[hibernate-core-6.6.22.Final.jar!/:6.6.22.Final]
2026-02-02T13:51:44.588658306Z [inf]  	at org.hibernate.boot.model.process.spi.MetadataBuildingProcess.complete(MetadataBuildingProcess.java:171) ~[hibernate-core-6.6.22.Final.jar!/:6.6.22.Final]
2026-02-02T13:51:44.588663978Z [inf]  	at org.hibernate.jpa.boot.internal.EntityManagerFactoryBuilderImpl.metadata(EntityManagerFactoryBuilderImpl.java:1442) ~[hibernate-core-6.6.22.Final.jar!/:6.6.22.Final]
2026-02-02T13:51:44.588669625Z [inf]  	at org.hibernate.jpa.boot.internal.EntityManagerFactoryBuilderImpl.build(EntityManagerFactoryBuilderImpl.java:1513) ~[hibernate-core-6.6.22.Final.jar!/:6.6.22.Final]
2026-02-02T13:51:44.588675336Z [inf]  	at org.springframework.orm.jpa.vendor.SpringHibernateJpaPersistenceProvider.createContainerEntityManagerFactory(SpringHibernateJpaPersistenceProvider.java:66) ~[spring-orm-6.2.9.jar!/:6.2.9]
2026-02-02T13:51:44.588680603Z [inf]  	at org.springframework.orm.jpa.LocalContainerEntityManagerFactoryBean.createNativeEntityManagerFactory(LocalContainerEntityManagerFactoryBean.java:390) ~[spring-orm-6.2.9.jar!/:6.2.9]
2026-02-02T13:51:44.588688305Z [inf]  	at org.springframework.orm.jpa.AbstractEntityManagerFactoryBean.buildNativeEntityManagerFactory(AbstractEntityManagerFactoryBean.java:419) ~[spring-orm-6.2.9.jar!/:6.2.9]
2026-02-02T13:51:44.588694126Z [inf]  	at org.springframework.orm.jpa.AbstractEntityManagerFactoryBean.afterPropertiesSet(AbstractEntityManagerFactoryBean.java:400) ~[spring-orm-6.2.9.jar!/:6.2.9]
2026-02-02T13:51:44.588699365Z [inf]  	at org.springframework.orm.jpa.LocalContainerEntityManagerFactoryBean.afterPropertiesSet(LocalContainerEntityManagerFactoryBean.java:366) ~[spring-orm-6.2.9.jar!/:6.2.9]
2026-02-02T13:51:44.588751038Z [inf]  	at org.springframework.beans.factory.support.AbstractAutowireCapableBeanFactory.invokeInitMethods(AbstractAutowireCapableBeanFactory.java:1873) ~[spring-beans-6.2.9.jar!/:6.2.9]
2026-02-02T13:51:44.588759548Z [inf]  	at org.springframework.beans.factory.support.AbstractAutowireCapableBeanFactory.initializeBean(AbstractAutowireCapableBeanFactory.java:1822) ~[spring-beans-6.2.9.jar!/:6.2.9]
2026-02-02T13:51:44.589415636Z [inf]  	at org.springframework.beans.factory.support.AbstractBeanFactory.doGetBean(AbstractBeanFactory.java:337) ~[spring-beans-6.2.9.jar!/:6.2.9]
2026-02-02T13:51:44.589421220Z [inf]  	at org.springframework.beans.factory.support.AbstractBeanFactory.getBean(AbstractBeanFactory.java:202) ~[spring-beans-6.2.9.jar!/:6.2.9]
2026-02-02T13:51:44.589426930Z [inf]  	at org.springframework.beans.factory.support.BeanDefinitionValueResolver.resolveReference(BeanDefinitionValueResolver.java:365) ~[spring-beans-6.2.9.jar!/:6.2.9]
2026-02-02T13:51:44.589431785Z [inf]  	at org.springframework.beans.factory.support.BeanDefinitionValueResolver.resolveValueIfNecessary(BeanDefinitionValueResolver.java:135) ~[spring-beans-6.2.9.jar!/:6.2.9]
2026-02-02T13:51:44.589436278Z [inf]  	at org.springframework.beans.factory.support.ConstructorResolver.resolveConstructorArguments(ConstructorResolver.java:691) ~[spring-beans-6.2.9.jar!/:6.2.9]
2026-02-02T13:51:44.589448092Z [inf]  	at org.springframework.beans.factory.support.ConstructorResolver.instantiateUsingFactoryMethod(ConstructorResolver.java:513) ~[spring-beans-6.2.9.jar!/:6.2.9]
2026-02-02T13:51:44.589455117Z [inf]  	at org.springframework.beans.factory.support.AbstractAutowireCapableBeanFactory.instantiateUsingFactoryMethod(AbstractAutowireCapableBeanFactory.java:1375) ~[spring-beans-6.2.9.jar!/:6.2.9]
2026-02-02T13:51:44.589541944Z [inf]  	at org.springframework.beans.factory.support.AbstractAutowireCapableBeanFactory.doCreateBean(AbstractAutowireCapableBeanFactory.java:607) ~[spring-beans-6.2.9.jar!/:6.2.9]
2026-02-02T13:51:44.589548077Z [inf]  	at org.springframework.beans.factory.support.AbstractAutowireCapableBeanFactory.createBean(AbstractAutowireCapableBeanFactory.java:529) ~[spring-beans-6.2.9.jar!/:6.2.9]
2026-02-02T13:51:44.589553742Z [inf]  	at org.springframework.beans.factory.support.AbstractBeanFactory.lambda$doGetBean$0(AbstractBeanFactory.java:339) ~[spring-beans-6.2.9.jar!/:6.2.9]
2026-02-02T13:51:44.589558202Z [inf]  	at org.springframework.beans.factory.support.DefaultSingletonBeanRegistry.getSingleton(DefaultSingletonBeanRegistry.java:373) ~[spring-beans-6.2.9.jar!/:6.2.9]
2026-02-02T13:51:44.590666465Z [inf]  	at org.springframework.beans.factory.support.AbstractAutowireCapableBeanFactory.createBeanInstance(AbstractAutowireCapableBeanFactory.java:1205) ~[spring-beans-6.2.9.jar!/:6.2.9]
2026-02-02T13:51:44.590675187Z [inf]  	at org.springframework.beans.factory.support.AbstractAutowireCapableBeanFactory.doCreateBean(AbstractAutowireCapableBeanFactory.java:569) ~[spring-beans-6.2.9.jar!/:6.2.9]
2026-02-02T13:51:44.590708271Z [inf]  	at org.springframework.beans.factory.support.AbstractAutowireCapableBeanFactory.createBean(AbstractAutowireCapableBeanFactory.java:529) ~[spring-beans-6.2.9.jar!/:6.2.9]
2026-02-02T13:51:44.590713522Z [inf]  	at org.springframework.beans.factory.support.AbstractBeanFactory.lambda$doGetBean$0(AbstractBeanFactory.java:339) ~[spring-beans-6.2.9.jar!/:6.2.9]
2026-02-02T13:51:44.590718073Z [inf]  	at org.springframework.beans.factory.support.DefaultSingletonBeanRegistry.getSingleton(DefaultSingletonBeanRegistry.java:373) ~[spring-beans-6.2.9.jar!/:6.2.9]
2026-02-02T13:51:44.590722651Z [inf]  	at org.springframework.beans.factory.support.AbstractBeanFactory.doGetBean(AbstractBeanFactory.java:337) ~[spring-beans-6.2.9.jar!/:6.2.9]
2026-02-02T13:51:44.590727163Z [inf]  	at org.springframework.beans.factory.support.AbstractBeanFactory.getBean(AbstractBeanFactory.java:202) ~[spring-beans-6.2.9.jar!/:6.2.9]
2026-02-02T13:51:44.590731221Z [inf]  	at org.springframework.beans.factory.support.BeanDefinitionValueResolver.resolveReference(BeanDefinitionValueResolver.java:365) ~[spring-beans-6.2.9.jar!/:6.2.9]
2026-02-02T13:51:44.590735515Z [inf]  	at org.springframework.beans.factory.support.BeanDefinitionValueResolver.resolveValueIfNecessary(BeanDefinitionValueResolver.java:135) ~[spring-beans-6.2.9.jar!/:6.2.9]
2026-02-02T13:51:44.590739629Z [inf]  	at org.springframework.beans.factory.support.AbstractAutowireCapableBeanFactory.applyPropertyValues(AbstractAutowireCapableBeanFactory.java:1725) ~[spring-beans-6.2.9.jar!/:6.2.9]
2026-02-02T13:51:44.593391056Z [inf]  	at org.springframework.beans.factory.support.AbstractAutowireCapableBeanFactory.populateBean(AbstractAutowireCapableBeanFactory.java:1474) ~[spring-beans-6.2.9.jar!/:6.2.9]
2026-02-02T13:51:44.593399232Z [inf]  	at org.springframework.beans.factory.support.AbstractAutowireCapableBeanFactory.doCreateBean(AbstractAutowireCapableBeanFactory.java:606) ~[spring-beans-6.2.9.jar!/:6.2.9]
2026-02-02T13:51:44.593404215Z [inf]  	at org.springframework.beans.factory.support.AbstractAutowireCapableBeanFactory.createBean(AbstractAutowireCapableBeanFactory.java:529) ~[spring-beans-6.2.9.jar!/:6.2.9]
2026-02-02T13:51:44.593410360Z [inf]  	at org.springframework.beans.factory.support.AbstractBeanFactory.lambda$doGetBean$0(AbstractBeanFactory.java:339) ~[spring-beans-6.2.9.jar!/:6.2.9]
2026-02-02T13:51:44.593415065Z [inf]  	at org.springframework.beans.factory.support.DefaultSingletonBeanRegistry.getSingleton(DefaultSingletonBeanRegistry.java:373) ~[spring-beans-6.2.9.jar!/:6.2.9]
2026-02-02T13:51:44.593419041Z [inf]  	at org.springframework.beans.factory.support.AbstractBeanFactory.doGetBean(AbstractBeanFactory.java:337) ~[spring-beans-6.2.9.jar!/:6.2.9]
2026-02-02T13:51:44.593422810Z [inf]  	at org.springframework.beans.factory.support.AbstractBeanFactory.getBean(AbstractBeanFactory.java:202) ~[spring-beans-6.2.9.jar!/:6.2.9]
2026-02-02T13:51:44.593426910Z [inf]  	at org.springframework.beans.factory.support.DefaultListableBeanFactory.doResolveDependency(DefaultListableBeanFactory.java:1683) ~[spring-beans-6.2.9.jar!/:6.2.9]
2026-02-02T13:51:44.593432041Z [inf]  	at org.springframework.beans.factory.support.DefaultListableBeanFactory.resolveDependency(DefaultListableBeanFactory.java:1628) ~[spring-beans-6.2.9.jar!/:6.2.9]
2026-02-02T13:51:44.593436192Z [inf]  	at org.springframework.beans.factory.support.ConstructorResolver.resolveAutowiredArgument(ConstructorResolver.java:913) ~[spring-beans-6.2.9.jar!/:6.2.9]
2026-02-02T13:51:44.595961784Z [inf]  	at org.springframework.beans.factory.support.DefaultSingletonBeanRegistry.getSingleton(DefaultSingletonBeanRegistry.java:373) ~[spring-beans-6.2.9.jar!/:6.2.9]
2026-02-02T13:51:44.595968162Z [inf]  	at org.springframework.beans.factory.support.ConstructorResolver.createArgumentArray(ConstructorResolver.java:791) ~[spring-beans-6.2.9.jar!/:6.2.9]
2026-02-02T13:51:44.595971490Z [inf]  	at org.springframework.beans.factory.support.AbstractBeanFactory.doGetBean(AbstractBeanFactory.java:337) ~[spring-beans-6.2.9.jar!/:6.2.9]
2026-02-02T13:51:44.595978742Z [inf]  	at org.springframework.beans.factory.support.AbstractBeanFactory.getBean(AbstractBeanFactory.java:202) ~[spring-beans-6.2.9.jar!/:6.2.9]
2026-02-02T13:51:44.595982541Z [inf]  	at org.springframework.beans.factory.support.ConstructorResolver.autowireConstructor(ConstructorResolver.java:240) ~[spring-beans-6.2.9.jar!/:6.2.9]
2026-02-02T13:51:44.595985370Z [inf]  	at org.springframework.beans.factory.config.DependencyDescriptor.resolveCandidate(DependencyDescriptor.java:254) ~[spring-beans-6.2.9.jar!/:6.2.9]
2026-02-02T13:51:44.595990628Z [inf]  	at org.springframework.beans.factory.support.AbstractAutowireCapableBeanFactory.autowireConstructor(AbstractAutowireCapableBeanFactory.java:1395) ~[spring-beans-6.2.9.jar!/:6.2.9]
2026-02-02T13:51:44.595999215Z [inf]  	at org.springframework.beans.factory.support.AbstractAutowireCapableBeanFactory.createBeanInstance(AbstractAutowireCapableBeanFactory.java:1232) ~[spring-beans-6.2.9.jar!/:6.2.9]
2026-02-02T13:51:44.596005788Z [inf]  	at org.springframework.beans.factory.support.AbstractAutowireCapableBeanFactory.doCreateBean(AbstractAutowireCapableBeanFactory.java:569) ~[spring-beans-6.2.9.jar!/:6.2.9]
2026-02-02T13:51:44.596012434Z [inf]  	at org.springframework.beans.factory.support.AbstractAutowireCapableBeanFactory.createBean(AbstractAutowireCapableBeanFactory.java:529) ~[spring-beans-6.2.9.jar!/:6.2.9]
2026-02-02T13:51:44.596021472Z [inf]  	at org.springframework.beans.factory.support.AbstractBeanFactory.lambda$doGetBean$0(AbstractBeanFactory.java:339) ~[spring-beans-6.2.9.jar!/:6.2.9]
2026-02-02T13:51:44.597785183Z [inf]  	at org.springframework.beans.factory.support.DefaultListableBeanFactory.doResolveDependency(DefaultListableBeanFactory.java:1745) ~[spring-beans-6.2.9.jar!/:6.2.9]
2026-02-02T13:51:44.597797390Z [inf]  	at org.springframework.beans.factory.support.DefaultListableBeanFactory.resolveDependency(DefaultListableBeanFactory.java:1628) ~[spring-beans-6.2.9.jar!/:6.2.9]
2026-02-02T13:51:44.597805078Z [inf]  	at org.springframework.beans.factory.support.ConstructorResolver.resolveAutowiredArgument(ConstructorResolver.java:913) ~[spring-beans-6.2.9.jar!/:6.2.9]
2026-02-02T13:51:44.597811660Z [inf]  	at org.springframework.beans.factory.support.ConstructorResolver.createArgumentArray(ConstructorResolver.java:791) ~[spring-beans-6.2.9.jar!/:6.2.9]
2026-02-02T13:51:44.597820189Z [inf]  	at org.springframework.beans.factory.support.ConstructorResolver.autowireConstructor(ConstructorResolver.java:240) ~[spring-beans-6.2.9.jar!/:6.2.9]
2026-02-02T13:51:44.597827511Z [inf]  	at org.springframework.beans.factory.support.AbstractAutowireCapableBeanFactory.autowireConstructor(AbstractAutowireCapableBeanFactory.java:1395) ~[spring-beans-6.2.9.jar!/:6.2.9]
2026-02-02T13:51:44.597835314Z [inf]  	at org.springframework.beans.factory.support.AbstractAutowireCapableBeanFactory.createBeanInstance(AbstractAutowireCapableBeanFactory.java:1232) ~[spring-beans-6.2.9.jar!/:6.2.9]
2026-02-02T13:51:44.597841389Z [inf]  	at org.springframework.beans.factory.support.AbstractAutowireCapableBeanFactory.doCreateBean(AbstractAutowireCapableBeanFactory.java:569) ~[spring-beans-6.2.9.jar!/:6.2.9]
2026-02-02T13:51:44.597846974Z [inf]  	at org.springframework.beans.factory.support.AbstractAutowireCapableBeanFactory.createBean(AbstractAutowireCapableBeanFactory.java:529) ~[spring-beans-6.2.9.jar!/:6.2.9]
2026-02-02T13:51:44.597853074Z [inf]  	at org.springframework.beans.factory.support.AbstractBeanFactory.lambda$doGetBean$0(AbstractBeanFactory.java:339) ~[spring-beans-6.2.9.jar!/:6.2.9]
2026-02-02T13:51:44.599804469Z [inf]  	at org.springframework.beans.factory.support.DefaultSingletonBeanRegistry.getSingleton(DefaultSingletonBeanRegistry.java:373) ~[spring-beans-6.2.9.jar!/:6.2.9]
2026-02-02T13:51:44.599815309Z [inf]  	at org.springframework.beans.factory.support.AbstractBeanFactory.doGetBean(AbstractBeanFactory.java:337) ~[spring-beans-6.2.9.jar!/:6.2.9]
2026-02-02T13:51:44.599822628Z [inf]  	at org.springframework.beans.factory.support.AbstractBeanFactory.getBean(AbstractBeanFactory.java:207) ~[spring-beans-6.2.9.jar!/:6.2.9]
2026-02-02T13:51:44.599830418Z [inf]  	at org.springframework.boot.web.servlet.ServletContextInitializerBeans.getOrderedBeansOfType(ServletContextInitializerBeans.java:211) ~[spring-boot-3.4.8.jar!/:3.4.8]
2026-02-02T13:51:44.599837917Z [inf]  	at org.springframework.boot.web.servlet.ServletContextInitializerBeans.addAsRegistrationBean(ServletContextInitializerBeans.java:174) ~[spring-boot-3.4.8.jar!/:3.4.8]
2026-02-02T13:51:44.599844363Z [inf]  	at org.springframework.boot.web.servlet.ServletContextInitializerBeans.addAsRegistrationBean(ServletContextInitializerBeans.java:169) ~[spring-boot-3.4.8.jar!/:3.4.8]
2026-02-02T13:51:44.599850113Z [inf]  	at org.springframework.boot.web.servlet.ServletContextInitializerBeans.addAdaptableBeans(ServletContextInitializerBeans.java:154) ~[spring-boot-3.4.8.jar!/:3.4.8]
2026-02-02T13:51:44.599856321Z [inf]  	at org.springframework.boot.web.servlet.ServletContextInitializerBeans.<init>(ServletContextInitializerBeans.java:87) ~[spring-boot-3.4.8.jar!/:3.4.8]
2026-02-02T13:51:44.599862204Z [inf]  	at org.springframework.boot.web.servlet.context.ServletWebServerApplicationContext.getServletContextInitializerBeans(ServletWebServerApplicationContext.java:271) ~[spring-boot-3.4.8.jar!/:3.4.8]
2026-02-02T13:51:44.599869218Z [inf]  	at org.springframework.boot.web.servlet.context.ServletWebServerApplicationContext.selfInitialize(ServletWebServerApplicationContext.java:245) ~[spring-boot-3.4.8.jar!/:3.4.8]
2026-02-02T13:51:44.603467310Z [inf]  	at java.base/java.util.concurrent.AbstractExecutorService.submit(AbstractExecutorService.java:145) ~[na:na]
2026-02-02T13:51:44.603477520Z [inf]  	at org.apache.catalina.core.ContainerBase.startInternal(ContainerBase.java:749) ~[tomcat-embed-core-10.1.43.jar!/:na]
2026-02-02T13:51:44.603484552Z [inf]  	at org.apache.catalina.core.StandardHost.startInternal(StandardHost.java:772) ~[tomcat-embed-core-10.1.43.jar!/:na]
2026-02-02T13:51:44.603491469Z [inf]  	at org.apache.catalina.util.LifecycleBase.start(LifecycleBase.java:164) ~[tomcat-embed-core-10.1.43.jar!/:na]
2026-02-02T13:51:44.603496697Z [inf]  	at org.apache.catalina.core.ContainerBase$StartChild.call(ContainerBase.java:1203) ~[tomcat-embed-core-10.1.43.jar!/:na]
2026-02-02T13:51:44.603501559Z [inf]  	at org.apache.catalina.core.ContainerBase$StartChild.call(ContainerBase.java:1193) ~[tomcat-embed-core-10.1.43.jar!/:na]
2026-02-02T13:51:44.603518610Z [inf]  	at org.springframework.boot.web.embedded.tomcat.TomcatStarter.onStartup(TomcatStarter.java:52) ~[spring-boot-3.4.8.jar!/:3.4.8]
2026-02-02T13:51:44.603523184Z [inf]  	at org.apache.catalina.core.StandardContext.startInternal(StandardContext.java:4464) ~[tomcat-embed-core-10.1.43.jar!/:na]
2026-02-02T13:51:44.603527619Z [inf]  	at org.apache.catalina.util.LifecycleBase.start(LifecycleBase.java:164) ~[tomcat-embed-core-10.1.43.jar!/:na]
2026-02-02T13:51:44.603531984Z [inf]  	at org.apache.catalina.core.ContainerBase$StartChild.call(ContainerBase.java:1203) ~[tomcat-embed-core-10.1.43.jar!/:na]
2026-02-02T13:51:44.603536602Z [inf]  	at org.apache.catalina.core.ContainerBase$StartChild.call(ContainerBase.java:1193) ~[tomcat-embed-core-10.1.43.jar!/:na]
2026-02-02T13:51:44.603540914Z [inf]  	at java.base/java.util.concurrent.FutureTask.run(FutureTask.java:317) ~[na:na]
2026-02-02T13:51:44.603545205Z [inf]  	at org.apache.tomcat.util.threads.InlineExecutorService.execute(InlineExecutorService.java:75) ~[tomcat-embed-core-10.1.43.jar!/:na]
2026-02-02T13:51:44.605952157Z [inf]  	at java.base/java.util.concurrent.FutureTask.run(FutureTask.java:317) ~[na:na]
2026-02-02T13:51:44.605963268Z [inf]  	at org.apache.tomcat.util.threads.InlineExecutorService.execute(InlineExecutorService.java:75) ~[tomcat-embed-core-10.1.43.jar!/:na]
2026-02-02T13:51:44.605970503Z [inf]  	at java.base/java.util.concurrent.AbstractExecutorService.submit(AbstractExecutorService.java:145) ~[na:na]
2026-02-02T13:51:44.605976755Z [inf]  	at org.apache.catalina.core.ContainerBase.startInternal(ContainerBase.java:749) ~[tomcat-embed-core-10.1.43.jar!/:na]
2026-02-02T13:51:44.605982881Z [inf]  	at org.apache.catalina.core.StandardEngine.startInternal(StandardEngine.java:203) ~[tomcat-embed-core-10.1.43.jar!/:na]
2026-02-02T13:51:44.605989697Z [inf]  	at org.apache.catalina.util.LifecycleBase.start(LifecycleBase.java:164) ~[tomcat-embed-core-10.1.43.jar!/:na]
2026-02-02T13:51:44.605995773Z [inf]  	at org.apache.catalina.core.StandardService.startInternal(StandardService.java:412) ~[tomcat-embed-core-10.1.43.jar!/:na]
2026-02-02T13:51:44.606001681Z [inf]  	at org.apache.catalina.util.LifecycleBase.start(LifecycleBase.java:164) ~[tomcat-embed-core-10.1.43.jar!/:na]
2026-02-02T13:51:44.606010542Z [inf]  	at org.apache.catalina.core.StandardServer.startInternal(StandardServer.java:870) ~[tomcat-embed-core-10.1.43.jar!/:na]
2026-02-02T13:51:44.606016886Z [inf]  	at org.apache.catalina.util.LifecycleBase.start(LifecycleBase.java:164) ~[tomcat-embed-core-10.1.43.jar!/:na]
2026-02-02T13:51:44.606022781Z [inf]  	at org.apache.catalina.startup.Tomcat.start(Tomcat.java:438) ~[tomcat-embed-core-10.1.43.jar!/:na]
2026-02-02T13:51:44.606028452Z [inf]  	at org.springframework.boot.web.embedded.tomcat.TomcatWebServer.initialize(TomcatWebServer.java:128) ~[spring-boot-3.4.8.jar!/:3.4.8]
2026-02-02T13:51:44.606034455Z [inf]  	at org.springframework.boot.web.embedded.tomcat.TomcatWebServer.<init>(TomcatWebServer.java:107) ~[spring-boot-3.4.8.jar!/:3.4.8]
2026-02-02T13:51:44.608216451Z [inf]  	at org.springframework.boot.SpringApplication.run(SpringApplication.java:318) ~[spring-boot-3.4.8.jar!/:3.4.8]
2026-02-02T13:51:44.608224787Z [inf]  	at org.springframework.boot.web.embedded.tomcat.TomcatServletWebServerFactory.getTomcatWebServer(TomcatServletWebServerFactory.java:517) ~[spring-boot-3.4.8.jar!/:3.4.8]
2026-02-02T13:51:44.608225616Z [inf]  	at org.springframework.boot.SpringApplication.run(SpringApplication.java:1361) ~[spring-boot-3.4.8.jar!/:3.4.8]
2026-02-02T13:51:44.608232679Z [inf]  	at org.springframework.boot.SpringApplication.run(SpringApplication.java:1350) ~[spring-boot-3.4.8.jar!/:3.4.8]
2026-02-02T13:51:44.608235575Z [inf]  	at org.springframework.boot.web.embedded.tomcat.TomcatServletWebServerFactory.getWebServer(TomcatServletWebServerFactory.java:219) ~[spring-boot-3.4.8.jar!/:3.4.8]
2026-02-02T13:51:44.608248546Z [inf]  	at org.springframework.boot.web.servlet.context.ServletWebServerApplicationContext.createWebServer(ServletWebServerApplicationContext.java:193) ~[spring-boot-3.4.8.jar!/:3.4.8]
2026-02-02T13:51:44.608254951Z [inf]  	at org.springframework.boot.web.servlet.context.ServletWebServerApplicationContext.onRefresh(ServletWebServerApplicationContext.java:167) ~[spring-boot-3.4.8.jar!/:3.4.8]
2026-02-02T13:51:44.608260451Z [inf]  	at org.springframework.context.support.AbstractApplicationContext.refresh(AbstractApplicationContext.java:621) ~[spring-context-6.2.9.jar!/:6.2.9]
2026-02-02T13:51:44.608271119Z [inf]  	at org.springframework.boot.web.servlet.context.ServletWebServerApplicationContext.refresh(ServletWebServerApplicationContext.java:146) ~[spring-boot-3.4.8.jar!/:3.4.8]
2026-02-02T13:51:44.608278236Z [inf]  	at org.springframework.boot.SpringApplication.refresh(SpringApplication.java:752) ~[spring-boot-3.4.8.jar!/:3.4.8]
2026-02-02T13:51:44.608284785Z [inf]  	at org.springframework.boot.SpringApplication.refreshContext(SpringApplication.java:439) ~[spring-boot-3.4.8.jar!/:3.4.8]
2026-02-02T13:51:44.610722686Z [inf]  	at jazz.cosplay_store.CosplayStoreApplication.main(CosplayStoreApplication.java:13) ~[!/:0.0.1-SNAPSHOT]
2026-02-02T13:51:44.610728947Z [inf]  	at java.base/jdk.internal.reflect.DirectMethodHandleAccessor.invoke(DirectMethodHandleAccessor.java:103) ~[na:na]
2026-02-02T13:51:44.610733805Z [inf]  	at java.base/java.lang.reflect.Method.invoke(Method.java:580) ~[na:na]
2026-02-02T13:51:44.610737826Z [inf]  	at org.springframework.boot.loader.launch.Launcher.launch(Launcher.java:102) ~[app.jar:0.0.1-SNAPSHOT]
2026-02-02T13:51:44.610741846Z [inf]  	at org.springframework.boot.loader.launch.Launcher.launch(Launcher.java:64) ~[app.jar:0.0.1-SNAPSHOT]
2026-02-02T13:51:44.610746051Z [inf]  	at org.springframework.boot.loader.launch.JarLauncher.main(JarLauncher.java:40) ~[app.jar:0.0.1-SNAPSHOT]
2026-02-02T13:51:44.610750378Z [inf]  Caused by: java.sql.SQLNonTransientConnectionException: Cannot load connection class because of underlying exception: com.mysql.cj.exceptions.WrongArgumentException: Malformed database URL, failed to parse the main URL sections.
2026-02-02T13:51:44.610754610Z [inf]  	at com.mysql.cj.jdbc.exceptions.SQLError.createSQLException(SQLError.java:102) ~[mysql-connector-j-9.3.0.jar!/:9.3.0]
2026-02-02T13:51:44.610759070Z [inf]  	at com.mysql.cj.jdbc.exceptions.SQLError.createSQLException(SQLError.java:89) ~[mysql-connector-j-9.3.0.jar!/:9.3.0]
2026-02-02T13:51:44.610763413Z [inf]  	at com.mysql.cj.jdbc.exceptions.SQLError.createSQLException(SQLError.java:81) ~[mysql-connector-j-9.3.0.jar!/:9.3.0]
2026-02-02T13:51:44.610767582Z [inf]  	at com.mysql.cj.jdbc.exceptions.SQLError.createSQLException(SQLError.java:55) ~[mysql-connector-j-9.3.0.jar!/:9.3.0]
2026-02-02T13:51:44.610772963Z [inf]  	at com.mysql.cj.jdbc.exceptions.SQLError.createSQLException(SQLError.java:65) ~[mysql-connector-j-9.3.0.jar!/:9.3.0]
2026-02-02T13:51:44.610776957Z [inf]  	at com.mysql.cj.jdbc.exceptions.SQLExceptionsMapping.translateException(SQLExceptionsMapping.java:70) ~[mysql-connector-j-9.3.0.jar!/:9.3.0]
2026-02-02T13:51:44.612890931Z [inf]  	at com.mysql.cj.jdbc.exceptions.SQLExceptionsMapping.translateException(SQLExceptionsMapping.java:123) ~[mysql-connector-j-9.3.0.jar!/:9.3.0]
2026-02-02T13:51:44.612900974Z [inf]  	at com.mysql.cj.jdbc.NonRegisteringDriver.connect(NonRegisteringDriver.java:203) ~[mysql-connector-j-9.3.0.jar!/:9.3.0]
2026-02-02T13:51:44.612907428Z [inf]  	at com.zaxxer.hikari.util.DriverDataSource.getConnection(DriverDataSource.java:137) ~[HikariCP-5.1.0.jar!/:na]
2026-02-02T13:51:44.612913681Z [inf]  	at com.zaxxer.hikari.pool.PoolBase.newConnection(PoolBase.java:360) ~[HikariCP-5.1.0.jar!/:na]
2026-02-02T13:51:44.612919226Z [inf]  	at com.zaxxer.hikari.pool.PoolBase.newPoolEntry(PoolBase.java:202) ~[HikariCP-5.1.0.jar!/:na]
2026-02-02T13:51:44.612928235Z [inf]  	at com.zaxxer.hikari.pool.HikariPool.createPoolEntry(HikariPool.java:461) ~[HikariCP-5.1.0.jar!/:na]
2026-02-02T13:51:44.612934125Z [inf]  	at com.zaxxer.hikari.pool.HikariPool.checkFailFast(HikariPool.java:550) ~[HikariCP-5.1.0.jar!/:na]
2026-02-02T13:51:44.612943739Z [inf]  	at com.zaxxer.hikari.pool.HikariPool.<init>(HikariPool.java:98) ~[HikariCP-5.1.0.jar!/:na]
2026-02-02T13:51:44.612951519Z [inf]  	at com.zaxxer.hikari.HikariDataSource.getConnection(HikariDataSource.java:111) ~[HikariCP-5.1.0.jar!/:na]
2026-02-02T13:51:44.612960058Z [inf]  	at org.hibernate.engine.jdbc.connections.internal.DatasourceConnectionProviderImpl.getConnection(DatasourceConnectionProviderImpl.java:126) ~[hibernate-core-6.6.22.Final.jar!/:6.6.22.Final]
2026-02-02T13:51:44.612965883Z [inf]  	at org.hibernate.engine.jdbc.env.internal.JdbcEnvironmentInitiator$ConnectionProviderJdbcConnectionAccess.obtainConnection(JdbcEnvironmentInitiator.java:483) ~[hibernate-core-6.6.22.Final.jar!/:6.6.22.Final]
2026-02-02T13:51:44.612971447Z [inf]  	at org.hibernate.resource.transaction.backend.jdbc.internal.JdbcIsolationDelegate.delegateWork(JdbcIsolationDelegate.java:61) ~[hibernate-core-6.6.22.Final.jar!/:6.6.22.Final]
2026-02-02T13:51:44.614666172Z [inf]  	... 125 common frames omitted
2026-02-02T13:51:44.614673824Z [inf]  	at com.mysql.cj.exceptions.ExceptionFactory.createException(ExceptionFactory.java:52) ~[mysql-connector-j-9.3.0.jar!/:9.3.0]
2026-02-02T13:51:44.614676446Z [inf]  Caused by: com.mysql.cj.exceptions.UnableToConnectException: Cannot load connection class because of underlying exception: com.mysql.cj.exceptions.WrongArgumentException: Malformed database URL, failed to parse the main URL sections.
2026-02-02T13:51:44.614685403Z [inf]  	at java.base/jdk.internal.reflect.DirectConstructorHandleAccessor.newInstance(DirectConstructorHandleAccessor.java:62) ~[na:na]
2026-02-02T13:51:44.614686591Z [inf]  	at com.mysql.cj.conf.ConnectionUrlParser.parseConnectionString(ConnectionUrlParser.java:155) ~[mysql-connector-j-9.3.0.jar!/:9.3.0]
2026-02-02T13:51:44.614693965Z [inf]  	at java.base/java.lang.reflect.Constructor.newInstanceWithCaller(Constructor.java:502) ~[na:na]
2026-02-02T13:51:44.614699635Z [inf]  	at java.base/java.lang.reflect.Constructor.newInstance(Constructor.java:486) ~[na:na]
2026-02-02T13:51:44.614706689Z [inf]  	at com.mysql.cj.exceptions.ExceptionFactory.createException(ExceptionFactory.java:52) ~[mysql-connector-j-9.3.0.jar!/:9.3.0]
2026-02-02T13:51:44.614712140Z [inf]  	at com.mysql.cj.exceptions.ExceptionFactory.createException(ExceptionFactory.java:95) ~[mysql-connector-j-9.3.0.jar!/:9.3.0]
2026-02-02T13:51:44.614717439Z [inf]  	... 136 common frames omitted
2026-02-02T13:51:44.614723063Z [inf]  Caused by: com.mysql.cj.exceptions.WrongArgumentException: Malformed database URL, failed to parse the main URL sections.
2026-02-02T13:51:44.614729298Z [inf]  	at java.base/jdk.internal.reflect.DirectConstructorHandleAccessor.newInstance(DirectConstructorHandleAccessor.java:62) ~[na:na]
2026-02-02T13:51:44.614735165Z [inf]  	at java.base/java.lang.reflect.Constructor.newInstanceWithCaller(Constructor.java:502) ~[na:na]
2026-02-02T13:51:44.614741817Z [inf]  	at java.base/java.lang.reflect.Constructor.newInstance(Constructor.java:486) ~[na:na]
2026-02-02T13:51:44.616580816Z [inf]  	at com.mysql.cj.conf.ConnectionUrlParser.<init>(ConnectionUrlParser.java:129) ~[mysql-connector-j-9.3.0.jar!/:9.3.0]
2026-02-02T13:51:44.616591371Z [inf]  	at com.mysql.cj.conf.ConnectionUrlParser.parseConnectionString(ConnectionUrlParser.java:111) ~[mysql-connector-j-9.3.0.jar!/:9.3.0]
2026-02-02T13:51:44.616598137Z [inf]  	at com.mysql.cj.conf.ConnectionUrl.getConnectionUrlInstance(ConnectionUrl.java:281) ~[mysql-connector-j-9.3.0.jar!/:9.3.0]
2026-02-02T13:51:44.616604622Z [inf]  	at com.mysql.cj.jdbc.NonRegisteringDriver.connect(NonRegisteringDriver.java:177) ~[mysql-connector-j-9.3.0.jar!/:9.3.0]
2026-02-02T13:51:44.616612092Z [inf]  	... 135 common frames omitted
2026-02-02T13:51:44.616619707Z [inf]  
2026-02-02T13:51:44.616625877Z [inf]  2026-02-02T13:51:44.105Z  WARN 1 --- [CosplayStore] [           main] org.hibernate.orm.deprecation            : HHH90000025: MySQL8Dialect does not need to be specified explicitly using 'hibernate.dialect' (remove the property setting and it will be selected by default)
2026-02-02T13:51:44.616631461Z [inf]  2026-02-02T13:51:44.111Z  WARN 1 --- [CosplayStore] [           main] org.hibernate.orm.deprecation            : HHH90000026: MySQL8Dialect has been deprecated; use org.hibernate.dialect.MySQLDialect instead
2026-02-02T13:51:44.616637436Z [inf]  2026-02-02T13:51:44.139Z  INFO 1 --- [CosplayStore] [           main] org.hibernate.orm.connections.pooling    : HHH10001005: Database info:
2026-02-02T13:51:44.616643177Z [inf]  	Database JDBC URL [Connecting through datasource 'HikariDataSource (null)']
2026-02-02T13:51:44.616648902Z [inf]  	Database driver: undefined/unknown
2026-02-02T13:51:44.616654985Z [inf]  	Database version: 8.0
2026-02-02T13:51:44.616660426Z [inf]  	Autocommit mode: undefined/unknown
2026-02-02T13:51:44.616665802Z [inf]  	Isolation level: undefined/unknown
2026-02-02T13:51:44.616672694Z [inf]  	Minimum pool size: undefined/unknown
2026-02-02T13:51:44.618831990Z [inf]  	Maximum pool size: undefined/unknown
2026-02-02T13:51:45.504134692Z [inf]  2026-02-02T13:51:45.345Z  INFO 1 --- [CosplayStore] [           main] o.h.e.t.j.p.i.JtaPlatformInitiator       : HHH000489: No JTA platform available (set 'hibernate.transaction.jta.platform' to enable JTA platform integration)
2026-02-02T13:51:45.504139502Z [inf]  2026-02-02T13:51:45.366Z  INFO 1 --- [CosplayStore] [           main] com.zaxxer.hikari.HikariDataSource       : HikariPool-1 - Starting...
2026-02-02T13:51:46.501860438Z [inf]  2026-02-02T13:51:46.368Z ERROR 1 --- [CosplayStore] [           main] o.h.engine.jdbc.spi.SqlExceptionHelper   : Cannot load connection class because of underlying exception: com.mysql.cj.exceptions.WrongArgumentException: Malformed database URL, failed to parse the main URL sections.
2026-02-02T13:51:46.501866345Z [inf]  2026-02-02T13:51:46.372Z ERROR 1 --- [CosplayStore] [           main] j.LocalContainerEntityManagerFactoryBean : Failed to initialize JPA EntityManagerFactory: [PersistenceUnit: default] Unable to build Hibernate SessionFactory; nested exception is org.hibernate.exception.JDBCConnectionException: Unable to open JDBC Connection for DDL execution [Cannot load connection class because of underlying exception: com.mysql.cj.exceptions.WrongArgumentException: Malformed database URL, failed to parse the main URL sections.] [n/a]
2026-02-02T13:51:46.501873859Z [inf]  2026-02-02T13:51:46.373Z ERROR 1 --- [CosplayStore] [           main] o.s.b.web.embedded.tomcat.TomcatStarter  : Error starting Tomcat context. Exception: org.springframework.beans.factory.UnsatisfiedDependencyException. Message: Error creating bean with name 'jwtAuthenticationFilter' defined in URL [jar:nested:/app/app.jar/!BOOT-INF/classes/!/jazz/cosplay_store/config/JwtAuthenticationFilter.class]: Unsatisfied dependency expressed through constructor parameter 1: Error creating bean with name 'customUserDetailsService' defined in URL [jar:nested:/app/app.jar/!BOOT-INF/classes/!/jazz/cosplay_store/service/CustomUserDetailsService.class]: Unsatisfied dependency expressed through constructor parameter 0: Error creating bean with name 'userRepository' defined in jazz.cosplay_store.repository.UserRepository defined in @EnableJpaRepositories declared on JpaRepositoriesRegistrar.EnableJpaRepositoriesConfiguration: Cannot resolve reference to bean 'jpaSharedEM_entityManagerFactory' while setting bean property 'entityManager'
2026-02-02T13:51:46.501889766Z [inf]  2026-02-02T13:51:46.367Z  WARN 1 --- [CosplayStore] [           main] o.h.engine.jdbc.spi.SqlExceptionHelper   : SQL Error: 0, SQLState: 08001
2026-02-02T13:51:46.504941801Z [inf]  	at jazz.cosplay_store.CosplayStoreApplication.main(CosplayStoreApplication.java:13) ~[!/:0.0.1-SNAPSHOT]
2026-02-02T13:51:46.504951102Z [inf]  	at java.base/jdk.internal.reflect.DirectMethodHandleAccessor.invoke(DirectMethodHandleAccessor.java:103) ~[na:na]
2026-02-02T13:51:46.504957506Z [inf]  	at java.base/java.lang.reflect.Method.invoke(Method.java:580) ~[na:na]
2026-02-02T13:51:46.504963526Z [inf]  	at org.springframework.boot.loader.launch.Launcher.launch(Launcher.java:102) ~[app.jar:0.0.1-SNAPSHOT]
2026-02-02T13:51:46.504969355Z [inf]  	at org.springframework.boot.loader.launch.Launcher.launch(Launcher.java:64) ~[app.jar:0.0.1-SNAPSHOT]
2026-02-02T13:51:46.504975274Z [inf]  	at org.springframework.boot.loader.launch.JarLauncher.main(JarLauncher.java:40) ~[app.jar:0.0.1-SNAPSHOT]
2026-02-02T13:51:46.504982560Z [inf]  Caused by: org.springframework.boot.web.server.WebServerException: Unable to start embedded Tomcat
2026-02-02T13:51:46.504988567Z [inf]  	at org.springframework.boot.web.embedded.tomcat.TomcatWebServer.initialize(TomcatWebServer.java:147) ~[spring-boot-3.4.8.jar!/:3.4.8]
2026-02-02T13:51:46.504994013Z [inf]  	at org.springframework.boot.web.embedded.tomcat.TomcatWebServer.<init>(TomcatWebServer.java:107) ~[spring-boot-3.4.8.jar!/:3.4.8]
2026-02-02T13:51:46.505000302Z [inf]  	at org.springframework.boot.web.embedded.tomcat.TomcatServletWebServerFactory.getTomcatWebServer(TomcatServletWebServerFactory.java:517) ~[spring-boot-3.4.8.jar!/:3.4.8]
2026-02-02T13:51:46.505270992Z [inf]  2026-02-02T13:51:46.403Z  INFO 1 --- [CosplayStore] [           main] o.apache.catalina.core.StandardService   : Stopping service [Tomcat]
2026-02-02T13:51:46.505276707Z [inf]  2026-02-02T13:51:46.407Z  WARN 1 --- [CosplayStore] [           main] ConfigServletWebServerApplicationContext : Exception encountered during context initialization - cancelling refresh attempt: org.springframework.context.ApplicationContextException: Unable to start web server
2026-02-02T13:51:46.505280914Z [inf]  2026-02-02T13:51:46.416Z  INFO 1 --- [CosplayStore] [           main] .s.b.a.l.ConditionEvaluationReportLogger : 
2026-02-02T13:51:46.505284907Z [inf]  
2026-02-02T13:51:46.505289530Z [inf]  Error starting ApplicationContext. To display the condition evaluation report re-run your application with 'debug' enabled.
2026-02-02T13:51:46.505295019Z [inf]  2026-02-02T13:51:46.433Z ERROR 1 --- [CosplayStore] [           main] o.s.boot.SpringApplication               : Application run failed
2026-02-02T13:51:46.505299019Z [inf]  
2026-02-02T13:51:46.505302893Z [inf]  org.springframework.context.ApplicationContextException: Unable to start web server
2026-02-02T13:51:46.505307034Z [inf]  	at org.springframework.boot.web.servlet.context.ServletWebServerApplicationContext.onRefresh(ServletWebServerApplicationContext.java:170) ~[spring-boot-3.4.8.jar!/:3.4.8]
2026-02-02T13:51:46.505311912Z [inf]  	at org.springframework.context.support.AbstractApplicationContext.refresh(AbstractApplicationContext.java:621) ~[spring-context-6.2.9.jar!/:6.2.9]
2026-02-02T13:51:46.505315888Z [inf]  	at org.springframework.boot.web.servlet.context.ServletWebServerApplicationContext.refresh(ServletWebServerApplicationContext.java:146) ~[spring-boot-3.4.8.jar!/:3.4.8]
2026-02-02T13:51:46.505320274Z [inf]  	at org.springframework.boot.SpringApplication.refresh(SpringApplication.java:752) ~[spring-boot-3.4.8.jar!/:3.4.8]
2026-02-02T13:51:46.505327272Z [inf]  	at org.springframework.boot.SpringApplication.refreshContext(SpringApplication.java:439) ~[spring-boot-3.4.8.jar!/:3.4.8]
2026-02-02T13:51:46.505486007Z [inf]  	at org.springframework.boot.SpringApplication.run(SpringApplication.java:318) ~[spring-boot-3.4.8.jar!/:3.4.8]
2026-02-02T13:51:46.505489883Z [inf]  	at org.springframework.boot.SpringApplication.run(SpringApplication.java:1361) ~[spring-boot-3.4.8.jar!/:3.4.8]
2026-02-02T13:51:46.505493737Z [inf]  	at org.springframework.boot.SpringApplication.run(SpringApplication.java:1350) ~[spring-boot-3.4.8.jar!/:3.4.8]
2026-02-02T13:51:46.506517620Z [inf]  	at org.springframework.boot.web.embedded.tomcat.TomcatServletWebServerFactory.getWebServer(TomcatServletWebServerFactory.java:219) ~[spring-boot-3.4.8.jar!/:3.4.8]
2026-02-02T13:51:46.506522940Z [inf]  	at org.springframework.boot.web.servlet.context.ServletWebServerApplicationContext.createWebServer(ServletWebServerApplicationContext.java:193) ~[spring-boot-3.4.8.jar!/:3.4.8]
2026-02-02T13:51:46.506545171Z [inf]  	at org.springframework.boot.web.servlet.context.ServletWebServerApplicationContext.onRefresh(ServletWebServerApplicationContext.java:167) ~[spring-boot-3.4.8.jar!/:3.4.8]
2026-02-02T13:51:46.506551400Z [inf]  	... 13 common frames omitted
2026-02-02T13:51:46.506557008Z [inf]  Caused by: org.springframework.beans.factory.UnsatisfiedDependencyException: Error creating bean with name 'jwtAuthenticationFilter' defined in URL [jar:nested:/app/app.jar/!BOOT-INF/classes/!/jazz/cosplay_store/config/JwtAuthenticationFilter.class]: Unsatisfied dependency expressed through constructor parameter 1: Error creating bean with name 'customUserDetailsService' defined in URL [jar:nested:/app/app.jar/!BOOT-INF/classes/!/jazz/cosplay_store/service/CustomUserDetailsService.class]: Unsatisfied dependency expressed through constructor parameter 0: Error creating bean with name 'userRepository' defined in jazz.cosplay_store.repository.UserRepository defined in @EnableJpaRepositories declared on JpaRepositoriesRegistrar.EnableJpaRepositoriesConfiguration: Cannot resolve reference to bean 'jpaSharedEM_entityManagerFactory' while setting bean property 'entityManager'
2026-02-02T13:51:46.506562392Z [inf]  	at org.springframework.beans.factory.support.ConstructorResolver.createArgumentArray(ConstructorResolver.java:804) ~[spring-beans-6.2.9.jar!/:6.2.9]
2026-02-02T13:51:46.506567470Z [inf]  	at org.springframework.beans.factory.support.ConstructorResolver.autowireConstructor(ConstructorResolver.java:240) ~[spring-beans-6.2.9.jar!/:6.2.9]
2026-02-02T13:51:46.506573854Z [inf]  	at org.springframework.beans.factory.support.AbstractAutowireCapableBeanFactory.autowireConstructor(AbstractAutowireCapableBeanFactory.java:1395) ~[spring-beans-6.2.9.jar!/:6.2.9]
2026-02-02T13:51:46.508594465Z [inf]  	at org.springframework.beans.factory.support.AbstractAutowireCapableBeanFactory.createBeanInstance(AbstractAutowireCapableBeanFactory.java:1232) ~[spring-beans-6.2.9.jar!/:6.2.9]
2026-02-02T13:51:46.508599642Z [inf]  	at org.springframework.beans.factory.support.AbstractAutowireCapableBeanFactory.doCreateBean(AbstractAutowireCapableBeanFactory.java:569) ~[spring-beans-6.2.9.jar!/:6.2.9]
2026-02-02T13:51:46.508604848Z [inf]  	at org.springframework.beans.factory.support.AbstractAutowireCapableBeanFactory.createBean(AbstractAutowireCapableBeanFactory.java:529) ~[spring-beans-6.2.9.jar!/:6.2.9]
2026-02-02T13:51:46.508609837Z [inf]  	at org.springframework.beans.factory.support.AbstractBeanFactory.lambda$doGetBean$0(AbstractBeanFactory.java:339) ~[spring-beans-6.2.9.jar!/:6.2.9]
2026-02-02T13:51:46.508614986Z [inf]  	at org.springframework.beans.factory.support.DefaultSingletonBeanRegistry.getSingleton(DefaultSingletonBeanRegistry.java:373) ~[spring-beans-6.2.9.jar!/:6.2.9]
2026-02-02T13:51:46.508620195Z [inf]  	at org.springframework.beans.factory.support.AbstractBeanFactory.doGetBean(AbstractBeanFactory.java:337) ~[spring-beans-6.2.9.jar!/:6.2.9]
2026-02-02T13:51:46.508625312Z [inf]  	at org.springframework.beans.factory.support.AbstractBeanFactory.getBean(AbstractBeanFactory.java:207) ~[spring-beans-6.2.9.jar!/:6.2.9]
2026-02-02T13:51:46.508631311Z [inf]  	at org.springframework.boot.web.servlet.ServletContextInitializerBeans.getOrderedBeansOfType(ServletContextInitializerBeans.java:211) ~[spring-boot-3.4.8.jar!/:3.4.8]
2026-02-02T13:51:46.508636606Z [inf]  	at org.springframework.boot.web.servlet.ServletContextInitializerBeans.addAsRegistrationBean(ServletContextInitializerBeans.java:174) ~[spring-boot-3.4.8.jar!/:3.4.8]
2026-02-02T13:51:46.508641673Z [inf]  	at org.springframework.boot.web.servlet.ServletContextInitializerBeans.addAsRegistrationBean(ServletContextInitializerBeans.java:169) ~[spring-boot-3.4.8.jar!/:3.4.8]
2026-02-02T13:51:46.510065651Z [inf]  	at org.springframework.boot.web.embedded.tomcat.TomcatStarter.onStartup(TomcatStarter.java:52) ~[spring-boot-3.4.8.jar!/:3.4.8]
2026-02-02T13:51:46.510074026Z [inf]  	at org.apache.catalina.core.StandardContext.startInternal(StandardContext.java:4464) ~[tomcat-embed-core-10.1.43.jar!/:na]
2026-02-02T13:51:46.510079239Z [inf]  	at org.apache.catalina.util.LifecycleBase.start(LifecycleBase.java:164) ~[tomcat-embed-core-10.1.43.jar!/:na]
2026-02-02T13:51:46.510084384Z [inf]  	at org.apache.catalina.core.ContainerBase$StartChild.call(ContainerBase.java:1203) ~[tomcat-embed-core-10.1.43.jar!/:na]
2026-02-02T13:51:46.510090236Z [inf]  	at org.apache.catalina.core.ContainerBase$StartChild.call(ContainerBase.java:1193) ~[tomcat-embed-core-10.1.43.jar!/:na]
2026-02-02T13:51:46.510094864Z [inf]  	at java.base/java.util.concurrent.FutureTask.run(FutureTask.java:317) ~[na:na]
2026-02-02T13:51:46.510099622Z [inf]  	at org.apache.tomcat.util.threads.InlineExecutorService.execute(InlineExecutorService.java:75) ~[tomcat-embed-core-10.1.43.jar!/:na]
2026-02-02T13:51:46.510104934Z [inf]  	at java.base/java.util.concurrent.AbstractExecutorService.submit(AbstractExecutorService.java:145) ~[na:na]
2026-02-02T13:51:46.510212852Z [inf]  	at org.springframework.boot.web.servlet.ServletContextInitializerBeans.addAdaptableBeans(ServletContextInitializerBeans.java:154) ~[spring-boot-3.4.8.jar!/:3.4.8]
2026-02-02T13:51:46.510218177Z [inf]  	at org.springframework.boot.web.servlet.ServletContextInitializerBeans.<init>(ServletContextInitializerBeans.java:87) ~[spring-boot-3.4.8.jar!/:3.4.8]
2026-02-02T13:51:46.510223572Z [inf]  	at org.springframework.boot.web.servlet.context.ServletWebServerApplicationContext.getServletContextInitializerBeans(ServletWebServerApplicationContext.java:271) ~[spring-boot-3.4.8.jar!/:3.4.8]
2026-02-02T13:51:46.510229278Z [inf]  	at org.springframework.boot.web.servlet.context.ServletWebServerApplicationContext.selfInitialize(ServletWebServerApplicationContext.java:245) ~[spring-boot-3.4.8.jar!/:3.4.8]
2026-02-02T13:51:46.511925565Z [inf]  	at org.apache.catalina.core.StandardEngine.startInternal(StandardEngine.java:203) ~[tomcat-embed-core-10.1.43.jar!/:na]
2026-02-02T13:51:46.511926036Z [inf]  	at org.apache.catalina.util.LifecycleBase.start(LifecycleBase.java:164) ~[tomcat-embed-core-10.1.43.jar!/:na]
2026-02-02T13:51:46.511935409Z [inf]  	at org.apache.catalina.util.LifecycleBase.start(LifecycleBase.java:164) ~[tomcat-embed-core-10.1.43.jar!/:na]
2026-02-02T13:51:46.511940970Z [inf]  	at org.apache.catalina.util.LifecycleBase.start(LifecycleBase.java:164) ~[tomcat-embed-core-10.1.43.jar!/:na]
2026-02-02T13:51:46.511942707Z [inf]  	at org.apache.catalina.core.StandardService.startInternal(StandardService.java:412) ~[tomcat-embed-core-10.1.43.jar!/:na]
2026-02-02T13:51:46.511951701Z [inf]  	at org.apache.catalina.core.ContainerBase$StartChild.call(ContainerBase.java:1203) ~[tomcat-embed-core-10.1.43.jar!/:na]
2026-02-02T13:51:46.511957594Z [inf]  	at org.apache.catalina.core.ContainerBase$StartChild.call(ContainerBase.java:1193) ~[tomcat-embed-core-10.1.43.jar!/:na]
2026-02-02T13:51:46.511962879Z [inf]  	at java.base/java.util.concurrent.FutureTask.run(FutureTask.java:317) ~[na:na]
2026-02-02T13:51:46.511968041Z [inf]  	at org.apache.tomcat.util.threads.InlineExecutorService.execute(InlineExecutorService.java:75) ~[tomcat-embed-core-10.1.43.jar!/:na]
2026-02-02T13:51:46.511973402Z [inf]  	at java.base/java.util.concurrent.AbstractExecutorService.submit(AbstractExecutorService.java:145) ~[na:na]
2026-02-02T13:51:46.511978524Z [inf]  	at org.apache.catalina.core.ContainerBase.startInternal(ContainerBase.java:749) ~[tomcat-embed-core-10.1.43.jar!/:na]
2026-02-02T13:51:46.512033307Z [inf]  	at org.apache.catalina.core.ContainerBase.startInternal(ContainerBase.java:749) ~[tomcat-embed-core-10.1.43.jar!/:na]
2026-02-02T13:51:46.512037672Z [inf]  	at org.apache.catalina.core.StandardHost.startInternal(StandardHost.java:772) ~[tomcat-embed-core-10.1.43.jar!/:na]
2026-02-02T13:51:46.513878077Z [inf]  	... 18 common frames omitted
2026-02-02T13:51:46.513885759Z [inf]  Caused by: org.springframework.beans.factory.UnsatisfiedDependencyException: Error creating bean with name 'customUserDetailsService' defined in URL [jar:nested:/app/app.jar/!BOOT-INF/classes/!/jazz/cosplay_store/service/CustomUserDetailsService.class]: Unsatisfied dependency expressed through constructor parameter 0: Error creating bean with name 'userRepository' defined in jazz.cosplay_store.repository.UserRepository defined in @EnableJpaRepositories declared on JpaRepositoriesRegistrar.EnableJpaRepositoriesConfiguration: Cannot resolve reference to bean 'jpaSharedEM_entityManagerFactory' while setting bean property 'entityManager'
2026-02-02T13:51:46.513896072Z [inf]  	at org.springframework.beans.factory.support.ConstructorResolver.createArgumentArray(ConstructorResolver.java:804) ~[spring-beans-6.2.9.jar!/:6.2.9]
2026-02-02T13:51:46.513909222Z [inf]  	at org.springframework.beans.factory.support.ConstructorResolver.autowireConstructor(ConstructorResolver.java:240) ~[spring-beans-6.2.9.jar!/:6.2.9]
2026-02-02T13:51:46.513927722Z [inf]  	at org.apache.catalina.core.StandardServer.startInternal(StandardServer.java:870) ~[tomcat-embed-core-10.1.43.jar!/:na]
2026-02-02T13:51:46.513937266Z [inf]  	at org.apache.catalina.util.LifecycleBase.start(LifecycleBase.java:164) ~[tomcat-embed-core-10.1.43.jar!/:na]
2026-02-02T13:51:46.513943771Z [inf]  	at org.apache.catalina.startup.Tomcat.start(Tomcat.java:438) ~[tomcat-embed-core-10.1.43.jar!/:na]
2026-02-02T13:51:46.513950431Z [inf]  	at org.springframework.boot.web.embedded.tomcat.TomcatWebServer.initialize(TomcatWebServer.java:128) ~[spring-boot-3.4.8.jar!/:3.4.8]
2026-02-02T13:51:46.514098158Z [inf]  	at org.springframework.beans.factory.support.AbstractAutowireCapableBeanFactory.autowireConstructor(AbstractAutowireCapableBeanFactory.java:1395) ~[spring-beans-6.2.9.jar!/:6.2.9]
2026-02-02T13:51:46.514108057Z [inf]  	at org.springframework.beans.factory.support.AbstractAutowireCapableBeanFactory.createBeanInstance(AbstractAutowireCapableBeanFactory.java:1232) ~[spring-beans-6.2.9.jar!/:6.2.9]
2026-02-02T13:51:46.515430127Z [inf]  	at org.springframework.beans.factory.support.ConstructorResolver.resolveAutowiredArgument(ConstructorResolver.java:913) ~[spring-beans-6.2.9.jar!/:6.2.9]
2026-02-02T13:51:46.515432030Z [inf]  	at org.springframework.beans.factory.support.AbstractBeanFactory.doGetBean(AbstractBeanFactory.java:337) ~[spring-beans-6.2.9.jar!/:6.2.9]
2026-02-02T13:51:46.515438358Z [inf]  	at org.springframework.beans.factory.support.ConstructorResolver.createArgumentArray(ConstructorResolver.java:791) ~[spring-beans-6.2.9.jar!/:6.2.9]
2026-02-02T13:51:46.515440264Z [inf]  	at org.springframework.beans.factory.support.AbstractBeanFactory.getBean(AbstractBeanFactory.java:202) ~[spring-beans-6.2.9.jar!/:6.2.9]
2026-02-02T13:51:46.515445583Z [inf]  	at org.springframework.beans.factory.config.DependencyDescriptor.resolveCandidate(DependencyDescriptor.java:254) ~[spring-beans-6.2.9.jar!/:6.2.9]
2026-02-02T13:51:46.515450873Z [inf]  	at org.springframework.beans.factory.support.DefaultListableBeanFactory.doResolveDependency(DefaultListableBeanFactory.java:1745) ~[spring-beans-6.2.9.jar!/:6.2.9]
2026-02-02T13:51:46.515455555Z [inf]  	at org.springframework.beans.factory.support.DefaultListableBeanFactory.resolveDependency(DefaultListableBeanFactory.java:1628) ~[spring-beans-6.2.9.jar!/:6.2.9]
2026-02-02T13:51:46.515480605Z [inf]  	at org.springframework.beans.factory.support.AbstractAutowireCapableBeanFactory.doCreateBean(AbstractAutowireCapableBeanFactory.java:569) ~[spring-beans-6.2.9.jar!/:6.2.9]
2026-02-02T13:51:46.515486833Z [inf]  	at org.springframework.beans.factory.support.AbstractAutowireCapableBeanFactory.createBean(AbstractAutowireCapableBeanFactory.java:529) ~[spring-beans-6.2.9.jar!/:6.2.9]
2026-02-02T13:51:46.515493511Z [inf]  	at org.springframework.beans.factory.support.AbstractBeanFactory.lambda$doGetBean$0(AbstractBeanFactory.java:339) ~[spring-beans-6.2.9.jar!/:6.2.9]
2026-02-02T13:51:46.515498777Z [inf]  	at org.springframework.beans.factory.support.DefaultSingletonBeanRegistry.getSingleton(DefaultSingletonBeanRegistry.java:373) ~[spring-beans-6.2.9.jar!/:6.2.9]
2026-02-02T13:51:46.517199773Z [inf]  	at org.springframework.beans.factory.support.AbstractAutowireCapableBeanFactory.createBean(AbstractAutowireCapableBeanFactory.java:529) ~[spring-beans-6.2.9.jar!/:6.2.9]
2026-02-02T13:51:46.517208726Z [inf]  	... 59 common frames omitted
2026-02-02T13:51:46.517209096Z [inf]  	at org.springframework.beans.factory.support.AbstractBeanFactory.lambda$doGetBean$0(AbstractBeanFactory.java:339) ~[spring-beans-6.2.9.jar!/:6.2.9]
2026-02-02T13:51:46.517216076Z [inf]  	at org.springframework.beans.factory.support.DefaultSingletonBeanRegistry.getSingleton(DefaultSingletonBeanRegistry.java:373) ~[spring-beans-6.2.9.jar!/:6.2.9]
2026-02-02T13:51:46.517217225Z [inf]  Caused by: org.springframework.beans.factory.BeanCreationException: Error creating bean with name 'userRepository' defined in jazz.cosplay_store.repository.UserRepository defined in @EnableJpaRepositories declared on JpaRepositoriesRegistrar.EnableJpaRepositoriesConfiguration: Cannot resolve reference to bean 'jpaSharedEM_entityManagerFactory' while setting bean property 'entityManager'
2026-02-02T13:51:46.517224770Z [inf]  	at org.springframework.beans.factory.support.BeanDefinitionValueResolver.resolveReference(BeanDefinitionValueResolver.java:377) ~[spring-beans-6.2.9.jar!/:6.2.9]
2026-02-02T13:51:46.517230488Z [inf]  	at org.springframework.beans.factory.support.BeanDefinitionValueResolver.resolveValueIfNecessary(BeanDefinitionValueResolver.java:135) ~[spring-beans-6.2.9.jar!/:6.2.9]
2026-02-02T13:51:46.517236372Z [inf]  	at org.springframework.beans.factory.support.AbstractAutowireCapableBeanFactory.applyPropertyValues(AbstractAutowireCapableBeanFactory.java:1725) ~[spring-beans-6.2.9.jar!/:6.2.9]
2026-02-02T13:51:46.517242492Z [inf]  	at org.springframework.beans.factory.support.AbstractAutowireCapableBeanFactory.populateBean(AbstractAutowireCapableBeanFactory.java:1474) ~[spring-beans-6.2.9.jar!/:6.2.9]
2026-02-02T13:51:46.517247793Z [inf]  	at org.springframework.beans.factory.support.AbstractAutowireCapableBeanFactory.doCreateBean(AbstractAutowireCapableBeanFactory.java:606) ~[spring-beans-6.2.9.jar!/:6.2.9]
2026-02-02T13:51:46.519720609Z [inf]  	at org.springframework.beans.factory.support.ConstructorResolver.resolveConstructorArguments(ConstructorResolver.java:691) ~[spring-beans-6.2.9.jar!/:6.2.9]
2026-02-02T13:51:46.519727744Z [inf]  	at org.springframework.beans.factory.support.AbstractBeanFactory.doGetBean(AbstractBeanFactory.java:337) ~[spring-beans-6.2.9.jar!/:6.2.9]
2026-02-02T13:51:46.519732904Z [inf]  	at org.springframework.beans.factory.support.AbstractBeanFactory.getBean(AbstractBeanFactory.java:202) ~[spring-beans-6.2.9.jar!/:6.2.9]
2026-02-02T13:51:46.519738304Z [inf]  	at org.springframework.beans.factory.support.DefaultListableBeanFactory.doResolveDependency(DefaultListableBeanFactory.java:1683) ~[spring-beans-6.2.9.jar!/:6.2.9]
2026-02-02T13:51:46.519743208Z [inf]  	at org.springframework.beans.factory.support.ConstructorResolver.resolveAutowiredArgument(ConstructorResolver.java:913) ~[spring-beans-6.2.9.jar!/:6.2.9]
2026-02-02T13:51:46.519744259Z [inf]  	at org.springframework.beans.factory.support.DefaultListableBeanFactory.resolveDependency(DefaultListableBeanFactory.java:1628) ~[spring-beans-6.2.9.jar!/:6.2.9]
2026-02-02T13:51:46.519756610Z [inf]  	at org.springframework.beans.factory.support.ConstructorResolver.createArgumentArray(ConstructorResolver.java:791) ~[spring-beans-6.2.9.jar!/:6.2.9]
2026-02-02T13:51:46.519767106Z [inf]  	... 73 common frames omitted
2026-02-02T13:51:46.519780733Z [inf]  Caused by: org.springframework.beans.factory.BeanCreationException: Error creating bean with name 'jpaSharedEM_entityManagerFactory': Cannot resolve reference to bean 'entityManagerFactory' while setting constructor argument
2026-02-02T13:51:46.519787323Z [inf]  	at org.springframework.beans.factory.support.BeanDefinitionValueResolver.resolveReference(BeanDefinitionValueResolver.java:377) ~[spring-beans-6.2.9.jar!/:6.2.9]
2026-02-02T13:51:46.519793454Z [inf]  	at org.springframework.beans.factory.support.BeanDefinitionValueResolver.resolveValueIfNecessary(BeanDefinitionValueResolver.java:135) ~[spring-beans-6.2.9.jar!/:6.2.9]
2026-02-02T13:51:46.521463481Z [inf]  	at org.springframework.beans.factory.support.ConstructorResolver.instantiateUsingFactoryMethod(ConstructorResolver.java:513) ~[spring-beans-6.2.9.jar!/:6.2.9]
2026-02-02T13:51:46.521467242Z [inf]  	at org.springframework.beans.factory.support.AbstractAutowireCapableBeanFactory.instantiateUsingFactoryMethod(AbstractAutowireCapableBeanFactory.java:1375) ~[spring-beans-6.2.9.jar!/:6.2.9]
2026-02-02T13:51:46.521470992Z [inf]  	at org.springframework.beans.factory.support.AbstractAutowireCapableBeanFactory.createBeanInstance(AbstractAutowireCapableBeanFactory.java:1205) ~[spring-beans-6.2.9.jar!/:6.2.9]
2026-02-02T13:51:46.521474608Z [inf]  	at org.springframework.beans.factory.support.AbstractAutowireCapableBeanFactory.doCreateBean(AbstractAutowireCapableBeanFactory.java:569) ~[spring-beans-6.2.9.jar!/:6.2.9]
2026-02-02T13:51:46.521478329Z [inf]  	at org.springframework.beans.factory.support.AbstractAutowireCapableBeanFactory.createBean(AbstractAutowireCapableBeanFactory.java:529) ~[spring-beans-6.2.9.jar!/:6.2.9]
2026-02-02T13:51:46.521483879Z [inf]  	at org.springframework.beans.factory.support.AbstractBeanFactory.lambda$doGetBean$0(AbstractBeanFactory.java:339) ~[spring-beans-6.2.9.jar!/:6.2.9]
2026-02-02T13:51:46.521487913Z [inf]  	at org.springframework.beans.factory.support.DefaultSingletonBeanRegistry.getSingleton(DefaultSingletonBeanRegistry.java:373) ~[spring-beans-6.2.9.jar!/:6.2.9]
2026-02-02T13:51:46.521491817Z [inf]  	at org.springframework.beans.factory.support.AbstractBeanFactory.doGetBean(AbstractBeanFactory.java:337) ~[spring-beans-6.2.9.jar!/:6.2.9]
2026-02-02T13:51:46.521496040Z [inf]  	at org.springframework.beans.factory.support.AbstractBeanFactory.getBean(AbstractBeanFactory.java:202) ~[spring-beans-6.2.9.jar!/:6.2.9]
2026-02-02T13:51:46.521499742Z [inf]  	at org.springframework.beans.factory.support.BeanDefinitionValueResolver.resolveReference(BeanDefinitionValueResolver.java:365) ~[spring-beans-6.2.9.jar!/:6.2.9]
2026-02-02T13:51:46.524232991Z [inf]  	at org.springframework.beans.factory.support.AbstractBeanFactory.doGetBean(AbstractBeanFactory.java:337) ~[spring-beans-6.2.9.jar!/:6.2.9]
2026-02-02T13:51:46.524244036Z [inf]  	at org.springframework.beans.factory.support.AbstractBeanFactory.getBean(AbstractBeanFactory.java:202) ~[spring-beans-6.2.9.jar!/:6.2.9]
2026-02-02T13:51:46.524279351Z [inf]  	... 86 common frames omitted
2026-02-02T13:51:46.524286123Z [inf]  Caused by: org.springframework.beans.factory.BeanCreationException: Error creating bean with name 'entityManagerFactory' defined in class path resource [org/springframework/boot/autoconfigure/orm/jpa/HibernateJpaConfiguration.class]: [PersistenceUnit: default] Unable to build Hibernate SessionFactory; nested exception is org.hibernate.exception.JDBCConnectionException: Unable to open JDBC Connection for DDL execution [Cannot load connection class because of underlying exception: com.mysql.cj.exceptions.WrongArgumentException: Malformed database URL, failed to parse the main URL sections.] [n/a]
2026-02-02T13:51:46.524293203Z [inf]  	at org.springframework.beans.factory.support.AbstractAutowireCapableBeanFactory.initializeBean(AbstractAutowireCapableBeanFactory.java:1826) ~[spring-beans-6.2.9.jar!/:6.2.9]
2026-02-02T13:51:46.524298801Z [inf]  	at org.springframework.beans.factory.support.AbstractAutowireCapableBeanFactory.doCreateBean(AbstractAutowireCapableBeanFactory.java:607) ~[spring-beans-6.2.9.jar!/:6.2.9]
2026-02-02T13:51:46.524304726Z [inf]  	at org.springframework.beans.factory.support.AbstractAutowireCapableBeanFactory.createBean(AbstractAutowireCapableBeanFactory.java:529) ~[spring-beans-6.2.9.jar!/:6.2.9]
2026-02-02T13:51:46.524310052Z [inf]  	at org.springframework.beans.factory.support.AbstractBeanFactory.lambda$doGetBean$0(AbstractBeanFactory.java:339) ~[spring-beans-6.2.9.jar!/:6.2.9]
2026-02-02T13:51:46.524315445Z [inf]  	at org.springframework.beans.factory.support.DefaultSingletonBeanRegistry.getSingleton(DefaultSingletonBeanRegistry.java:373) ~[spring-beans-6.2.9.jar!/:6.2.9]
2026-02-02T13:51:46.525477207Z [inf]  	at org.springframework.beans.factory.support.AbstractAutowireCapableBeanFactory.initializeBean(AbstractAutowireCapableBeanFactory.java:1822) ~[spring-beans-6.2.9.jar!/:6.2.9]
2026-02-02T13:51:46.525482896Z [inf]  	... 105 common frames omitted
2026-02-02T13:51:46.525488539Z [inf]  Caused by: org.hibernate.exception.JDBCConnectionException: Unable to open JDBC Connection for DDL execution [Cannot load connection class because of underlying exception: com.mysql.cj.exceptions.WrongArgumentException: Malformed database URL, failed to parse the main URL sections.] [n/a]
2026-02-02T13:51:46.525494751Z [inf]  	at org.springframework.beans.factory.support.BeanDefinitionValueResolver.resolveReference(BeanDefinitionValueResolver.java:365) ~[spring-beans-6.2.9.jar!/:6.2.9]
2026-02-02T13:51:46.525498960Z [inf]  	at org.springframework.orm.jpa.AbstractEntityManagerFactoryBean.buildNativeEntityManagerFactory(AbstractEntityManagerFactoryBean.java:431) ~[spring-orm-6.2.9.jar!/:6.2.9]
2026-02-02T13:51:46.525504079Z [inf]  	... 98 common frames omitted
2026-02-02T13:51:46.525505560Z [inf]  	at org.springframework.orm.jpa.AbstractEntityManagerFactoryBean.afterPropertiesSet(AbstractEntityManagerFactoryBean.java:400) ~[spring-orm-6.2.9.jar!/:6.2.9]
2026-02-02T13:51:46.525510881Z [inf]  	at org.springframework.orm.jpa.LocalContainerEntityManagerFactoryBean.afterPropertiesSet(LocalContainerEntityManagerFactoryBean.java:366) ~[spring-orm-6.2.9.jar!/:6.2.9]
2026-02-02T13:51:46.525512672Z [inf]  Caused by: jakarta.persistence.PersistenceException: [PersistenceUnit: default] Unable to build Hibernate SessionFactory; nested exception is org.hibernate.exception.JDBCConnectionException: Unable to open JDBC Connection for DDL execution [Cannot load connection class because of underlying exception: com.mysql.cj.exceptions.WrongArgumentException: Malformed database URL, failed to parse the main URL sections.] [n/a]
2026-02-02T13:51:46.525516376Z [inf]  	at org.springframework.beans.factory.support.AbstractAutowireCapableBeanFactory.invokeInitMethods(AbstractAutowireCapableBeanFactory.java:1873) ~[spring-beans-6.2.9.jar!/:6.2.9]
2026-02-02T13:51:46.527907199Z [inf]  	at org.hibernate.engine.jdbc.spi.SqlExceptionHelper.convert(SqlExceptionHelper.java:94) ~[hibernate-core-6.6.22.Final.jar!/:6.6.22.Final]
2026-02-02T13:51:46.527914701Z [inf]  	at org.hibernate.resource.transaction.backend.jdbc.internal.DdlTransactionIsolatorNonJtaImpl.getIsolatedConnection(DdlTransactionIsolatorNonJtaImpl.java:74) ~[hibernate-core-6.6.22.Final.jar!/:6.6.22.Final]
2026-02-02T13:51:46.527920024Z [inf]  	at org.hibernate.resource.transaction.backend.jdbc.internal.DdlTransactionIsolatorNonJtaImpl.getIsolatedConnection(DdlTransactionIsolatorNonJtaImpl.java:39) ~[hibernate-core-6.6.22.Final.jar!/:6.6.22.Final]
2026-02-02T13:51:46.527924786Z [inf]  	at org.hibernate.tool.schema.internal.exec.ImprovedExtractionContextImpl.getJdbcConnection(ImprovedExtractionContextImpl.java:63) ~[hibernate-core-6.6.22.Final.jar!/:6.6.22.Final]
2026-02-02T13:51:46.527928947Z [inf]  	at org.hibernate.tool.schema.internal.exec.ImprovedExtractionContextImpl.getJdbcDatabaseMetaData(ImprovedExtractionContextImpl.java:70) ~[hibernate-core-6.6.22.Final.jar!/:6.6.22.Final]
2026-02-02T13:51:46.527933725Z [inf]  	at org.hibernate.tool.schema.extract.internal.InformationExtractorJdbcDatabaseMetaDataImpl.processTableResultSet(InformationExtractorJdbcDatabaseMetaDataImpl.java:65) ~[hibernate-core-6.6.22.Final.jar!/:6.6.22.Final]
2026-02-02T13:51:46.527937850Z [inf]  	at org.hibernate.tool.schema.extract.internal.AbstractInformationExtractorImpl.getTables(AbstractInformationExtractorImpl.java:570) ~[hibernate-core-6.6.22.Final.jar!/:6.6.22.Final]
2026-02-02T13:51:46.527955926Z [inf]  	at org.hibernate.exception.internal.SQLExceptionTypeDelegate.convert(SQLExceptionTypeDelegate.java:51) ~[hibernate-core-6.6.22.Final.jar!/:6.6.22.Final]
2026-02-02T13:51:46.527963573Z [inf]  	at org.hibernate.exception.internal.StandardSQLExceptionConverter.convert(StandardSQLExceptionConverter.java:58) ~[hibernate-core-6.6.22.Final.jar!/:6.6.22.Final]
2026-02-02T13:51:46.527969044Z [inf]  	at org.hibernate.engine.jdbc.spi.SqlExceptionHelper.convert(SqlExceptionHelper.java:108) ~[hibernate-core-6.6.22.Final.jar!/:6.6.22.Final]
2026-02-02T13:51:46.529766091Z [inf]  	at org.hibernate.tool.schema.spi.SchemaManagementToolCoordinator.lambda$process$5(SchemaManagementToolCoordinator.java:144) ~[hibernate-core-6.6.22.Final.jar!/:6.6.22.Final]
2026-02-02T13:51:46.529773936Z [inf]  	at java.base/java.util.HashMap.forEach(HashMap.java:1429) ~[na:na]
2026-02-02T13:51:46.529779678Z [inf]  	at org.hibernate.tool.schema.spi.SchemaManagementToolCoordinator.process(SchemaManagementToolCoordinator.java:141) ~[hibernate-core-6.6.22.Final.jar!/:6.6.22.Final]
2026-02-02T13:51:46.529784849Z [inf]  	at org.hibernate.boot.internal.SessionFactoryObserverForSchemaExport.sessionFactoryCreated(SessionFactoryObserverForSchemaExport.java:37) ~[hibernate-core-6.6.22.Final.jar!/:6.6.22.Final]
2026-02-02T13:51:46.529791526Z [inf]  	at org.hibernate.internal.SessionFactoryObserverChain.sessionFactoryCreated(SessionFactoryObserverChain.java:35) ~[hibernate-core-6.6.22.Final.jar!/:6.6.22.Final]
2026-02-02T13:51:46.529792129Z [inf]  	at org.hibernate.tool.schema.extract.internal.DatabaseInformationImpl.getTablesInformation(DatabaseInformationImpl.java:122) ~[hibernate-core-6.6.22.Final.jar!/:6.6.22.Final]
2026-02-02T13:51:46.529796966Z [inf]  	at org.hibernate.tool.schema.internal.GroupedSchemaMigratorImpl.performTablesMigration(GroupedSchemaMigratorImpl.java:72) ~[hibernate-core-6.6.22.Final.jar!/:6.6.22.Final]
2026-02-02T13:51:46.529801116Z [inf]  	at org.hibernate.tool.schema.internal.AbstractSchemaMigrator.performMigration(AbstractSchemaMigrator.java:233) ~[hibernate-core-6.6.22.Final.jar!/:6.6.22.Final]
2026-02-02T13:51:46.529816602Z [inf]  	at org.hibernate.tool.schema.internal.AbstractSchemaMigrator.doMigration(AbstractSchemaMigrator.java:112) ~[hibernate-core-6.6.22.Final.jar!/:6.6.22.Final]
2026-02-02T13:51:46.529820747Z [inf]  	at org.hibernate.tool.schema.spi.SchemaManagementToolCoordinator.performDatabaseAction(SchemaManagementToolCoordinator.java:280) ~[hibernate-core-6.6.22.Final.jar!/:6.6.22.Final]
2026-02-02T13:51:46.531959787Z [inf]  	at org.hibernate.internal.SessionFactoryImpl.<init>(SessionFactoryImpl.java:324) ~[hibernate-core-6.6.22.Final.jar!/:6.6.22.Final]
2026-02-02T13:51:46.531966818Z [inf]  	at org.hibernate.boot.internal.SessionFactoryBuilderImpl.build(SessionFactoryBuilderImpl.java:463) ~[hibernate-core-6.6.22.Final.jar!/:6.6.22.Final]
2026-02-02T13:51:46.531971808Z [inf]  	at org.hibernate.jpa.boot.internal.EntityManagerFactoryBuilderImpl.build(EntityManagerFactoryBuilderImpl.java:1517) ~[hibernate-core-6.6.22.Final.jar!/:6.6.22.Final]
2026-02-02T13:51:46.531978232Z [inf]  	at org.springframework.orm.jpa.vendor.SpringHibernateJpaPersistenceProvider.createContainerEntityManagerFactory(SpringHibernateJpaPersistenceProvider.java:66) ~[spring-orm-6.2.9.jar!/:6.2.9]
2026-02-02T13:51:46.531982876Z [inf]  	at org.springframework.orm.jpa.LocalContainerEntityManagerFactoryBean.createNativeEntityManagerFactory(LocalContainerEntityManagerFactoryBean.java:390) ~[spring-orm-6.2.9.jar!/:6.2.9]
2026-02-02T13:51:46.531987264Z [inf]  	at org.springframework.orm.jpa.AbstractEntityManagerFactoryBean.buildNativeEntityManagerFactory(AbstractEntityManagerFactoryBean.java:419) ~[spring-orm-6.2.9.jar!/:6.2.9]
2026-02-02T13:51:46.531991593Z [inf]  	... 109 common frames omitted
2026-02-02T13:51:46.531995930Z [inf]  Caused by: java.sql.SQLNonTransientConnectionException: Cannot load connection class because of underlying exception: com.mysql.cj.exceptions.WrongArgumentException: Malformed database URL, failed to parse the main URL sections.
2026-02-02T13:51:46.532000270Z [inf]  	at com.mysql.cj.jdbc.exceptions.SQLError.createSQLException(SQLError.java:102) ~[mysql-connector-j-9.3.0.jar!/:9.3.0]
2026-02-02T13:51:46.532004198Z [inf]  	at com.mysql.cj.jdbc.exceptions.SQLError.createSQLException(SQLError.java:89) ~[mysql-connector-j-9.3.0.jar!/:9.3.0]
2026-02-02T13:51:46.532008916Z [inf]  	at com.mysql.cj.jdbc.exceptions.SQLError.createSQLException(SQLError.java:81) ~[mysql-connector-j-9.3.0.jar!/:9.3.0]
2026-02-02T13:51:46.533826381Z [inf]  	at com.mysql.cj.jdbc.exceptions.SQLError.createSQLException(SQLError.java:55) ~[mysql-connector-j-9.3.0.jar!/:9.3.0]
2026-02-02T13:51:46.533833470Z [inf]  	at com.mysql.cj.jdbc.exceptions.SQLError.createSQLException(SQLError.java:65) ~[mysql-connector-j-9.3.0.jar!/:9.3.0]
2026-02-02T13:51:46.533839039Z [inf]  	at com.mysql.cj.jdbc.exceptions.SQLExceptionsMapping.translateException(SQLExceptionsMapping.java:70) ~[mysql-connector-j-9.3.0.jar!/:9.3.0]
2026-02-02T13:51:46.533843573Z [inf]  	at com.mysql.cj.jdbc.exceptions.SQLExceptionsMapping.translateException(SQLExceptionsMapping.java:123) ~[mysql-connector-j-9.3.0.jar!/:9.3.0]
2026-02-02T13:51:46.533850185Z [inf]  	at com.mysql.cj.jdbc.NonRegisteringDriver.connect(NonRegisteringDriver.java:203) ~[mysql-connector-j-9.3.0.jar!/:9.3.0]
2026-02-02T13:51:46.533854649Z [inf]  	at com.zaxxer.hikari.util.DriverDataSource.getConnection(DriverDataSource.java:137) ~[HikariCP-5.1.0.jar!/:na]
2026-02-02T13:51:46.533859467Z [inf]  	at com.zaxxer.hikari.pool.PoolBase.newConnection(PoolBase.java:360) ~[HikariCP-5.1.0.jar!/:na]
2026-02-02T13:51:46.533863632Z [inf]  	at com.zaxxer.hikari.pool.PoolBase.newPoolEntry(PoolBase.java:202) ~[HikariCP-5.1.0.jar!/:na]
2026-02-02T13:51:46.533868334Z [inf]  	at com.zaxxer.hikari.pool.HikariPool.createPoolEntry(HikariPool.java:461) ~[HikariCP-5.1.0.jar!/:na]
2026-02-02T13:51:46.533877853Z [inf]  	at com.zaxxer.hikari.pool.HikariPool.checkFailFast(HikariPool.java:550) ~[HikariCP-5.1.0.jar!/:na]
2026-02-02T13:51:46.533882114Z [inf]  	at com.zaxxer.hikari.pool.HikariPool.<init>(HikariPool.java:98) ~[HikariCP-5.1.0.jar!/:na]
2026-02-02T13:51:46.533886523Z [inf]  	at com.zaxxer.hikari.HikariDataSource.getConnection(HikariDataSource.java:111) ~[HikariCP-5.1.0.jar!/:na]
2026-02-02T13:51:46.533890784Z [inf]  	at org.hibernate.engine.jdbc.connections.internal.DatasourceConnectionProviderImpl.getConnection(DatasourceConnectionProviderImpl.java:126) ~[hibernate-core-6.6.22.Final.jar!/:6.6.22.Final]
2026-02-02T13:51:46.536125374Z [inf]  	at org.hibernate.engine.jdbc.env.internal.JdbcEnvironmentInitiator$ConnectionProviderJdbcConnectionAccess.obtainConnection(JdbcEnvironmentInitiator.java:483) ~[hibernate-core-6.6.22.Final.jar!/:6.6.22.Final]
2026-02-02T13:51:46.536128421Z [inf]  	at java.base/jdk.internal.reflect.DirectConstructorHandleAccessor.newInstance(DirectConstructorHandleAccessor.java:62) ~[na:na]
2026-02-02T13:51:46.536134642Z [inf]  	at org.hibernate.resource.transaction.backend.jdbc.internal.DdlTransactionIsolatorNonJtaImpl.getIsolatedConnection(DdlTransactionIsolatorNonJtaImpl.java:46) ~[hibernate-core-6.6.22.Final.jar!/:6.6.22.Final]
2026-02-02T13:51:46.536140885Z [inf]  	... 130 common frames omitted
2026-02-02T13:51:46.536146601Z [inf]  Caused by: com.mysql.cj.exceptions.UnableToConnectException: Cannot load connection class because of underlying exception: com.mysql.cj.exceptions.WrongArgumentException: Malformed database URL, failed to parse the main URL sections.
2026-02-02T13:51:46.536151939Z [inf]  	at java.base/jdk.internal.reflect.DirectConstructorHandleAccessor.newInstance(DirectConstructorHandleAccessor.java:62) ~[na:na]
2026-02-02T13:51:46.536157238Z [inf]  	at java.base/java.lang.reflect.Constructor.newInstanceWithCaller(Constructor.java:502) ~[na:na]
2026-02-02T13:51:46.536163460Z [inf]  	at java.base/java.lang.reflect.Constructor.newInstance(Constructor.java:486) ~[na:na]
2026-02-02T13:51:46.536169212Z [inf]  	at com.mysql.cj.exceptions.ExceptionFactory.createException(ExceptionFactory.java:52) ~[mysql-connector-j-9.3.0.jar!/:9.3.0]
2026-02-02T13:51:46.536175777Z [inf]  	at com.mysql.cj.exceptions.ExceptionFactory.createException(ExceptionFactory.java:95) ~[mysql-connector-j-9.3.0.jar!/:9.3.0]
2026-02-02T13:51:46.536181495Z [inf]  	... 141 common frames omitted
2026-02-02T13:51:46.536186990Z [inf]  Caused by: com.mysql.cj.exceptions.WrongArgumentException: Malformed database URL, failed to parse the main URL sections.
2026-02-02T13:51:46.539653802Z [inf]  	at java.base/java.lang.reflect.Constructor.newInstanceWithCaller(Constructor.java:502) ~[na:na]
2026-02-02T13:51:46.539665832Z [inf]  	at java.base/java.lang.reflect.Constructor.newInstance(Constructor.java:486) ~[na:na]
2026-02-02T13:51:46.539698491Z [inf]  	at com.mysql.cj.exceptions.ExceptionFactory.createException(ExceptionFactory.java:52) ~[mysql-connector-j-9.3.0.jar!/:9.3.0]
2026-02-02T13:51:46.539706181Z [inf]  	at com.mysql.cj.conf.ConnectionUrlParser.parseConnectionString(ConnectionUrlParser.java:155) ~[mysql-connector-j-9.3.0.jar!/:9.3.0]
2026-02-02T13:51:46.539712453Z [inf]  	at com.mysql.cj.conf.ConnectionUrlParser.<init>(ConnectionUrlParser.java:129) ~[mysql-connector-j-9.3.0.jar!/:9.3.0]
2026-02-02T13:51:46.539719794Z [inf]  	at com.mysql.cj.conf.ConnectionUrlParser.parseConnectionString(ConnectionUrlParser.java:111) ~[mysql-connector-j-9.3.0.jar!/:9.3.0]
2026-02-02T13:51:46.539725989Z [inf]  	at com.mysql.cj.conf.ConnectionUrl.getConnectionUrlInstance(ConnectionUrl.java:281) ~[mysql-connector-j-9.3.0.jar!/:9.3.0]
2026-02-02T13:51:46.539731801Z [inf]  	at com.mysql.cj.jdbc.NonRegisteringDriver.connect(NonRegisteringDriver.java:177) ~[mysql-connector-j-9.3.0.jar!/:9.3.0]
2026-02-02T13:51:46.539737970Z [inf]  	... 140 common frames omitted
2026-02-02T13:51:46.539745156Z [inf]  
2026-02-02T13:51:49.796341041Z [inf]  
2026-02-02T13:51:49.796350871Z [inf]    .   ____          _            __ _ _
2026-02-02T13:51:49.796356390Z [inf]   /\\ / ___'_ __ _ _(_)_ __  __ _ \ \ \ \
2026-02-02T13:51:49.796361043Z [inf]  ( ( )\___ | '_ | '_| | '_ \/ _` | \ \ \ \
2026-02-02T13:51:49.796366849Z [inf]   \\/  ___)| |_)| | | | | || (_| |  ) ) ) )
2026-02-02T13:51:49.796371923Z [inf]    '  |____| .__|_| |_|_| |_\__, | / / / /
2026-02-02T13:51:49.796376629Z [inf]   =========|_|==============|___/=/_/_/_/
2026-02-02T13:51:49.796381279Z [inf]  
2026-02-02T13:51:49.796390688Z [inf]   :: Spring Boot ::                (v3.4.8)
2026-02-02T13:51:49.796397404Z [inf]  
2026-02-02T13:51:50.047570667Z [inf]  2026-02-02T13:51:50.032Z  INFO 1 --- [CosplayStore] [           main] j.cosplay_store.CosplayStoreApplication  : Starting CosplayStoreApplication v0.0.1-SNAPSHOT using Java 21.0.9 with PID 1 (/app/app.jar started by root in /app)
2026-02-02T13:51:50.047590307Z [inf]  2026-02-02T13:51:50.041Z  INFO 1 --- [CosplayStore] [           main] j.cosplay_store.CosplayStoreApplication  : No active profile set, falling back to 1 default profile: "default"
2026-02-02T13:51:50.642925302Z [inf]  2026-02-02T13:51:50.194Z  INFO 1 --- [CosplayStore] [           main] .e.DevToolsPropertyDefaultsPostProcessor : For additional web related logging consider setting the 'logging.level.web' property to 'DEBUG'
2026-02-02T13:51:52.763933277Z [inf]  2026-02-02T13:51:52.563Z  INFO 1 --- [CosplayStore] [           main] .s.d.r.c.RepositoryConfigurationDelegate : Finished Spring Data repository scanning in 119 ms. Found 6 JPA repository interfaces.
2026-02-02T13:51:52.763967363Z [inf]  2026-02-02T13:51:52.434Z  INFO 1 --- [CosplayStore] [           main] .s.d.r.c.RepositoryConfigurationDelegate : Bootstrapping Spring Data JPA repositories in DEFAULT mode.
2026-02-02T13:51:54.826197855Z [inf]  2026-02-02T13:51:54.391Z  INFO 1 --- [CosplayStore] [           main] o.s.b.w.embedded.tomcat.TomcatWebServer  : Tomcat initialized with port 8080 (http)
2026-02-02T13:51:54.826204106Z [inf]  2026-02-02T13:51:54.432Z  INFO 1 --- [CosplayStore] [           main] o.apache.catalina.core.StandardService   : Starting service [Tomcat]
2026-02-02T13:51:54.826210467Z [inf]  2026-02-02T13:51:54.432Z  INFO 1 --- [CosplayStore] [           main] o.apache.catalina.core.StandardEngine    : Starting Servlet engine: [Apache Tomcat/10.1.43]
2026-02-02T13:51:54.826216329Z [inf]  2026-02-02T13:51:54.538Z  INFO 1 --- [CosplayStore] [           main] o.a.c.c.C.[Tomcat].[localhost].[/]       : Initializing Spring embedded WebApplicationContext
2026-02-02T13:51:54.826222206Z [inf]  2026-02-02T13:51:54.539Z  INFO 1 --- [CosplayStore] [           main] w.s.c.ServletWebServerApplicationContext : Root WebApplicationContext: initialization completed in 4343 ms
2026-02-02T13:51:55.198729384Z [inf]  2026-02-02T13:51:55.186Z  INFO 1 --- [CosplayStore] [           main] o.hibernate.jpa.internal.util.LogHelper  : HHH000204: Processing PersistenceUnitInfo [name: default]
2026-02-02T13:51:55.749706382Z [inf]  2026-02-02T13:51:55.489Z  INFO 1 --- [CosplayStore] [           main] org.hibernate.Version                    : HHH000412: Hibernate ORM core version 6.6.22.Final
2026-02-02T13:51:55.749718877Z [inf]  2026-02-02T13:51:55.616Z  INFO 1 --- [CosplayStore] [           main] o.h.c.internal.RegionFactoryInitiator    : HHH000026: Second-level cache disabled
2026-02-02T13:51:56.861575045Z [inf]  2026-02-02T13:51:56.330Z  INFO 1 --- [CosplayStore] [           main] o.s.o.j.p.SpringPersistenceUnitInfo      : No LoadTimeWeaver setup: ignoring JPA class transformer
2026-02-02T13:51:56.861581993Z [inf]  2026-02-02T13:51:56.438Z  INFO 1 --- [CosplayStore] [           main] com.zaxxer.hikari.HikariDataSource       : HikariPool-1 - Starting...
2026-02-02T13:51:57.864066113Z [inf]  	at org.hibernate.resource.transaction.backend.jdbc.internal.JdbcIsolationDelegate.delegateWork(JdbcIsolationDelegate.java:116) ~[hibernate-core-6.6.22.Final.jar!/:6.6.22.Final]
2026-02-02T13:51:57.864095605Z [inf]  2026-02-02T13:51:57.617Z  WARN 1 --- [CosplayStore] [           main] o.h.engine.jdbc.spi.SqlExceptionHelper   : SQL Error: 0, SQLState: 08001
2026-02-02T13:51:57.864101936Z [inf]  2026-02-02T13:51:57.617Z ERROR 1 --- [CosplayStore] [           main] o.h.engine.jdbc.spi.SqlExceptionHelper   : Cannot load connection class because of underlying exception: com.mysql.cj.exceptions.WrongArgumentException: Malformed database URL, failed to parse the main URL sections.
2026-02-02T13:51:57.864111434Z [inf]  2026-02-02T13:51:57.618Z  WARN 1 --- [CosplayStore] [           main] o.h.e.j.e.i.JdbcEnvironmentInitiator     : HHH000342: Could not obtain connection to query metadata
2026-02-02T13:51:57.864118634Z [inf]  
2026-02-02T13:51:57.864154005Z [inf]  	at org.hibernate.exception.internal.StandardSQLExceptionConverter.convert(StandardSQLExceptionConverter.java:58) ~[hibernate-core-6.6.22.Final.jar!/:6.6.22.Final]
2026-02-02T13:51:57.864161162Z [inf]  	at org.hibernate.engine.jdbc.spi.SqlExceptionHelper.convert(SqlExceptionHelper.java:108) ~[hibernate-core-6.6.22.Final.jar!/:6.6.22.Final]
2026-02-02T13:51:57.864167509Z [inf]  	at org.hibernate.engine.jdbc.spi.SqlExceptionHelper.convert(SqlExceptionHelper.java:94) ~[hibernate-core-6.6.22.Final.jar!/:6.6.22.Final]
2026-02-02T13:51:57.864290472Z [inf]  org.hibernate.exception.JDBCConnectionException: unable to obtain isolated JDBC connection [Cannot load connection class because of underlying exception: com.mysql.cj.exceptions.WrongArgumentException: Malformed database URL, failed to parse the main URL sections.] [n/a]
2026-02-02T13:51:57.864312298Z [inf]  	at org.hibernate.exception.internal.SQLStateConversionDelegate.convert(SQLStateConversionDelegate.java:100) ~[hibernate-core-6.6.22.Final.jar!/:6.6.22.Final]
2026-02-02T13:51:57.868739672Z [inf]  	at org.hibernate.engine.jdbc.env.internal.JdbcEnvironmentInitiator.getJdbcEnvironmentUsingJdbcMetadata(JdbcEnvironmentInitiator.java:336) ~[hibernate-core-6.6.22.Final.jar!/:6.6.22.Final]
2026-02-02T13:51:57.868751288Z [inf]  	at org.hibernate.engine.jdbc.env.internal.JdbcEnvironmentInitiator.initiateService(JdbcEnvironmentInitiator.java:129) ~[hibernate-core-6.6.22.Final.jar!/:6.6.22.Final]
2026-02-02T13:51:57.868758020Z [inf]  	at org.hibernate.engine.jdbc.env.internal.JdbcEnvironmentInitiator.initiateService(JdbcEnvironmentInitiator.java:81) ~[hibernate-core-6.6.22.Final.jar!/:6.6.22.Final]
2026-02-02T13:51:57.868764515Z [inf]  	at org.hibernate.boot.registry.internal.StandardServiceRegistryImpl.initiateService(StandardServiceRegistryImpl.java:130) ~[hibernate-core-6.6.22.Final.jar!/:6.6.22.Final]
2026-02-02T13:51:57.868776779Z [inf]  	at org.hibernate.service.internal.AbstractServiceRegistryImpl.createService(AbstractServiceRegistryImpl.java:263) ~[hibernate-core-6.6.22.Final.jar!/:6.6.22.Final]
2026-02-02T13:51:57.868782643Z [inf]  	at org.hibernate.service.internal.AbstractServiceRegistryImpl.initializeService(AbstractServiceRegistryImpl.java:238) ~[hibernate-core-6.6.22.Final.jar!/:6.6.22.Final]
2026-02-02T13:51:57.868788601Z [inf]  	at org.hibernate.service.internal.AbstractServiceRegistryImpl.getService(AbstractServiceRegistryImpl.java:215) ~[hibernate-core-6.6.22.Final.jar!/:6.6.22.Final]
2026-02-02T13:51:57.868795538Z [inf]  	at org.hibernate.boot.model.relational.Database.<init>(Database.java:45) ~[hibernate-core-6.6.22.Final.jar!/:6.6.22.Final]
2026-02-02T13:51:57.868802043Z [inf]  	at org.hibernate.boot.internal.InFlightMetadataCollectorImpl.getDatabase(InFlightMetadataCollectorImpl.java:226) ~[hibernate-core-6.6.22.Final.jar!/:6.6.22.Final]
2026-02-02T13:51:57.868808360Z [inf]  	at org.hibernate.boot.internal.InFlightMetadataCollectorImpl.<init>(InFlightMetadataCollectorImpl.java:194) ~[hibernate-core-6.6.22.Final.jar!/:6.6.22.Final]
2026-02-02T13:51:57.868903691Z [inf]  	at org.hibernate.boot.model.process.spi.MetadataBuildingProcess.complete(MetadataBuildingProcess.java:171) ~[hibernate-core-6.6.22.Final.jar!/:6.6.22.Final]
2026-02-02T13:51:57.868908185Z [inf]  	at org.hibernate.jpa.boot.internal.EntityManagerFactoryBuilderImpl.metadata(EntityManagerFactoryBuilderImpl.java:1442) ~[hibernate-core-6.6.22.Final.jar!/:6.6.22.Final]
2026-02-02T13:51:57.868914791Z [inf]  	at org.hibernate.jpa.boot.internal.EntityManagerFactoryBuilderImpl.build(EntityManagerFactoryBuilderImpl.java:1513) ~[hibernate-core-6.6.22.Final.jar!/:6.6.22.Final]
2026-02-02T13:51:57.868919362Z [inf]  	at org.springframework.orm.jpa.vendor.SpringHibernateJpaPersistenceProvider.createContainerEntityManagerFactory(SpringHibernateJpaPersistenceProvider.java:66) ~[spring-orm-6.2.9.jar!/:6.2.9]
2026-02-02T13:51:57.868923360Z [inf]  	at org.springframework.orm.jpa.LocalContainerEntityManagerFactoryBean.createNativeEntityManagerFactory(LocalContainerEntityManagerFactoryBean.java:390) ~[spring-orm-6.2.9.jar!/:6.2.9]
2026-02-02T13:51:57.868927372Z [inf]  	at org.springframework.orm.jpa.AbstractEntityManagerFactoryBean.buildNativeEntityManagerFactory(AbstractEntityManagerFactoryBean.java:419) ~[spring-orm-6.2.9.jar!/:6.2.9]
2026-02-02T13:51:57.868932496Z [inf]  	at org.springframework.orm.jpa.AbstractEntityManagerFactoryBean.afterPropertiesSet(AbstractEntityManagerFactoryBean.java:400) ~[spring-orm-6.2.9.jar!/:6.2.9]
2026-02-02T13:51:57.868936602Z [inf]  	at org.springframework.orm.jpa.LocalContainerEntityManagerFactoryBean.afterPropertiesSet(LocalContainerEntityManagerFactoryBean.java:366) ~[spring-orm-6.2.9.jar!/:6.2.9]
2026-02-02T13:51:57.868940352Z [inf]  	at org.springframework.beans.factory.support.AbstractAutowireCapableBeanFactory.invokeInitMethods(AbstractAutowireCapableBeanFactory.java:1873) ~[spring-beans-6.2.9.jar!/:6.2.9]
2026-02-02T13:51:57.868944611Z [inf]  	at org.springframework.beans.factory.support.AbstractAutowireCapableBeanFactory.initializeBean(AbstractAutowireCapableBeanFactory.java:1822) ~[spring-beans-6.2.9.jar!/:6.2.9]
2026-02-02T13:51:57.871185808Z [inf]  	at org.springframework.beans.factory.support.AbstractAutowireCapableBeanFactory.doCreateBean(AbstractAutowireCapableBeanFactory.java:607) ~[spring-beans-6.2.9.jar!/:6.2.9]
2026-02-02T13:51:57.871199841Z [inf]  	at org.springframework.beans.factory.support.AbstractAutowireCapableBeanFactory.createBean(AbstractAutowireCapableBeanFactory.java:529) ~[spring-beans-6.2.9.jar!/:6.2.9]
2026-02-02T13:51:57.871208399Z [inf]  	at org.springframework.beans.factory.support.AbstractBeanFactory.lambda$doGetBean$0(AbstractBeanFactory.java:339) ~[spring-beans-6.2.9.jar!/:6.2.9]
2026-02-02T13:51:57.871214611Z [inf]  	at org.springframework.beans.factory.support.DefaultSingletonBeanRegistry.getSingleton(DefaultSingletonBeanRegistry.java:373) ~[spring-beans-6.2.9.jar!/:6.2.9]
2026-02-02T13:51:57.871311285Z [inf]  	at org.springframework.beans.factory.support.AbstractBeanFactory.doGetBean(AbstractBeanFactory.java:337) ~[spring-beans-6.2.9.jar!/:6.2.9]
2026-02-02T13:51:57.871317352Z [inf]  	at org.springframework.beans.factory.support.AbstractBeanFactory.getBean(AbstractBeanFactory.java:202) ~[spring-beans-6.2.9.jar!/:6.2.9]
2026-02-02T13:51:57.871322915Z [inf]  	at org.springframework.beans.factory.support.BeanDefinitionValueResolver.resolveReference(BeanDefinitionValueResolver.java:365) ~[spring-beans-6.2.9.jar!/:6.2.9]
2026-02-02T13:51:57.871328608Z [inf]  	at org.springframework.beans.factory.support.BeanDefinitionValueResolver.resolveValueIfNecessary(BeanDefinitionValueResolver.java:135) ~[spring-beans-6.2.9.jar!/:6.2.9]
2026-02-02T13:51:57.871333846Z [inf]  	at org.springframework.beans.factory.support.ConstructorResolver.resolveConstructorArguments(ConstructorResolver.java:691) ~[spring-beans-6.2.9.jar!/:6.2.9]
2026-02-02T13:51:57.871339241Z [inf]  	at org.springframework.beans.factory.support.ConstructorResolver.instantiateUsingFactoryMethod(ConstructorResolver.java:513) ~[spring-beans-6.2.9.jar!/:6.2.9]
2026-02-02T13:51:57.871346250Z [inf]  	at org.springframework.beans.factory.support.AbstractAutowireCapableBeanFactory.instantiateUsingFactoryMethod(AbstractAutowireCapableBeanFactory.java:1375) ~[spring-beans-6.2.9.jar!/:6.2.9]
2026-02-02T13:51:57.875345826Z [inf]  	at org.springframework.beans.factory.support.AbstractAutowireCapableBeanFactory.createBeanInstance(AbstractAutowireCapableBeanFactory.java:1205) ~[spring-beans-6.2.9.jar!/:6.2.9]
2026-02-02T13:51:57.875360760Z [inf]  	at org.springframework.beans.factory.support.AbstractAutowireCapableBeanFactory.doCreateBean(AbstractAutowireCapableBeanFactory.java:569) ~[spring-beans-6.2.9.jar!/:6.2.9]
2026-02-02T13:51:57.875367543Z [inf]  	at org.springframework.beans.factory.support.AbstractAutowireCapableBeanFactory.createBean(AbstractAutowireCapableBeanFactory.java:529) ~[spring-beans-6.2.9.jar!/:6.2.9]
2026-02-02T13:51:57.875374066Z [inf]  	at org.springframework.beans.factory.support.AbstractBeanFactory.lambda$doGetBean$0(AbstractBeanFactory.java:339) ~[spring-beans-6.2.9.jar!/:6.2.9]
2026-02-02T13:51:57.875380194Z [inf]  	at org.springframework.beans.factory.support.DefaultSingletonBeanRegistry.getSingleton(DefaultSingletonBeanRegistry.java:373) ~[spring-beans-6.2.9.jar!/:6.2.9]
2026-02-02T13:51:57.875393697Z [inf]  	at org.springframework.beans.factory.support.AbstractBeanFactory.doGetBean(AbstractBeanFactory.java:337) ~[spring-beans-6.2.9.jar!/:6.2.9]
2026-02-02T13:51:57.875399052Z [inf]  	at org.springframework.beans.factory.support.AbstractBeanFactory.getBean(AbstractBeanFactory.java:202) ~[spring-beans-6.2.9.jar!/:6.2.9]
2026-02-02T13:51:57.875405683Z [inf]  	at org.springframework.beans.factory.support.BeanDefinitionValueResolver.resolveReference(BeanDefinitionValueResolver.java:365) ~[spring-beans-6.2.9.jar!/:6.2.9]
2026-02-02T13:51:57.875412699Z [inf]  	at org.springframework.beans.factory.support.BeanDefinitionValueResolver.resolveValueIfNecessary(BeanDefinitionValueResolver.java:135) ~[spring-beans-6.2.9.jar!/:6.2.9]
2026-02-02T13:51:57.875419117Z [inf]  	at org.springframework.beans.factory.support.AbstractAutowireCapableBeanFactory.applyPropertyValues(AbstractAutowireCapableBeanFactory.java:1725) ~[spring-beans-6.2.9.jar!/:6.2.9]
2026-02-02T13:51:57.877196935Z [inf]  	at org.springframework.beans.factory.support.AbstractAutowireCapableBeanFactory.populateBean(AbstractAutowireCapableBeanFactory.java:1474) ~[spring-beans-6.2.9.jar!/:6.2.9]
2026-02-02T13:51:57.877208931Z [inf]  	at org.springframework.beans.factory.support.AbstractAutowireCapableBeanFactory.doCreateBean(AbstractAutowireCapableBeanFactory.java:606) ~[spring-beans-6.2.9.jar!/:6.2.9]
2026-02-02T13:51:57.877215715Z [inf]  	at org.springframework.beans.factory.support.AbstractAutowireCapableBeanFactory.createBean(AbstractAutowireCapableBeanFactory.java:529) ~[spring-beans-6.2.9.jar!/:6.2.9]
2026-02-02T13:51:57.877222076Z [inf]  	at org.springframework.beans.factory.support.AbstractBeanFactory.lambda$doGetBean$0(AbstractBeanFactory.java:339) ~[spring-beans-6.2.9.jar!/:6.2.9]
2026-02-02T13:51:57.877229640Z [inf]  	at org.springframework.beans.factory.support.DefaultSingletonBeanRegistry.getSingleton(DefaultSingletonBeanRegistry.java:373) ~[spring-beans-6.2.9.jar!/:6.2.9]
2026-02-02T13:51:57.877235797Z [inf]  	at org.springframework.beans.factory.support.AbstractBeanFactory.doGetBean(AbstractBeanFactory.java:337) ~[spring-beans-6.2.9.jar!/:6.2.9]
2026-02-02T13:51:57.877241480Z [inf]  	at org.springframework.beans.factory.support.AbstractBeanFactory.getBean(AbstractBeanFactory.java:202) ~[spring-beans-6.2.9.jar!/:6.2.9]
2026-02-02T13:51:57.877247257Z [inf]  	at org.springframework.beans.factory.support.DefaultListableBeanFactory.doResolveDependency(DefaultListableBeanFactory.java:1683) ~[spring-beans-6.2.9.jar!/:6.2.9]
2026-02-02T13:51:57.877254982Z [inf]  	at org.springframework.beans.factory.support.DefaultListableBeanFactory.resolveDependency(DefaultListableBeanFactory.java:1628) ~[spring-beans-6.2.9.jar!/:6.2.9]
2026-02-02T13:51:57.877261291Z [inf]  	at org.springframework.beans.factory.support.ConstructorResolver.resolveAutowiredArgument(ConstructorResolver.java:913) ~[spring-beans-6.2.9.jar!/:6.2.9]
2026-02-02T13:51:57.880288164Z [inf]  	at org.springframework.beans.factory.support.ConstructorResolver.createArgumentArray(ConstructorResolver.java:791) ~[spring-beans-6.2.9.jar!/:6.2.9]
2026-02-02T13:51:57.880300027Z [inf]  	at org.springframework.beans.factory.support.ConstructorResolver.autowireConstructor(ConstructorResolver.java:240) ~[spring-beans-6.2.9.jar!/:6.2.9]
2026-02-02T13:51:57.880305846Z [inf]  	at org.springframework.beans.factory.support.AbstractAutowireCapableBeanFactory.autowireConstructor(AbstractAutowireCapableBeanFactory.java:1395) ~[spring-beans-6.2.9.jar!/:6.2.9]
2026-02-02T13:51:57.880312223Z [inf]  	at org.springframework.beans.factory.support.AbstractAutowireCapableBeanFactory.createBeanInstance(AbstractAutowireCapableBeanFactory.java:1232) ~[spring-beans-6.2.9.jar!/:6.2.9]
2026-02-02T13:51:57.880319152Z [inf]  	at org.springframework.beans.factory.support.AbstractAutowireCapableBeanFactory.doCreateBean(AbstractAutowireCapableBeanFactory.java:569) ~[spring-beans-6.2.9.jar!/:6.2.9]
2026-02-02T13:51:57.880326921Z [inf]  	at org.springframework.beans.factory.support.AbstractAutowireCapableBeanFactory.createBean(AbstractAutowireCapableBeanFactory.java:529) ~[spring-beans-6.2.9.jar!/:6.2.9]
2026-02-02T13:51:57.880333162Z [inf]  	at org.springframework.beans.factory.support.AbstractBeanFactory.lambda$doGetBean$0(AbstractBeanFactory.java:339) ~[spring-beans-6.2.9.jar!/:6.2.9]
2026-02-02T13:51:57.880342116Z [inf]  	at org.springframework.beans.factory.support.DefaultSingletonBeanRegistry.getSingleton(DefaultSingletonBeanRegistry.java:373) ~[spring-beans-6.2.9.jar!/:6.2.9]
2026-02-02T13:51:57.880348018Z [inf]  	at org.springframework.beans.factory.support.AbstractBeanFactory.doGetBean(AbstractBeanFactory.java:337) ~[spring-beans-6.2.9.jar!/:6.2.9]
2026-02-02T13:51:57.880354348Z [inf]  	at org.springframework.beans.factory.support.AbstractBeanFactory.getBean(AbstractBeanFactory.java:202) ~[spring-beans-6.2.9.jar!/:6.2.9]
2026-02-02T13:51:57.880360362Z [inf]  	at org.springframework.beans.factory.config.DependencyDescriptor.resolveCandidate(DependencyDescriptor.java:254) ~[spring-beans-6.2.9.jar!/:6.2.9]
2026-02-02T13:51:57.883392321Z [inf]  	at org.springframework.beans.factory.support.DefaultListableBeanFactory.doResolveDependency(DefaultListableBeanFactory.java:1745) ~[spring-beans-6.2.9.jar!/:6.2.9]
2026-02-02T13:51:57.883409010Z [inf]  	at org.springframework.beans.factory.support.DefaultListableBeanFactory.resolveDependency(DefaultListableBeanFactory.java:1628) ~[spring-beans-6.2.9.jar!/:6.2.9]
2026-02-02T13:51:57.883774469Z [inf]  	at org.springframework.beans.factory.support.ConstructorResolver.resolveAutowiredArgument(ConstructorResolver.java:913) ~[spring-beans-6.2.9.jar!/:6.2.9]
2026-02-02T13:51:57.883798171Z [inf]  	at org.springframework.beans.factory.support.ConstructorResolver.createArgumentArray(ConstructorResolver.java:791) ~[spring-beans-6.2.9.jar!/:6.2.9]
2026-02-02T13:51:57.883807180Z [inf]  	at org.springframework.beans.factory.support.ConstructorResolver.autowireConstructor(ConstructorResolver.java:240) ~[spring-beans-6.2.9.jar!/:6.2.9]
2026-02-02T13:51:57.883815749Z [inf]  	at org.springframework.beans.factory.support.AbstractAutowireCapableBeanFactory.autowireConstructor(AbstractAutowireCapableBeanFactory.java:1395) ~[spring-beans-6.2.9.jar!/:6.2.9]
2026-02-02T13:51:57.883822663Z [inf]  	at org.springframework.beans.factory.support.AbstractAutowireCapableBeanFactory.createBeanInstance(AbstractAutowireCapableBeanFactory.java:1232) ~[spring-beans-6.2.9.jar!/:6.2.9]
2026-02-02T13:51:57.883827550Z [inf]  	at org.springframework.beans.factory.support.AbstractAutowireCapableBeanFactory.doCreateBean(AbstractAutowireCapableBeanFactory.java:569) ~[spring-beans-6.2.9.jar!/:6.2.9]
2026-02-02T13:51:57.883832924Z [inf]  	at org.springframework.beans.factory.support.AbstractAutowireCapableBeanFactory.createBean(AbstractAutowireCapableBeanFactory.java:529) ~[spring-beans-6.2.9.jar!/:6.2.9]
2026-02-02T13:51:57.883840138Z [inf]  	at org.springframework.beans.factory.support.AbstractBeanFactory.lambda$doGetBean$0(AbstractBeanFactory.java:339) ~[spring-beans-6.2.9.jar!/:6.2.9]
2026-02-02T13:51:57.885092803Z [inf]  	at org.springframework.beans.factory.support.DefaultSingletonBeanRegistry.getSingleton(DefaultSingletonBeanRegistry.java:373) ~[spring-beans-6.2.9.jar!/:6.2.9]
2026-02-02T13:51:57.885099965Z [inf]  	at org.springframework.beans.factory.support.AbstractBeanFactory.doGetBean(AbstractBeanFactory.java:337) ~[spring-beans-6.2.9.jar!/:6.2.9]
2026-02-02T13:51:57.885104650Z [inf]  	at org.springframework.beans.factory.support.AbstractBeanFactory.getBean(AbstractBeanFactory.java:207) ~[spring-beans-6.2.9.jar!/:6.2.9]
2026-02-02T13:51:57.885110196Z [inf]  	at org.springframework.boot.web.servlet.ServletContextInitializerBeans.getOrderedBeansOfType(ServletContextInitializerBeans.java:211) ~[spring-boot-3.4.8.jar!/:3.4.8]
2026-02-02T13:51:57.885115636Z [inf]  	at org.springframework.boot.web.servlet.ServletContextInitializerBeans.addAsRegistrationBean(ServletContextInitializerBeans.java:174) ~[spring-boot-3.4.8.jar!/:3.4.8]
2026-02-02T13:51:57.885120150Z [inf]  	at org.springframework.boot.web.servlet.ServletContextInitializerBeans.addAsRegistrationBean(ServletContextInitializerBeans.java:169) ~[spring-boot-3.4.8.jar!/:3.4.8]
2026-02-02T13:51:57.885124773Z [inf]  	at org.springframework.boot.web.servlet.ServletContextInitializerBeans.addAdaptableBeans(ServletContextInitializerBeans.java:154) ~[spring-boot-3.4.8.jar!/:3.4.8]
2026-02-02T13:51:57.885129970Z [inf]  	at org.springframework.boot.web.servlet.ServletContextInitializerBeans.<init>(ServletContextInitializerBeans.java:87) ~[spring-boot-3.4.8.jar!/:3.4.8]
2026-02-02T13:51:57.885134247Z [inf]  	at org.springframework.boot.web.servlet.context.ServletWebServerApplicationContext.getServletContextInitializerBeans(ServletWebServerApplicationContext.java:271) ~[spring-boot-3.4.8.jar!/:3.4.8]
2026-02-02T13:51:57.885138105Z [inf]  	at org.springframework.boot.web.servlet.context.ServletWebServerApplicationContext.selfInitialize(ServletWebServerApplicationContext.java:245) ~[spring-boot-3.4.8.jar!/:3.4.8]
2026-02-02T13:51:57.886860809Z [inf]  	at org.springframework.boot.web.embedded.tomcat.TomcatStarter.onStartup(TomcatStarter.java:52) ~[spring-boot-3.4.8.jar!/:3.4.8]
2026-02-02T13:51:57.886872576Z [inf]  	at org.apache.catalina.core.StandardContext.startInternal(StandardContext.java:4464) ~[tomcat-embed-core-10.1.43.jar!/:na]
2026-02-02T13:51:57.886880676Z [inf]  	at org.apache.catalina.util.LifecycleBase.start(LifecycleBase.java:164) ~[tomcat-embed-core-10.1.43.jar!/:na]
2026-02-02T13:51:57.886889510Z [inf]  	at org.apache.catalina.core.ContainerBase$StartChild.call(ContainerBase.java:1203) ~[tomcat-embed-core-10.1.43.jar!/:na]
2026-02-02T13:51:57.886897205Z [inf]  	at org.apache.catalina.core.ContainerBase$StartChild.call(ContainerBase.java:1193) ~[tomcat-embed-core-10.1.43.jar!/:na]
2026-02-02T13:51:57.886904619Z [inf]  	at java.base/java.util.concurrent.FutureTask.run(FutureTask.java:317) ~[na:na]
2026-02-02T13:51:57.886911723Z [inf]  	at org.apache.tomcat.util.threads.InlineExecutorService.execute(InlineExecutorService.java:75) ~[tomcat-embed-core-10.1.43.jar!/:na]
2026-02-02T13:51:57.886921063Z [inf]  	at java.base/java.util.concurrent.AbstractExecutorService.submit(AbstractExecutorService.java:145) ~[na:na]
2026-02-02T13:51:57.886932277Z [inf]  	at org.apache.catalina.core.ContainerBase.startInternal(ContainerBase.java:749) ~[tomcat-embed-core-10.1.43.jar!/:na]
2026-02-02T13:51:57.886940762Z [inf]  	at org.apache.catalina.core.StandardHost.startInternal(StandardHost.java:772) ~[tomcat-embed-core-10.1.43.jar!/:na]
2026-02-02T13:51:57.886947504Z [inf]  	at org.apache.catalina.util.LifecycleBase.start(LifecycleBase.java:164) ~[tomcat-embed-core-10.1.43.jar!/:na]
2026-02-02T13:51:57.886953402Z [inf]  	at org.apache.catalina.core.ContainerBase$StartChild.call(ContainerBase.java:1203) ~[tomcat-embed-core-10.1.43.jar!/:na]
2026-02-02T13:51:57.886960180Z [inf]  	at org.apache.catalina.core.ContainerBase$StartChild.call(ContainerBase.java:1193) ~[tomcat-embed-core-10.1.43.jar!/:na]
2026-02-02T13:51:57.889322300Z [inf]  	at org.apache.catalina.startup.Tomcat.start(Tomcat.java:438) ~[tomcat-embed-core-10.1.43.jar!/:na]
2026-02-02T13:51:57.889334610Z [inf]  	at org.springframework.boot.web.embedded.tomcat.TomcatWebServer.initialize(TomcatWebServer.java:128) ~[spring-boot-3.4.8.jar!/:3.4.8]
2026-02-02T13:51:57.889344203Z [inf]  	at org.springframework.boot.web.embedded.tomcat.TomcatWebServer.<init>(TomcatWebServer.java:107) ~[spring-boot-3.4.8.jar!/:3.4.8]
2026-02-02T13:51:57.889353176Z [inf]  	at java.base/java.util.concurrent.FutureTask.run(FutureTask.java:317) ~[na:na]
2026-02-02T13:51:57.889364617Z [inf]  	at org.apache.tomcat.util.threads.InlineExecutorService.execute(InlineExecutorService.java:75) ~[tomcat-embed-core-10.1.43.jar!/:na]
2026-02-02T13:51:57.889371866Z [inf]  	at java.base/java.util.concurrent.AbstractExecutorService.submit(AbstractExecutorService.java:145) ~[na:na]
2026-02-02T13:51:57.889378316Z [inf]  	at org.apache.catalina.core.ContainerBase.startInternal(ContainerBase.java:749) ~[tomcat-embed-core-10.1.43.jar!/:na]
2026-02-02T13:51:57.889385156Z [inf]  	at org.apache.catalina.core.StandardEngine.startInternal(StandardEngine.java:203) ~[tomcat-embed-core-10.1.43.jar!/:na]
2026-02-02T13:51:57.889395480Z [inf]  	at org.apache.catalina.util.LifecycleBase.start(LifecycleBase.java:164) ~[tomcat-embed-core-10.1.43.jar!/:na]
2026-02-02T13:51:57.889402633Z [inf]  	at org.apache.catalina.core.StandardService.startInternal(StandardService.java:412) ~[tomcat-embed-core-10.1.43.jar!/:na]
2026-02-02T13:51:57.889409866Z [inf]  	at org.apache.catalina.util.LifecycleBase.start(LifecycleBase.java:164) ~[tomcat-embed-core-10.1.43.jar!/:na]
2026-02-02T13:51:57.889418745Z [inf]  	at org.apache.catalina.core.StandardServer.startInternal(StandardServer.java:870) ~[tomcat-embed-core-10.1.43.jar!/:na]
2026-02-02T13:51:57.889426279Z [inf]  	at org.apache.catalina.util.LifecycleBase.start(LifecycleBase.java:164) ~[tomcat-embed-core-10.1.43.jar!/:na]
2026-02-02T13:51:57.890687249Z [inf]  	at org.springframework.boot.web.embedded.tomcat.TomcatServletWebServerFactory.getTomcatWebServer(TomcatServletWebServerFactory.java:517) ~[spring-boot-3.4.8.jar!/:3.4.8]
2026-02-02T13:51:57.890695635Z [inf]  	at org.springframework.boot.web.embedded.tomcat.TomcatServletWebServerFactory.getWebServer(TomcatServletWebServerFactory.java:219) ~[spring-boot-3.4.8.jar!/:3.4.8]
2026-02-02T13:51:57.890703263Z [inf]  	at org.springframework.boot.web.servlet.context.ServletWebServerApplicationContext.createWebServer(ServletWebServerApplicationContext.java:193) ~[spring-boot-3.4.8.jar!/:3.4.8]
2026-02-02T13:51:57.890709284Z [inf]  	at org.springframework.boot.web.servlet.context.ServletWebServerApplicationContext.onRefresh(ServletWebServerApplicationContext.java:167) ~[spring-boot-3.4.8.jar!/:3.4.8]
2026-02-02T13:51:57.890714607Z [inf]  	at org.springframework.context.support.AbstractApplicationContext.refresh(AbstractApplicationContext.java:621) ~[spring-context-6.2.9.jar!/:6.2.9]
2026-02-02T13:51:57.890720249Z [inf]  	at org.springframework.boot.web.servlet.context.ServletWebServerApplicationContext.refresh(ServletWebServerApplicationContext.java:146) ~[spring-boot-3.4.8.jar!/:3.4.8]
2026-02-02T13:51:57.890728370Z [inf]  	at org.springframework.boot.SpringApplication.refresh(SpringApplication.java:752) ~[spring-boot-3.4.8.jar!/:3.4.8]
2026-02-02T13:51:57.890734523Z [inf]  	at org.springframework.boot.SpringApplication.refreshContext(SpringApplication.java:439) ~[spring-boot-3.4.8.jar!/:3.4.8]
2026-02-02T13:51:57.890740287Z [inf]  	at org.springframework.boot.SpringApplication.run(SpringApplication.java:318) ~[spring-boot-3.4.8.jar!/:3.4.8]
2026-02-02T13:51:57.890745689Z [inf]  	at org.springframework.boot.SpringApplication.run(SpringApplication.java:1361) ~[spring-boot-3.4.8.jar!/:3.4.8]
2026-02-02T13:51:57.890751022Z [inf]  	at org.springframework.boot.SpringApplication.run(SpringApplication.java:1350) ~[spring-boot-3.4.8.jar!/:3.4.8]
2026-02-02T13:51:57.892818974Z [inf]  	at jazz.cosplay_store.CosplayStoreApplication.main(CosplayStoreApplication.java:13) ~[!/:0.0.1-SNAPSHOT]
2026-02-02T13:51:57.892828190Z [inf]  	at java.base/jdk.internal.reflect.DirectMethodHandleAccessor.invoke(DirectMethodHandleAccessor.java:103) ~[na:na]
2026-02-02T13:51:57.892833675Z [inf]  	at java.base/java.lang.reflect.Method.invoke(Method.java:580) ~[na:na]
2026-02-02T13:51:57.892838260Z [inf]  	at org.springframework.boot.loader.launch.Launcher.launch(Launcher.java:102) ~[app.jar:0.0.1-SNAPSHOT]
2026-02-02T13:51:57.892844122Z [inf]  	at org.springframework.boot.loader.launch.Launcher.launch(Launcher.java:64) ~[app.jar:0.0.1-SNAPSHOT]
2026-02-02T13:51:57.892848398Z [inf]  	at org.springframework.boot.loader.launch.JarLauncher.main(JarLauncher.java:40) ~[app.jar:0.0.1-SNAPSHOT]
2026-02-02T13:51:57.892852850Z [inf]  Caused by: java.sql.SQLNonTransientConnectionException: Cannot load connection class because of underlying exception: com.mysql.cj.exceptions.WrongArgumentException: Malformed database URL, failed to parse the main URL sections.
2026-02-02T13:51:57.892857342Z [inf]  	at com.mysql.cj.jdbc.exceptions.SQLError.createSQLException(SQLError.java:102) ~[mysql-connector-j-9.3.0.jar!/:9.3.0]
2026-02-02T13:51:57.892872787Z [inf]  	at com.mysql.cj.jdbc.exceptions.SQLError.createSQLException(SQLError.java:89) ~[mysql-connector-j-9.3.0.jar!/:9.3.0]
2026-02-02T13:51:57.892880781Z [inf]  	at com.mysql.cj.jdbc.exceptions.SQLError.createSQLException(SQLError.java:81) ~[mysql-connector-j-9.3.0.jar!/:9.3.0]
2026-02-02T13:51:57.892885581Z [inf]  	at com.mysql.cj.jdbc.exceptions.SQLError.createSQLException(SQLError.java:55) ~[mysql-connector-j-9.3.0.jar!/:9.3.0]
2026-02-02T13:51:57.892889641Z [inf]  	at com.mysql.cj.jdbc.exceptions.SQLError.createSQLException(SQLError.java:65) ~[mysql-connector-j-9.3.0.jar!/:9.3.0]
2026-02-02T13:51:57.892894028Z [inf]  	at com.mysql.cj.jdbc.exceptions.SQLExceptionsMapping.translateException(SQLExceptionsMapping.java:70) ~[mysql-connector-j-9.3.0.jar!/:9.3.0]
2026-02-02T13:51:57.895656224Z [inf]  	at com.mysql.cj.jdbc.exceptions.SQLExceptionsMapping.translateException(SQLExceptionsMapping.java:123) ~[mysql-connector-j-9.3.0.jar!/:9.3.0]
2026-02-02T13:51:57.895663048Z [inf]  	at com.mysql.cj.jdbc.NonRegisteringDriver.connect(NonRegisteringDriver.java:203) ~[mysql-connector-j-9.3.0.jar!/:9.3.0]
2026-02-02T13:51:57.895669461Z [inf]  	at com.zaxxer.hikari.util.DriverDataSource.getConnection(DriverDataSource.java:137) ~[HikariCP-5.1.0.jar!/:na]
2026-02-02T13:51:57.895675542Z [inf]  	at com.zaxxer.hikari.pool.PoolBase.newConnection(PoolBase.java:360) ~[HikariCP-5.1.0.jar!/:na]
2026-02-02T13:51:57.895682072Z [inf]  	at com.zaxxer.hikari.pool.PoolBase.newPoolEntry(PoolBase.java:202) ~[HikariCP-5.1.0.jar!/:na]
2026-02-02T13:51:57.895687373Z [inf]  	at com.zaxxer.hikari.pool.HikariPool.createPoolEntry(HikariPool.java:461) ~[HikariCP-5.1.0.jar!/:na]
2026-02-02T13:51:57.895692438Z [inf]  	at com.zaxxer.hikari.pool.HikariPool.checkFailFast(HikariPool.java:550) ~[HikariCP-5.1.0.jar!/:na]
2026-02-02T13:51:57.895698435Z [inf]  	at com.zaxxer.hikari.pool.HikariPool.<init>(HikariPool.java:98) ~[HikariCP-5.1.0.jar!/:na]
2026-02-02T13:51:57.895704229Z [inf]  	at com.zaxxer.hikari.HikariDataSource.getConnection(HikariDataSource.java:111) ~[HikariCP-5.1.0.jar!/:na]
2026-02-02T13:51:57.895710305Z [inf]  	at org.hibernate.engine.jdbc.connections.internal.DatasourceConnectionProviderImpl.getConnection(DatasourceConnectionProviderImpl.java:126) ~[hibernate-core-6.6.22.Final.jar!/:6.6.22.Final]
2026-02-02T13:51:57.895715668Z [inf]  	at org.hibernate.engine.jdbc.env.internal.JdbcEnvironmentInitiator$ConnectionProviderJdbcConnectionAccess.obtainConnection(JdbcEnvironmentInitiator.java:483) ~[hibernate-core-6.6.22.Final.jar!/:6.6.22.Final]
2026-02-02T13:51:57.895720648Z [inf]  	at org.hibernate.resource.transaction.backend.jdbc.internal.JdbcIsolationDelegate.delegateWork(JdbcIsolationDelegate.java:61) ~[hibernate-core-6.6.22.Final.jar!/:6.6.22.Final]
2026-02-02T13:51:57.897726860Z [inf]  	... 125 common frames omitted
2026-02-02T13:51:57.897743219Z [inf]  Caused by: com.mysql.cj.exceptions.UnableToConnectException: Cannot load connection class because of underlying exception: com.mysql.cj.exceptions.WrongArgumentException: Malformed database URL, failed to parse the main URL sections.
2026-02-02T13:51:57.897749954Z [inf]  	at java.base/jdk.internal.reflect.DirectConstructorHandleAccessor.newInstance(DirectConstructorHandleAccessor.java:62) ~[na:na]
2026-02-02T13:51:57.897756168Z [inf]  	at java.base/java.lang.reflect.Constructor.newInstanceWithCaller(Constructor.java:502) ~[na:na]
2026-02-02T13:51:57.897763137Z [inf]  	at java.base/java.lang.reflect.Constructor.newInstance(Constructor.java:486) ~[na:na]
2026-02-02T13:51:57.897769697Z [inf]  	at com.mysql.cj.exceptions.ExceptionFactory.createException(ExceptionFactory.java:52) ~[mysql-connector-j-9.3.0.jar!/:9.3.0]
2026-02-02T13:51:57.897774649Z [inf]  	at com.mysql.cj.exceptions.ExceptionFactory.createException(ExceptionFactory.java:95) ~[mysql-connector-j-9.3.0.jar!/:9.3.0]
2026-02-02T13:51:57.897786802Z [inf]  	... 136 common frames omitted
2026-02-02T13:51:57.897799543Z [inf]  Caused by: com.mysql.cj.exceptions.WrongArgumentException: Malformed database URL, failed to parse the main URL sections.
2026-02-02T13:51:57.897805339Z [inf]  	at java.base/jdk.internal.reflect.DirectConstructorHandleAccessor.newInstance(DirectConstructorHandleAccessor.java:62) ~[na:na]
2026-02-02T13:51:57.897811056Z [inf]  	at java.base/java.lang.reflect.Constructor.newInstanceWithCaller(Constructor.java:502) ~[na:na]
2026-02-02T13:51:57.897816190Z [inf]  	at java.base/java.lang.reflect.Constructor.newInstance(Constructor.java:486) ~[na:na]
2026-02-02T13:51:57.897821908Z [inf]  	at com.mysql.cj.exceptions.ExceptionFactory.createException(ExceptionFactory.java:52) ~[mysql-connector-j-9.3.0.jar!/:9.3.0]
2026-02-02T13:51:57.897826885Z [inf]  	at com.mysql.cj.conf.ConnectionUrlParser.parseConnectionString(ConnectionUrlParser.java:155) ~[mysql-connector-j-9.3.0.jar!/:9.3.0]
2026-02-02T13:51:57.901030783Z [inf]  	at com.mysql.cj.conf.ConnectionUrlParser.<init>(ConnectionUrlParser.java:129) ~[mysql-connector-j-9.3.0.jar!/:9.3.0]
2026-02-02T13:51:57.901041513Z [inf]  	at com.mysql.cj.conf.ConnectionUrlParser.parseConnectionString(ConnectionUrlParser.java:111) ~[mysql-connector-j-9.3.0.jar!/:9.3.0]
2026-02-02T13:51:57.901049082Z [inf]  	at com.mysql.cj.conf.ConnectionUrl.getConnectionUrlInstance(ConnectionUrl.java:281) ~[mysql-connector-j-9.3.0.jar!/:9.3.0]
2026-02-02T13:51:57.901055874Z [inf]  	at com.mysql.cj.jdbc.NonRegisteringDriver.connect(NonRegisteringDriver.java:177) ~[mysql-connector-j-9.3.0.jar!/:9.3.0]
2026-02-02T13:51:57.901061046Z [inf]  	... 135 common frames omitted
2026-02-02T13:51:57.901066902Z [inf]  
2026-02-02T13:51:57.901071900Z [inf]  2026-02-02T13:51:57.647Z  WARN 1 --- [CosplayStore] [           main] org.hibernate.orm.deprecation            : HHH90000025: MySQL8Dialect does not need to be specified explicitly using 'hibernate.dialect' (remove the property setting and it will be selected by default)
2026-02-02T13:51:57.901076719Z [inf]  2026-02-02T13:51:57.649Z  WARN 1 --- [CosplayStore] [           main] org.hibernate.orm.deprecation            : HHH90000026: MySQL8Dialect has been deprecated; use org.hibernate.dialect.MySQLDialect instead
2026-02-02T13:51:57.901082986Z [inf]  2026-02-02T13:51:57.664Z  INFO 1 --- [CosplayStore] [           main] org.hibernate.orm.connections.pooling    : HHH10001005: Database info:
2026-02-02T13:51:57.901089194Z [inf]  	Database JDBC URL [Connecting through datasource 'HikariDataSource (null)']
2026-02-02T13:51:57.901094571Z [inf]  	Database driver: undefined/unknown
2026-02-02T13:51:57.901106937Z [inf]  	Database version: 8.0
2026-02-02T13:51:57.901117142Z [inf]  	Autocommit mode: undefined/unknown
2026-02-02T13:51:57.901123291Z [inf]  	Isolation level: undefined/unknown
2026-02-02T13:51:57.901129365Z [inf]  	Minimum pool size: undefined/unknown
2026-02-02T13:51:57.904112601Z [inf]  	Maximum pool size: undefined/unknown
2026-02-02T13:51:58.945169030Z [inf]  2026-02-02T13:51:58.941Z  INFO 1 --- [CosplayStore] [           main] o.h.e.t.j.p.i.JtaPlatformInitiator       : HHH000489: No JTA platform available (set 'hibernate.transaction.jta.platform' to enable JTA platform integration)
2026-02-02T13:51:58.975211252Z [inf]  2026-02-02T13:51:58.966Z  INFO 1 --- [CosplayStore] [           main] com.zaxxer.hikari.HikariDataSource       : HikariPool-1 - Starting...
2026-02-02T13:51:59.976594075Z [inf]  2026-02-02T13:51:59.967Z  WARN 1 --- [CosplayStore] [           main] o.h.engine.jdbc.spi.SqlExceptionHelper   : SQL Error: 0, SQLState: 08001
2026-02-02T13:51:59.976599761Z [inf]  2026-02-02T13:51:59.968Z ERROR 1 --- [CosplayStore] [           main] o.h.engine.jdbc.spi.SqlExceptionHelper   : Cannot load connection class because of underlying exception: com.mysql.cj.exceptions.WrongArgumentException: Malformed database URL, failed to parse the main URL sections.
2026-02-02T13:51:59.976605158Z [inf]  2026-02-02T13:51:59.973Z ERROR 1 --- [CosplayStore] [           main] j.LocalContainerEntityManagerFactoryBean : Failed to initialize JPA EntityManagerFactory: [PersistenceUnit: default] Unable to build Hibernate SessionFactory; nested exception is org.hibernate.exception.JDBCConnectionException: Unable to open JDBC Connection for DDL execution [Cannot load connection class because of underlying exception: com.mysql.cj.exceptions.WrongArgumentException: Malformed database URL, failed to parse the main URL sections.] [n/a]
2026-02-02T13:51:59.976610794Z [inf]  2026-02-02T13:51:59.975Z ERROR 1 --- [CosplayStore] [           main] o.s.b.web.embedded.tomcat.TomcatStarter  : Error starting Tomcat context. Exception: org.springframework.beans.factory.UnsatisfiedDependencyException. Message: Error creating bean with name 'jwtAuthenticationFilter' defined in URL [jar:nested:/app/app.jar/!BOOT-INF/classes/!/jazz/cosplay_store/config/JwtAuthenticationFilter.class]: Unsatisfied dependency expressed through constructor parameter 1: Error creating bean with name 'customUserDetailsService' defined in URL [jar:nested:/app/app.jar/!BOOT-INF/classes/!/jazz/cosplay_store/service/CustomUserDetailsService.class]: Unsatisfied dependency expressed through constructor parameter 0: Error creating bean with name 'userRepository' defined in jazz.cosplay_store.repository.UserRepository defined in @EnableJpaRepositories declared on JpaRepositoriesRegistrar.EnableJpaRepositoriesConfiguration: Cannot resolve reference to bean 'jpaSharedEM_entityManagerFactory' while setting bean property 'entityManager'
2026-02-02T13:52:00.013651287Z [inf]  2026-02-02T13:52:00.010Z  INFO 1 --- [CosplayStore] [           main] o.apache.catalina.core.StandardService   : Stopping service [Tomcat]
2026-02-02T13:52:00.020313048Z [inf]  2026-02-02T13:52:00.017Z  WARN 1 --- [CosplayStore] [           main] ConfigServletWebServerApplicationContext : Exception encountered during context initialization - cancelling refresh attempt: org.springframework.context.ApplicationContextException: Unable to start web server
2026-02-02T13:52:00.040258024Z [inf]  2026-02-02T13:52:00.032Z  INFO 1 --- [CosplayStore] [           main] .s.b.a.l.ConditionEvaluationReportLogger : 
2026-02-02T13:52:00.040269867Z [inf]  
2026-02-02T13:52:00.040277669Z [inf]  Error starting ApplicationContext. To display the condition evaluation report re-run your application with 'debug' enabled.
2026-02-02T13:52:00.070725348Z [inf]  	at java.base/jdk.internal.reflect.DirectMethodHandleAccessor.invoke(DirectMethodHandleAccessor.java:103) ~[na:na]
2026-02-02T13:52:00.070767666Z [inf]  2026-02-02T13:52:00.058Z ERROR 1 --- [CosplayStore] [           main] o.s.boot.SpringApplication               : Application run failed
2026-02-02T13:52:00.070774313Z [inf]  
2026-02-02T13:52:00.070778438Z [inf]  org.springframework.context.ApplicationContextException: Unable to start web server
2026-02-02T13:52:00.070782702Z [inf]  	at org.springframework.boot.web.servlet.context.ServletWebServerApplicationContext.onRefresh(ServletWebServerApplicationContext.java:170) ~[spring-boot-3.4.8.jar!/:3.4.8]
2026-02-02T13:52:00.070786710Z [inf]  	at org.springframework.context.support.AbstractApplicationContext.refresh(AbstractApplicationContext.java:621) ~[spring-context-6.2.9.jar!/:6.2.9]
2026-02-02T13:52:00.070790600Z [inf]  	at org.springframework.boot.web.servlet.context.ServletWebServerApplicationContext.refresh(ServletWebServerApplicationContext.java:146) ~[spring-boot-3.4.8.jar!/:3.4.8]
2026-02-02T13:52:00.070794622Z [inf]  	at org.springframework.boot.SpringApplication.refresh(SpringApplication.java:752) ~[spring-boot-3.4.8.jar!/:3.4.8]
2026-02-02T13:52:00.070799138Z [inf]  	at org.springframework.boot.SpringApplication.refreshContext(SpringApplication.java:439) ~[spring-boot-3.4.8.jar!/:3.4.8]
2026-02-02T13:52:00.070803165Z [inf]  	at org.springframework.boot.SpringApplication.run(SpringApplication.java:318) ~[spring-boot-3.4.8.jar!/:3.4.8]
2026-02-02T13:52:00.070807053Z [inf]  	at org.springframework.boot.SpringApplication.run(SpringApplication.java:1361) ~[spring-boot-3.4.8.jar!/:3.4.8]
2026-02-02T13:52:00.070811776Z [inf]  	at org.springframework.boot.SpringApplication.run(SpringApplication.java:1350) ~[spring-boot-3.4.8.jar!/:3.4.8]
2026-02-02T13:52:00.070815766Z [inf]  	at jazz.cosplay_store.CosplayStoreApplication.main(CosplayStoreApplication.java:13) ~[!/:0.0.1-SNAPSHOT]
2026-02-02T13:52:00.073645595Z [inf]  	at java.base/java.lang.reflect.Method.invoke(Method.java:580) ~[na:na]
2026-02-02T13:52:00.073652783Z [inf]  	at org.springframework.boot.loader.launch.Launcher.launch(Launcher.java:102) ~[app.jar:0.0.1-SNAPSHOT]
2026-02-02T13:52:00.073658102Z [inf]  	at org.springframework.boot.loader.launch.Launcher.launch(Launcher.java:64) ~[app.jar:0.0.1-SNAPSHOT]
2026-02-02T13:52:00.073663414Z [inf]  	at org.springframework.boot.loader.launch.JarLauncher.main(JarLauncher.java:40) ~[app.jar:0.0.1-SNAPSHOT]
2026-02-02T13:52:00.073669295Z [inf]  Caused by: org.springframework.boot.web.server.WebServerException: Unable to start embedded Tomcat
2026-02-02T13:52:00.073675815Z [inf]  	at org.springframework.boot.web.embedded.tomcat.TomcatWebServer.initialize(TomcatWebServer.java:147) ~[spring-boot-3.4.8.jar!/:3.4.8]
2026-02-02T13:52:00.073681580Z [inf]  	at org.springframework.boot.web.embedded.tomcat.TomcatWebServer.<init>(TomcatWebServer.java:107) ~[spring-boot-3.4.8.jar!/:3.4.8]
2026-02-02T13:52:00.073686804Z [inf]  	at org.springframework.boot.web.embedded.tomcat.TomcatServletWebServerFactory.getTomcatWebServer(TomcatServletWebServerFactory.java:517) ~[spring-boot-3.4.8.jar!/:3.4.8]
2026-02-02T13:52:00.073692517Z [inf]  	at org.springframework.boot.web.embedded.tomcat.TomcatServletWebServerFactory.getWebServer(TomcatServletWebServerFactory.java:219) ~[spring-boot-3.4.8.jar!/:3.4.8]
2026-02-02T13:52:00.073697720Z [inf]  	at org.springframework.boot.web.servlet.context.ServletWebServerApplicationContext.createWebServer(ServletWebServerApplicationContext.java:193) ~[spring-boot-3.4.8.jar!/:3.4.8]
2026-02-02T13:52:00.073704369Z [inf]  	at org.springframework.boot.web.servlet.context.ServletWebServerApplicationContext.onRefresh(ServletWebServerApplicationContext.java:167) ~[spring-boot-3.4.8.jar!/:3.4.8]
2026-02-02T13:52:00.073709752Z [inf]  	... 13 common frames omitted
2026-02-02T13:52:00.073715257Z [inf]  Caused by: org.springframework.beans.factory.UnsatisfiedDependencyException: Error creating bean with name 'jwtAuthenticationFilter' defined in URL [jar:nested:/app/app.jar/!BOOT-INF/classes/!/jazz/cosplay_store/config/JwtAuthenticationFilter.class]: Unsatisfied dependency expressed through constructor parameter 1: Error creating bean with name 'customUserDetailsService' defined in URL [jar:nested:/app/app.jar/!BOOT-INF/classes/!/jazz/cosplay_store/service/CustomUserDetailsService.class]: Unsatisfied dependency expressed through constructor parameter 0: Error creating bean with name 'userRepository' defined in jazz.cosplay_store.repository.UserRepository defined in @EnableJpaRepositories declared on JpaRepositoriesRegistrar.EnableJpaRepositoriesConfiguration: Cannot resolve reference to bean 'jpaSharedEM_entityManagerFactory' while setting bean property 'entityManager'
2026-02-02T13:52:00.075179581Z [inf]  	at org.springframework.beans.factory.support.ConstructorResolver.createArgumentArray(ConstructorResolver.java:804) ~[spring-beans-6.2.9.jar!/:6.2.9]
2026-02-02T13:52:00.075188577Z [inf]  	at org.springframework.beans.factory.support.ConstructorResolver.autowireConstructor(ConstructorResolver.java:240) ~[spring-beans-6.2.9.jar!/:6.2.9]
2026-02-02T13:52:00.075194347Z [inf]  	at org.springframework.beans.factory.support.AbstractAutowireCapableBeanFactory.autowireConstructor(AbstractAutowireCapableBeanFactory.java:1395) ~[spring-beans-6.2.9.jar!/:6.2.9]
2026-02-02T13:52:00.075200135Z [inf]  	at org.springframework.beans.factory.support.AbstractAutowireCapableBeanFactory.createBeanInstance(AbstractAutowireCapableBeanFactory.java:1232) ~[spring-beans-6.2.9.jar!/:6.2.9]
2026-02-02T13:52:00.075206746Z [inf]  	at org.springframework.beans.factory.support.AbstractAutowireCapableBeanFactory.doCreateBean(AbstractAutowireCapableBeanFactory.java:569) ~[spring-beans-6.2.9.jar!/:6.2.9]
2026-02-02T13:52:00.075214320Z [inf]  	at org.springframework.beans.factory.support.AbstractAutowireCapableBeanFactory.createBean(AbstractAutowireCapableBeanFactory.java:529) ~[spring-beans-6.2.9.jar!/:6.2.9]
2026-02-02T13:52:00.075220422Z [inf]  	at org.springframework.beans.factory.support.AbstractBeanFactory.lambda$doGetBean$0(AbstractBeanFactory.java:339) ~[spring-beans-6.2.9.jar!/:6.2.9]
2026-02-02T13:52:00.075227746Z [inf]  	at org.springframework.beans.factory.support.DefaultSingletonBeanRegistry.getSingleton(DefaultSingletonBeanRegistry.java:373) ~[spring-beans-6.2.9.jar!/:6.2.9]
2026-02-02T13:52:00.075233592Z [inf]  	at org.springframework.beans.factory.support.AbstractBeanFactory.doGetBean(AbstractBeanFactory.java:337) ~[spring-beans-6.2.9.jar!/:6.2.9]
2026-02-02T13:52:00.075240701Z [inf]  	at org.springframework.beans.factory.support.AbstractBeanFactory.getBean(AbstractBeanFactory.java:207) ~[spring-beans-6.2.9.jar!/:6.2.9]
2026-02-02T13:52:00.075247222Z [inf]  	at org.springframework.boot.web.servlet.ServletContextInitializerBeans.getOrderedBeansOfType(ServletContextInitializerBeans.java:211) ~[spring-boot-3.4.8.jar!/:3.4.8]
2026-02-02T13:52:00.077060676Z [inf]  	at org.springframework.boot.web.servlet.ServletContextInitializerBeans.addAsRegistrationBean(ServletContextInitializerBeans.java:174) ~[spring-boot-3.4.8.jar!/:3.4.8]
2026-02-02T13:52:00.077071178Z [inf]  	at org.springframework.boot.web.servlet.ServletContextInitializerBeans.addAsRegistrationBean(ServletContextInitializerBeans.java:169) ~[spring-boot-3.4.8.jar!/:3.4.8]
2026-02-02T13:52:00.077078396Z [inf]  	at org.springframework.boot.web.servlet.ServletContextInitializerBeans.addAdaptableBeans(ServletContextInitializerBeans.java:154) ~[spring-boot-3.4.8.jar!/:3.4.8]
2026-02-02T13:52:00.077086838Z [inf]  	at org.springframework.boot.web.servlet.ServletContextInitializerBeans.<init>(ServletContextInitializerBeans.java:87) ~[spring-boot-3.4.8.jar!/:3.4.8]
2026-02-02T13:52:00.077094214Z [inf]  	at org.springframework.boot.web.servlet.context.ServletWebServerApplicationContext.getServletContextInitializerBeans(ServletWebServerApplicationContext.java:271) ~[spring-boot-3.4.8.jar!/:3.4.8]
2026-02-02T13:52:00.077101280Z [inf]  	at org.springframework.boot.web.servlet.context.ServletWebServerApplicationContext.selfInitialize(ServletWebServerApplicationContext.java:245) ~[spring-boot-3.4.8.jar!/:3.4.8]
2026-02-02T13:52:00.077109334Z [inf]  	at org.springframework.boot.web.embedded.tomcat.TomcatStarter.onStartup(TomcatStarter.java:52) ~[spring-boot-3.4.8.jar!/:3.4.8]
2026-02-02T13:52:00.077116756Z [inf]  	at org.apache.catalina.core.StandardContext.startInternal(StandardContext.java:4464) ~[tomcat-embed-core-10.1.43.jar!/:na]
2026-02-02T13:52:00.077122986Z [inf]  	at org.apache.catalina.util.LifecycleBase.start(LifecycleBase.java:164) ~[tomcat-embed-core-10.1.43.jar!/:na]
2026-02-02T13:52:00.077129734Z [inf]  	at org.apache.catalina.core.ContainerBase$StartChild.call(ContainerBase.java:1203) ~[tomcat-embed-core-10.1.43.jar!/:na]
2026-02-02T13:52:00.077135796Z [inf]  	at org.apache.catalina.core.ContainerBase$StartChild.call(ContainerBase.java:1193) ~[tomcat-embed-core-10.1.43.jar!/:na]
2026-02-02T13:52:00.080804044Z [inf]  	at java.base/java.util.concurrent.FutureTask.run(FutureTask.java:317) ~[na:na]
2026-02-02T13:52:00.080816947Z [inf]  	at org.apache.tomcat.util.threads.InlineExecutorService.execute(InlineExecutorService.java:75) ~[tomcat-embed-core-10.1.43.jar!/:na]
2026-02-02T13:52:00.080823154Z [inf]  	at java.base/java.util.concurrent.AbstractExecutorService.submit(AbstractExecutorService.java:145) ~[na:na]
2026-02-02T13:52:00.080828914Z [inf]  	at org.apache.catalina.core.ContainerBase.startInternal(ContainerBase.java:749) ~[tomcat-embed-core-10.1.43.jar!/:na]
2026-02-02T13:52:00.080834073Z [inf]  	at org.apache.catalina.core.StandardHost.startInternal(StandardHost.java:772) ~[tomcat-embed-core-10.1.43.jar!/:na]
2026-02-02T13:52:00.080840875Z [inf]  	at org.apache.catalina.util.LifecycleBase.start(LifecycleBase.java:164) ~[tomcat-embed-core-10.1.43.jar!/:na]
2026-02-02T13:52:00.080846023Z [inf]  	at org.apache.catalina.core.ContainerBase$StartChild.call(ContainerBase.java:1203) ~[tomcat-embed-core-10.1.43.jar!/:na]
2026-02-02T13:52:00.080850860Z [inf]  	at org.apache.catalina.core.ContainerBase$StartChild.call(ContainerBase.java:1193) ~[tomcat-embed-core-10.1.43.jar!/:na]
2026-02-02T13:52:00.080855608Z [inf]  	at java.base/java.util.concurrent.FutureTask.run(FutureTask.java:317) ~[na:na]
2026-02-02T13:52:00.080861300Z [inf]  	at org.apache.tomcat.util.threads.InlineExecutorService.execute(InlineExecutorService.java:75) ~[tomcat-embed-core-10.1.43.jar!/:na]
2026-02-02T13:52:00.080866117Z [inf]  	at java.base/java.util.concurrent.AbstractExecutorService.submit(AbstractExecutorService.java:145) ~[na:na]
2026-02-02T13:52:00.080871386Z [inf]  	at org.apache.catalina.core.ContainerBase.startInternal(ContainerBase.java:749) ~[tomcat-embed-core-10.1.43.jar!/:na]
2026-02-02T13:52:00.080876702Z [inf]  	at org.apache.catalina.core.StandardEngine.startInternal(StandardEngine.java:203) ~[tomcat-embed-core-10.1.43.jar!/:na]
2026-02-02T13:52:00.082597766Z [inf]  	at org.apache.catalina.util.LifecycleBase.start(LifecycleBase.java:164) ~[tomcat-embed-core-10.1.43.jar!/:na]
2026-02-02T13:52:00.082606493Z [inf]  	at org.apache.catalina.core.StandardService.startInternal(StandardService.java:412) ~[tomcat-embed-core-10.1.43.jar!/:na]
2026-02-02T13:52:00.082613024Z [inf]  	at org.apache.catalina.util.LifecycleBase.start(LifecycleBase.java:164) ~[tomcat-embed-core-10.1.43.jar!/:na]
2026-02-02T13:52:00.082620364Z [inf]  	at org.apache.catalina.core.StandardServer.startInternal(StandardServer.java:870) ~[tomcat-embed-core-10.1.43.jar!/:na]
2026-02-02T13:52:00.082622433Z [inf]  	at org.springframework.beans.factory.support.ConstructorResolver.createArgumentArray(ConstructorResolver.java:804) ~[spring-beans-6.2.9.jar!/:6.2.9]
2026-02-02T13:52:00.082627990Z [inf]  	at org.apache.catalina.util.LifecycleBase.start(LifecycleBase.java:164) ~[tomcat-embed-core-10.1.43.jar!/:na]
2026-02-02T13:52:00.082634323Z [inf]  	at org.apache.catalina.startup.Tomcat.start(Tomcat.java:438) ~[tomcat-embed-core-10.1.43.jar!/:na]
2026-02-02T13:52:00.082642212Z [inf]  	at org.springframework.boot.web.embedded.tomcat.TomcatWebServer.initialize(TomcatWebServer.java:128) ~[spring-boot-3.4.8.jar!/:3.4.8]
2026-02-02T13:52:00.082648662Z [inf]  	... 18 common frames omitted
2026-02-02T13:52:00.082655195Z [inf]  Caused by: org.springframework.beans.factory.UnsatisfiedDependencyException: Error creating bean with name 'customUserDetailsService' defined in URL [jar:nested:/app/app.jar/!BOOT-INF/classes/!/jazz/cosplay_store/service/CustomUserDetailsService.class]: Unsatisfied dependency expressed through constructor parameter 0: Error creating bean with name 'userRepository' defined in jazz.cosplay_store.repository.UserRepository defined in @EnableJpaRepositories declared on JpaRepositoriesRegistrar.EnableJpaRepositoriesConfiguration: Cannot resolve reference to bean 'jpaSharedEM_entityManagerFactory' while setting bean property 'entityManager'
2026-02-02T13:52:00.085831309Z [inf]  	at org.springframework.beans.factory.support.ConstructorResolver.autowireConstructor(ConstructorResolver.java:240) ~[spring-beans-6.2.9.jar!/:6.2.9]
2026-02-02T13:52:00.085840754Z [inf]  	at org.springframework.beans.factory.support.AbstractAutowireCapableBeanFactory.autowireConstructor(AbstractAutowireCapableBeanFactory.java:1395) ~[spring-beans-6.2.9.jar!/:6.2.9]
2026-02-02T13:52:00.085849347Z [inf]  	at org.springframework.beans.factory.support.AbstractAutowireCapableBeanFactory.createBeanInstance(AbstractAutowireCapableBeanFactory.java:1232) ~[spring-beans-6.2.9.jar!/:6.2.9]
2026-02-02T13:52:00.085855447Z [inf]  	at org.springframework.beans.factory.support.AbstractAutowireCapableBeanFactory.doCreateBean(AbstractAutowireCapableBeanFactory.java:569) ~[spring-beans-6.2.9.jar!/:6.2.9]
2026-02-02T13:52:00.085862505Z [inf]  	at org.springframework.beans.factory.support.AbstractAutowireCapableBeanFactory.createBean(AbstractAutowireCapableBeanFactory.java:529) ~[spring-beans-6.2.9.jar!/:6.2.9]
2026-02-02T13:52:00.085869588Z [inf]  	at org.springframework.beans.factory.support.AbstractBeanFactory.lambda$doGetBean$0(AbstractBeanFactory.java:339) ~[spring-beans-6.2.9.jar!/:6.2.9]
2026-02-02T13:52:00.085875986Z [inf]  	at org.springframework.beans.factory.support.DefaultSingletonBeanRegistry.getSingleton(DefaultSingletonBeanRegistry.java:373) ~[spring-beans-6.2.9.jar!/:6.2.9]
2026-02-02T13:52:00.085882519Z [inf]  	at org.springframework.beans.factory.support.AbstractBeanFactory.doGetBean(AbstractBeanFactory.java:337) ~[spring-beans-6.2.9.jar!/:6.2.9]
2026-02-02T13:52:00.085888938Z [inf]  	at org.springframework.beans.factory.support.AbstractBeanFactory.getBean(AbstractBeanFactory.java:202) ~[spring-beans-6.2.9.jar!/:6.2.9]
2026-02-02T13:52:00.085895031Z [inf]  	at org.springframework.beans.factory.config.DependencyDescriptor.resolveCandidate(DependencyDescriptor.java:254) ~[spring-beans-6.2.9.jar!/:6.2.9]
2026-02-02T13:52:00.085901108Z [inf]  	at org.springframework.beans.factory.support.DefaultListableBeanFactory.doResolveDependency(DefaultListableBeanFactory.java:1745) ~[spring-beans-6.2.9.jar!/:6.2.9]
2026-02-02T13:52:00.087973828Z [inf]  	at org.springframework.beans.factory.support.DefaultListableBeanFactory.resolveDependency(DefaultListableBeanFactory.java:1628) ~[spring-beans-6.2.9.jar!/:6.2.9]
2026-02-02T13:52:00.087981327Z [inf]  	at org.springframework.beans.factory.support.ConstructorResolver.resolveAutowiredArgument(ConstructorResolver.java:913) ~[spring-beans-6.2.9.jar!/:6.2.9]
2026-02-02T13:52:00.087987025Z [inf]  	at org.springframework.beans.factory.support.ConstructorResolver.createArgumentArray(ConstructorResolver.java:791) ~[spring-beans-6.2.9.jar!/:6.2.9]
2026-02-02T13:52:00.087992411Z [inf]  	... 59 common frames omitted
2026-02-02T13:52:00.087997793Z [inf]  Caused by: org.springframework.beans.factory.BeanCreationException: Error creating bean with name 'userRepository' defined in jazz.cosplay_store.repository.UserRepository defined in @EnableJpaRepositories declared on JpaRepositoriesRegistrar.EnableJpaRepositoriesConfiguration: Cannot resolve reference to bean 'jpaSharedEM_entityManagerFactory' while setting bean property 'entityManager'
2026-02-02T13:52:00.088002901Z [inf]  	at org.springframework.beans.factory.support.BeanDefinitionValueResolver.resolveReference(BeanDefinitionValueResolver.java:377) ~[spring-beans-6.2.9.jar!/:6.2.9]
2026-02-02T13:52:00.088010006Z [inf]  	at org.springframework.beans.factory.support.BeanDefinitionValueResolver.resolveValueIfNecessary(BeanDefinitionValueResolver.java:135) ~[spring-beans-6.2.9.jar!/:6.2.9]
2026-02-02T13:52:00.088015245Z [inf]  	at org.springframework.beans.factory.support.AbstractAutowireCapableBeanFactory.applyPropertyValues(AbstractAutowireCapableBeanFactory.java:1725) ~[spring-beans-6.2.9.jar!/:6.2.9]
2026-02-02T13:52:00.088021447Z [inf]  	at org.springframework.beans.factory.support.AbstractAutowireCapableBeanFactory.populateBean(AbstractAutowireCapableBeanFactory.java:1474) ~[spring-beans-6.2.9.jar!/:6.2.9]
2026-02-02T13:52:00.088026532Z [inf]  	at org.springframework.beans.factory.support.AbstractAutowireCapableBeanFactory.doCreateBean(AbstractAutowireCapableBeanFactory.java:606) ~[spring-beans-6.2.9.jar!/:6.2.9]
2026-02-02T13:52:00.089764043Z [inf]  	... 73 common frames omitted
2026-02-02T13:52:00.089764851Z [inf]  	at org.springframework.beans.factory.support.AbstractAutowireCapableBeanFactory.createBean(AbstractAutowireCapableBeanFactory.java:529) ~[spring-beans-6.2.9.jar!/:6.2.9]
2026-02-02T13:52:00.089774350Z [inf]  	at org.springframework.beans.factory.support.AbstractBeanFactory.lambda$doGetBean$0(AbstractBeanFactory.java:339) ~[spring-beans-6.2.9.jar!/:6.2.9]
2026-02-02T13:52:00.089777055Z [inf]  Caused by: org.springframework.beans.factory.BeanCreationException: Error creating bean with name 'jpaSharedEM_entityManagerFactory': Cannot resolve reference to bean 'entityManagerFactory' while setting constructor argument
2026-02-02T13:52:00.089788352Z [inf]  	at org.springframework.beans.factory.support.DefaultSingletonBeanRegistry.getSingleton(DefaultSingletonBeanRegistry.java:373) ~[spring-beans-6.2.9.jar!/:6.2.9]
2026-02-02T13:52:00.089794534Z [inf]  	at org.springframework.beans.factory.support.AbstractBeanFactory.doGetBean(AbstractBeanFactory.java:337) ~[spring-beans-6.2.9.jar!/:6.2.9]
2026-02-02T13:52:00.089800306Z [inf]  	at org.springframework.beans.factory.support.AbstractBeanFactory.getBean(AbstractBeanFactory.java:202) ~[spring-beans-6.2.9.jar!/:6.2.9]
2026-02-02T13:52:00.089806540Z [inf]  	at org.springframework.beans.factory.support.DefaultListableBeanFactory.doResolveDependency(DefaultListableBeanFactory.java:1683) ~[spring-beans-6.2.9.jar!/:6.2.9]
2026-02-02T13:52:00.089811964Z [inf]  	at org.springframework.beans.factory.support.DefaultListableBeanFactory.resolveDependency(DefaultListableBeanFactory.java:1628) ~[spring-beans-6.2.9.jar!/:6.2.9]
2026-02-02T13:52:00.089818416Z [inf]  	at org.springframework.beans.factory.support.ConstructorResolver.resolveAutowiredArgument(ConstructorResolver.java:913) ~[spring-beans-6.2.9.jar!/:6.2.9]
2026-02-02T13:52:00.089824040Z [inf]  	at org.springframework.beans.factory.support.ConstructorResolver.createArgumentArray(ConstructorResolver.java:791) ~[spring-beans-6.2.9.jar!/:6.2.9]
2026-02-02T13:52:00.091549772Z [inf]  	at org.springframework.beans.factory.support.BeanDefinitionValueResolver.resolveReference(BeanDefinitionValueResolver.java:377) ~[spring-beans-6.2.9.jar!/:6.2.9]
2026-02-02T13:52:00.091558738Z [inf]  	at org.springframework.beans.factory.support.BeanDefinitionValueResolver.resolveValueIfNecessary(BeanDefinitionValueResolver.java:135) ~[spring-beans-6.2.9.jar!/:6.2.9]
2026-02-02T13:52:00.091565682Z [inf]  	at org.springframework.beans.factory.support.ConstructorResolver.resolveConstructorArguments(ConstructorResolver.java:691) ~[spring-beans-6.2.9.jar!/:6.2.9]
2026-02-02T13:52:00.091572160Z [inf]  	at org.springframework.beans.factory.support.ConstructorResolver.instantiateUsingFactoryMethod(ConstructorResolver.java:513) ~[spring-beans-6.2.9.jar!/:6.2.9]
2026-02-02T13:52:00.091578583Z [inf]  	at org.springframework.beans.factory.support.AbstractAutowireCapableBeanFactory.instantiateUsingFactoryMethod(AbstractAutowireCapableBeanFactory.java:1375) ~[spring-beans-6.2.9.jar!/:6.2.9]
2026-02-02T13:52:00.091584804Z [inf]  	at org.springframework.beans.factory.support.AbstractAutowireCapableBeanFactory.createBeanInstance(AbstractAutowireCapableBeanFactory.java:1205) ~[spring-beans-6.2.9.jar!/:6.2.9]
2026-02-02T13:52:00.091591617Z [inf]  	at org.springframework.beans.factory.support.AbstractAutowireCapableBeanFactory.doCreateBean(AbstractAutowireCapableBeanFactory.java:569) ~[spring-beans-6.2.9.jar!/:6.2.9]
2026-02-02T13:52:00.091597680Z [inf]  	at org.springframework.beans.factory.support.AbstractAutowireCapableBeanFactory.createBean(AbstractAutowireCapableBeanFactory.java:529) ~[spring-beans-6.2.9.jar!/:6.2.9]
2026-02-02T13:52:00.091603085Z [inf]  	at org.springframework.beans.factory.support.AbstractBeanFactory.lambda$doGetBean$0(AbstractBeanFactory.java:339) ~[spring-beans-6.2.9.jar!/:6.2.9]
2026-02-02T13:52:00.091608811Z [inf]  	at org.springframework.beans.factory.support.DefaultSingletonBeanRegistry.getSingleton(DefaultSingletonBeanRegistry.java:373) ~[spring-beans-6.2.9.jar!/:6.2.9]
2026-02-02T13:52:00.093460932Z [inf]  	at org.springframework.beans.factory.support.AbstractBeanFactory.doGetBean(AbstractBeanFactory.java:337) ~[spring-beans-6.2.9.jar!/:6.2.9]
2026-02-02T13:52:00.093479571Z [inf]  	at org.springframework.beans.factory.support.AbstractBeanFactory.getBean(AbstractBeanFactory.java:202) ~[spring-beans-6.2.9.jar!/:6.2.9]
2026-02-02T13:52:00.093488290Z [inf]  	at org.springframework.beans.factory.support.BeanDefinitionValueResolver.resolveReference(BeanDefinitionValueResolver.java:365) ~[spring-beans-6.2.9.jar!/:6.2.9]
2026-02-02T13:52:00.093494635Z [inf]  	... 86 common frames omitted
2026-02-02T13:52:00.093500721Z [inf]  Caused by: org.springframework.beans.factory.BeanCreationException: Error creating bean with name 'entityManagerFactory' defined in class path resource [org/springframework/boot/autoconfigure/orm/jpa/HibernateJpaConfiguration.class]: [PersistenceUnit: default] Unable to build Hibernate SessionFactory; nested exception is org.hibernate.exception.JDBCConnectionException: Unable to open JDBC Connection for DDL execution [Cannot load connection class because of underlying exception: com.mysql.cj.exceptions.WrongArgumentException: Malformed database URL, failed to parse the main URL sections.] [n/a]
2026-02-02T13:52:00.093507647Z [inf]  	at org.springframework.beans.factory.support.AbstractAutowireCapableBeanFactory.initializeBean(AbstractAutowireCapableBeanFactory.java:1826) ~[spring-beans-6.2.9.jar!/:6.2.9]
2026-02-02T13:52:00.093513961Z [inf]  	at org.springframework.beans.factory.support.AbstractAutowireCapableBeanFactory.doCreateBean(AbstractAutowireCapableBeanFactory.java:607) ~[spring-beans-6.2.9.jar!/:6.2.9]
2026-02-02T13:52:00.093520190Z [inf]  	at org.springframework.beans.factory.support.AbstractAutowireCapableBeanFactory.createBean(AbstractAutowireCapableBeanFactory.java:529) ~[spring-beans-6.2.9.jar!/:6.2.9]
2026-02-02T13:52:00.093525984Z [inf]  	at org.springframework.beans.factory.support.AbstractBeanFactory.lambda$doGetBean$0(AbstractBeanFactory.java:339) ~[spring-beans-6.2.9.jar!/:6.2.9]
2026-02-02T13:52:00.095190303Z [inf]  	at org.springframework.beans.factory.support.DefaultSingletonBeanRegistry.getSingleton(DefaultSingletonBeanRegistry.java:373) ~[spring-beans-6.2.9.jar!/:6.2.9]
2026-02-02T13:52:00.095200457Z [inf]  	at org.springframework.beans.factory.support.AbstractBeanFactory.doGetBean(AbstractBeanFactory.java:337) ~[spring-beans-6.2.9.jar!/:6.2.9]
2026-02-02T13:52:00.095207699Z [inf]  	at org.springframework.beans.factory.support.AbstractBeanFactory.getBean(AbstractBeanFactory.java:202) ~[spring-beans-6.2.9.jar!/:6.2.9]
2026-02-02T13:52:00.095213666Z [inf]  	at org.springframework.beans.factory.support.BeanDefinitionValueResolver.resolveReference(BeanDefinitionValueResolver.java:365) ~[spring-beans-6.2.9.jar!/:6.2.9]
2026-02-02T13:52:00.095223231Z [inf]  	... 98 common frames omitted
2026-02-02T13:52:00.095229864Z [inf]  Caused by: jakarta.persistence.PersistenceException: [PersistenceUnit: default] Unable to build Hibernate SessionFactory; nested exception is org.hibernate.exception.JDBCConnectionException: Unable to open JDBC Connection for DDL execution [Cannot load connection class because of underlying exception: com.mysql.cj.exceptions.WrongArgumentException: Malformed database URL, failed to parse the main URL sections.] [n/a]
2026-02-02T13:52:00.095235582Z [inf]  	at org.springframework.orm.jpa.AbstractEntityManagerFactoryBean.buildNativeEntityManagerFactory(AbstractEntityManagerFactoryBean.java:431) ~[spring-orm-6.2.9.jar!/:6.2.9]
2026-02-02T13:52:00.095242307Z [inf]  	at org.springframework.orm.jpa.AbstractEntityManagerFactoryBean.afterPropertiesSet(AbstractEntityManagerFactoryBean.java:400) ~[spring-orm-6.2.9.jar!/:6.2.9]
2026-02-02T13:52:00.095248364Z [inf]  	at org.springframework.orm.jpa.LocalContainerEntityManagerFactoryBean.afterPropertiesSet(LocalContainerEntityManagerFactoryBean.java:366) ~[spring-orm-6.2.9.jar!/:6.2.9]
2026-02-02T13:52:00.095254950Z [inf]  	at org.springframework.beans.factory.support.AbstractAutowireCapableBeanFactory.invokeInitMethods(AbstractAutowireCapableBeanFactory.java:1873) ~[spring-beans-6.2.9.jar!/:6.2.9]
2026-02-02T13:52:00.096897127Z [inf]  	at org.springframework.beans.factory.support.AbstractAutowireCapableBeanFactory.initializeBean(AbstractAutowireCapableBeanFactory.java:1822) ~[spring-beans-6.2.9.jar!/:6.2.9]
2026-02-02T13:52:00.096904209Z [inf]  	... 105 common frames omitted
2026-02-02T13:52:00.096910978Z [inf]  Caused by: org.hibernate.exception.JDBCConnectionException: Unable to open JDBC Connection for DDL execution [Cannot load connection class because of underlying exception: com.mysql.cj.exceptions.WrongArgumentException: Malformed database URL, failed to parse the main URL sections.] [n/a]
2026-02-02T13:52:00.096915286Z [inf]  	at org.hibernate.exception.internal.SQLExceptionTypeDelegate.convert(SQLExceptionTypeDelegate.java:51) ~[hibernate-core-6.6.22.Final.jar!/:6.6.22.Final]
2026-02-02T13:52:00.096919773Z [inf]  	at org.hibernate.exception.internal.StandardSQLExceptionConverter.convert(StandardSQLExceptionConverter.java:58) ~[hibernate-core-6.6.22.Final.jar!/:6.6.22.Final]
2026-02-02T13:52:00.097118707Z [inf]  	at org.hibernate.engine.jdbc.spi.SqlExceptionHelper.convert(SqlExceptionHelper.java:108) ~[hibernate-core-6.6.22.Final.jar!/:6.6.22.Final]
2026-02-02T13:52:00.097125626Z [inf]  	at org.hibernate.engine.jdbc.spi.SqlExceptionHelper.convert(SqlExceptionHelper.java:94) ~[hibernate-core-6.6.22.Final.jar!/:6.6.22.Final]
2026-02-02T13:52:00.097132499Z [inf]  	at org.hibernate.resource.transaction.backend.jdbc.internal.DdlTransactionIsolatorNonJtaImpl.getIsolatedConnection(DdlTransactionIsolatorNonJtaImpl.java:74) ~[hibernate-core-6.6.22.Final.jar!/:6.6.22.Final]
2026-02-02T13:52:00.097139159Z [inf]  	at org.hibernate.resource.transaction.backend.jdbc.internal.DdlTransactionIsolatorNonJtaImpl.getIsolatedConnection(DdlTransactionIsolatorNonJtaImpl.java:39) ~[hibernate-core-6.6.22.Final.jar!/:6.6.22.Final]
2026-02-02T13:52:00.097145367Z [inf]  	at org.hibernate.tool.schema.internal.exec.ImprovedExtractionContextImpl.getJdbcConnection(ImprovedExtractionContextImpl.java:63) ~[hibernate-core-6.6.22.Final.jar!/:6.6.22.Final]
2026-02-02T13:52:00.101664476Z [inf]  	at org.hibernate.tool.schema.internal.exec.ImprovedExtractionContextImpl.getJdbcDatabaseMetaData(ImprovedExtractionContextImpl.java:70) ~[hibernate-core-6.6.22.Final.jar!/:6.6.22.Final]
2026-02-02T13:52:00.101684629Z [inf]  	at org.hibernate.tool.schema.extract.internal.InformationExtractorJdbcDatabaseMetaDataImpl.processTableResultSet(InformationExtractorJdbcDatabaseMetaDataImpl.java:65) ~[hibernate-core-6.6.22.Final.jar!/:6.6.22.Final]
2026-02-02T13:52:00.101689216Z [inf]  	at org.hibernate.tool.schema.extract.internal.AbstractInformationExtractorImpl.getTables(AbstractInformationExtractorImpl.java:570) ~[hibernate-core-6.6.22.Final.jar!/:6.6.22.Final]
2026-02-02T13:52:00.101693131Z [inf]  	at org.hibernate.tool.schema.extract.internal.DatabaseInformationImpl.getTablesInformation(DatabaseInformationImpl.java:122) ~[hibernate-core-6.6.22.Final.jar!/:6.6.22.Final]
2026-02-02T13:52:00.101697072Z [inf]  	at org.hibernate.tool.schema.internal.GroupedSchemaMigratorImpl.performTablesMigration(GroupedSchemaMigratorImpl.java:72) ~[hibernate-core-6.6.22.Final.jar!/:6.6.22.Final]
2026-02-02T13:52:00.101701025Z [inf]  	at org.hibernate.tool.schema.internal.AbstractSchemaMigrator.performMigration(AbstractSchemaMigrator.java:233) ~[hibernate-core-6.6.22.Final.jar!/:6.6.22.Final]
2026-02-02T13:52:00.101705588Z [inf]  	at org.hibernate.tool.schema.internal.AbstractSchemaMigrator.doMigration(AbstractSchemaMigrator.java:112) ~[hibernate-core-6.6.22.Final.jar!/:6.6.22.Final]
2026-02-02T13:52:00.101709310Z [inf]  	at org.hibernate.tool.schema.spi.SchemaManagementToolCoordinator.performDatabaseAction(SchemaManagementToolCoordinator.java:280) ~[hibernate-core-6.6.22.Final.jar!/:6.6.22.Final]
2026-02-02T13:52:00.101713081Z [inf]  	at org.hibernate.tool.schema.spi.SchemaManagementToolCoordinator.lambda$process$5(SchemaManagementToolCoordinator.java:144) ~[hibernate-core-6.6.22.Final.jar!/:6.6.22.Final]
2026-02-02T13:52:00.101717067Z [inf]  	at java.base/java.util.HashMap.forEach(HashMap.java:1429) ~[na:na]
2026-02-02T13:52:00.102322147Z [inf]  	at org.hibernate.tool.schema.spi.SchemaManagementToolCoordinator.process(SchemaManagementToolCoordinator.java:141) ~[hibernate-core-6.6.22.Final.jar!/:6.6.22.Final]
2026-02-02T13:52:00.102327014Z [inf]  	at org.hibernate.boot.internal.SessionFactoryObserverForSchemaExport.sessionFactoryCreated(SessionFactoryObserverForSchemaExport.java:37) ~[hibernate-core-6.6.22.Final.jar!/:6.6.22.Final]
2026-02-02T13:52:00.102332470Z [inf]  	at org.hibernate.internal.SessionFactoryObserverChain.sessionFactoryCreated(SessionFactoryObserverChain.java:35) ~[hibernate-core-6.6.22.Final.jar!/:6.6.22.Final]
2026-02-02T13:52:00.102338537Z [inf]  	at org.hibernate.internal.SessionFactoryImpl.<init>(SessionFactoryImpl.java:324) ~[hibernate-core-6.6.22.Final.jar!/:6.6.22.Final]
2026-02-02T13:52:00.102347061Z [inf]  	at org.hibernate.boot.internal.SessionFactoryBuilderImpl.build(SessionFactoryBuilderImpl.java:463) ~[hibernate-core-6.6.22.Final.jar!/:6.6.22.Final]
2026-02-02T13:52:00.102355472Z [inf]  	at org.hibernate.jpa.boot.internal.EntityManagerFactoryBuilderImpl.build(EntityManagerFactoryBuilderImpl.java:1517) ~[hibernate-core-6.6.22.Final.jar!/:6.6.22.Final]
2026-02-02T13:52:00.102362391Z [inf]  	at org.springframework.orm.jpa.vendor.SpringHibernateJpaPersistenceProvider.createContainerEntityManagerFactory(SpringHibernateJpaPersistenceProvider.java:66) ~[spring-orm-6.2.9.jar!/:6.2.9]
2026-02-02T13:52:00.102367460Z [inf]  	at org.springframework.orm.jpa.LocalContainerEntityManagerFactoryBean.createNativeEntityManagerFactory(LocalContainerEntityManagerFactoryBean.java:390) ~[spring-orm-6.2.9.jar!/:6.2.9]
2026-02-02T13:52:00.102372990Z [inf]  	at org.springframework.orm.jpa.AbstractEntityManagerFactoryBean.buildNativeEntityManagerFactory(AbstractEntityManagerFactoryBean.java:419) ~[spring-orm-6.2.9.jar!/:6.2.9]
2026-02-02T13:52:00.102378490Z [inf]  	... 109 common frames omitted
2026-02-02T13:52:00.102384360Z [inf]  Caused by: java.sql.SQLNonTransientConnectionException: Cannot load connection class because of underlying exception: com.mysql.cj.exceptions.WrongArgumentException: Malformed database URL, failed to parse the main URL sections.
2026-02-02T13:52:00.104981612Z [inf]  	at com.mysql.cj.jdbc.NonRegisteringDriver.connect(NonRegisteringDriver.java:203) ~[mysql-connector-j-9.3.0.jar!/:9.3.0]
2026-02-02T13:52:00.104997662Z [inf]  	at com.zaxxer.hikari.util.DriverDataSource.getConnection(DriverDataSource.java:137) ~[HikariCP-5.1.0.jar!/:na]
2026-02-02T13:52:00.105008780Z [inf]  	at com.zaxxer.hikari.pool.PoolBase.newConnection(PoolBase.java:360) ~[HikariCP-5.1.0.jar!/:na]
2026-02-02T13:52:00.105015989Z [inf]  	at com.zaxxer.hikari.pool.PoolBase.newPoolEntry(PoolBase.java:202) ~[HikariCP-5.1.0.jar!/:na]
2026-02-02T13:52:00.105021595Z [inf]  	at com.zaxxer.hikari.pool.HikariPool.createPoolEntry(HikariPool.java:461) ~[HikariCP-5.1.0.jar!/:na]
2026-02-02T13:52:00.105027743Z [inf]  	at com.zaxxer.hikari.pool.HikariPool.checkFailFast(HikariPool.java:550) ~[HikariCP-5.1.0.jar!/:na]
2026-02-02T13:52:00.105044547Z [inf]  	at com.mysql.cj.jdbc.exceptions.SQLError.createSQLException(SQLError.java:102) ~[mysql-connector-j-9.3.0.jar!/:9.3.0]
2026-02-02T13:52:00.105052034Z [inf]  	at com.mysql.cj.jdbc.exceptions.SQLError.createSQLException(SQLError.java:89) ~[mysql-connector-j-9.3.0.jar!/:9.3.0]
2026-02-02T13:52:00.105059836Z [inf]  	at com.mysql.cj.jdbc.exceptions.SQLError.createSQLException(SQLError.java:81) ~[mysql-connector-j-9.3.0.jar!/:9.3.0]
2026-02-02T13:52:00.105067176Z [inf]  	at com.mysql.cj.jdbc.exceptions.SQLError.createSQLException(SQLError.java:55) ~[mysql-connector-j-9.3.0.jar!/:9.3.0]
2026-02-02T13:52:00.105074794Z [inf]  	at com.mysql.cj.jdbc.exceptions.SQLError.createSQLException(SQLError.java:65) ~[mysql-connector-j-9.3.0.jar!/:9.3.0]
2026-02-02T13:52:00.105082476Z [inf]  	at com.mysql.cj.jdbc.exceptions.SQLExceptionsMapping.translateException(SQLExceptionsMapping.java:70) ~[mysql-connector-j-9.3.0.jar!/:9.3.0]
2026-02-02T13:52:00.105089426Z [inf]  	at com.mysql.cj.jdbc.exceptions.SQLExceptionsMapping.translateException(SQLExceptionsMapping.java:123) ~[mysql-connector-j-9.3.0.jar!/:9.3.0]
2026-02-02T13:52:00.107585048Z [inf]  	at com.zaxxer.hikari.pool.HikariPool.<init>(HikariPool.java:98) ~[HikariCP-5.1.0.jar!/:na]
2026-02-02T13:52:00.107595925Z [inf]  	at com.zaxxer.hikari.HikariDataSource.getConnection(HikariDataSource.java:111) ~[HikariCP-5.1.0.jar!/:na]
2026-02-02T13:52:00.107602271Z [inf]  	at org.hibernate.engine.jdbc.connections.internal.DatasourceConnectionProviderImpl.getConnection(DatasourceConnectionProviderImpl.java:126) ~[hibernate-core-6.6.22.Final.jar!/:6.6.22.Final]
2026-02-02T13:52:00.107607692Z [inf]  	at org.hibernate.engine.jdbc.env.internal.JdbcEnvironmentInitiator$ConnectionProviderJdbcConnectionAccess.obtainConnection(JdbcEnvironmentInitiator.java:483) ~[hibernate-core-6.6.22.Final.jar!/:6.6.22.Final]
2026-02-02T13:52:00.107613372Z [inf]  	at org.hibernate.resource.transaction.backend.jdbc.internal.DdlTransactionIsolatorNonJtaImpl.getIsolatedConnection(DdlTransactionIsolatorNonJtaImpl.java:46) ~[hibernate-core-6.6.22.Final.jar!/:6.6.22.Final]
2026-02-02T13:52:00.107620048Z [inf]  	... 130 common frames omitted
2026-02-02T13:52:00.107626098Z [inf]  Caused by: com.mysql.cj.exceptions.UnableToConnectException: Cannot load connection class because of underlying exception: com.mysql.cj.exceptions.WrongArgumentException: Malformed database URL, failed to parse the main URL sections.
2026-02-02T13:52:00.107632706Z [inf]  	at java.base/jdk.internal.reflect.DirectConstructorHandleAccessor.newInstance(DirectConstructorHandleAccessor.java:62) ~[na:na]
2026-02-02T13:52:00.107638557Z [inf]  	at java.base/java.lang.reflect.Constructor.newInstanceWithCaller(Constructor.java:502) ~[na:na]
2026-02-02T13:52:00.107644498Z [inf]  	at java.base/java.lang.reflect.Constructor.newInstance(Constructor.java:486) ~[na:na]
2026-02-02T13:52:00.107652148Z [inf]  	at com.mysql.cj.exceptions.ExceptionFactory.createException(ExceptionFactory.java:52) ~[mysql-connector-j-9.3.0.jar!/:9.3.0]
2026-02-02T13:52:00.107658671Z [inf]  	at com.mysql.cj.exceptions.ExceptionFactory.createException(ExceptionFactory.java:95) ~[mysql-connector-j-9.3.0.jar!/:9.3.0]
2026-02-02T13:52:00.108797886Z [inf]  	... 141 common frames omitted
2026-02-02T13:52:00.108810608Z [inf]  Caused by: com.mysql.cj.exceptions.WrongArgumentException: Malformed database URL, failed to parse the main URL sections.
2026-02-02T13:52:00.108818470Z [inf]  	at java.base/jdk.internal.reflect.DirectConstructorHandleAccessor.newInstance(DirectConstructorHandleAccessor.java:62) ~[na:na]
2026-02-02T13:52:00.108825554Z [inf]  	at java.base/java.lang.reflect.Constructor.newInstanceWithCaller(Constructor.java:502) ~[na:na]
2026-02-02T13:52:00.108832034Z [inf]  	at java.base/java.lang.reflect.Constructor.newInstance(Constructor.java:486) ~[na:na]
2026-02-02T13:52:00.108838743Z [inf]  	at com.mysql.cj.exceptions.ExceptionFactory.createException(ExceptionFactory.java:52) ~[mysql-connector-j-9.3.0.jar!/:9.3.0]
2026-02-02T13:52:00.108844606Z [inf]  	at com.mysql.cj.conf.ConnectionUrlParser.parseConnectionString(ConnectionUrlParser.java:155) ~[mysql-connector-j-9.3.0.jar!/:9.3.0]
2026-02-02T13:52:00.108851100Z [inf]  	at com.mysql.cj.conf.ConnectionUrlParser.<init>(ConnectionUrlParser.java:129) ~[mysql-connector-j-9.3.0.jar!/:9.3.0]
2026-02-02T13:52:00.108858456Z [inf]  	at com.mysql.cj.conf.ConnectionUrlParser.parseConnectionString(ConnectionUrlParser.java:111) ~[mysql-connector-j-9.3.0.jar!/:9.3.0]
2026-02-02T13:52:00.108865101Z [inf]  	at com.mysql.cj.conf.ConnectionUrl.getConnectionUrlInstance(ConnectionUrl.java:281) ~[mysql-connector-j-9.3.0.jar!/:9.3.0]
2026-02-02T13:52:00.108872571Z [inf]  	at com.mysql.cj.jdbc.NonRegisteringDriver.connect(NonRegisteringDriver.java:177) ~[mysql-connector-j-9.3.0.jar!/:9.3.0]
2026-02-02T13:52:00.108878851Z [inf]  	... 140 common frames omitted
2026-02-02T13:52:00.108885079Z [inf]  